// Jest Snapshot v1, https://goo.gl/fbAQLP

exports[`offset - environment/weather offsets list should have required properties 1`] = `
Object {
  "OAT": Offset {
    "category": "weather",
    "convert": "Math.round({VAL} / 256)",
    "description": "current outside air temperature (OAT) - celsius",
    "length": undefined,
    "mapping": undefined,
    "name": "OAT",
    "permission": "r",
    "type": 2,
    "value": 3724,
  },
  "ambientAirDensity": Offset {
    "category": "weather",
    "convert": undefined,
    "description": "ambient air density - slug / sq ft",
    "length": undefined,
    "mapping": undefined,
    "name": "ambientAirDensity",
    "permission": "r",
    "type": 8,
    "value": 10432,
  },
  "ambientAirPressure": Offset {
    "category": "weather",
    "convert": undefined,
    "description": "ambient air pressure - lbs / sq ft",
    "length": undefined,
    "mapping": undefined,
    "name": "ambientAirPressure",
    "permission": "r",
    "type": 8,
    "value": 10440,
  },
  "cloudCoverageAtAircraftAltitude": Offset {
    "category": "weather",
    "convert": undefined,
    "description": "cloud coverage at aircraft atltitude - okta",
    "length": undefined,
    "mapping": undefined,
    "name": "cloudCoverageAtAircraftAltitude",
    "permission": "r",
    "type": 0,
    "value": 3717,
  },
  "cloudHighCoverage": Offset {
    "category": "weather",
    "convert": undefined,
    "description": "cloud high coverage - octa",
    "length": undefined,
    "mapping": undefined,
    "name": "cloudHighCoverage",
    "permission": "r",
    "type": 0,
    "value": 1231,
  },
  "cloudIcingAtAircraftAltitude": Offset {
    "category": "weather",
    "convert": undefined,
    "description": "cloud icing at aircraft atltitude - 0-4",
    "length": undefined,
    "mapping": undefined,
    "name": "cloudIcingAtAircraftAltitude",
    "permission": "r",
    "type": 5,
    "value": 3718,
  },
  "cloudLowCoverage": Offset {
    "category": "weather",
    "convert": undefined,
    "description": "cloud low coverage - octa",
    "length": undefined,
    "mapping": undefined,
    "name": "cloudLowCoverage",
    "permission": "r",
    "type": 0,
    "value": 1230,
  },
  "cloudThunderCoverage": Offset {
    "category": "weather",
    "convert": undefined,
    "description": "cloud thunder coverage - octa",
    "length": undefined,
    "mapping": undefined,
    "name": "cloudThunderCoverage",
    "permission": "r",
    "type": 0,
    "value": 1229,
  },
  "cloudTurbulenceAtAircraftAltitude": Offset {
    "category": "weather",
    "convert": undefined,
    "description": "cloud turbulence at aircraft atltitude - 0-255",
    "length": undefined,
    "mapping": undefined,
    "name": "cloudTurbulenceAtAircraftAltitude",
    "permission": "r",
    "type": 5,
    "value": 3720,
  },
  "cloudTypeAtAircraftAltitude": Offset {
    "category": "weather",
    "convert": undefined,
    "description": "cloud type at aircraft atltitude - 0-10",
    "length": undefined,
    "mapping": undefined,
    "name": "cloudTypeAtAircraftAltitude",
    "permission": "r",
    "type": 0,
    "value": 3716,
  },
  "dewPoint": Offset {
    "category": "weather",
    "convert": "{VAL} / 256",
    "description": "dew point - FS2000+",
    "length": undefined,
    "mapping": undefined,
    "name": "dewPoint",
    "permission": "r",
    "type": 2,
    "value": 1224,
  },
  "dewPointControl": Offset {
    "category": "weather",
    "convert": undefined,
    "description": "degrees / 256 - 0x8000 release control",
    "length": undefined,
    "mapping": undefined,
    "name": "dewPointControl",
    "permission": "w",
    "type": 5,
    "value": 1236,
  },
  "interpolatedDewPoint": Offset {
    "category": "weather",
    "convert": "Math.round({VAL} / 256)",
    "description": "dew point interpolated for aircraft altitude - celsius",
    "length": undefined,
    "mapping": undefined,
    "name": "interpolatedDewPoint",
    "permission": "r",
    "type": 2,
    "value": 3726,
  },
  "lowerCloudBase": Offset {
    "category": "weather",
    "convert": "+({VAL} * 3.28084).toFixed(2)",
    "description": "lower cloud layer base - ft",
    "length": undefined,
    "mapping": undefined,
    "name": "lowerCloudBase",
    "permission": "r",
    "type": 5,
    "value": 3748,
  },
  "lowerCloudBaseSetting": Offset {
    "category": "weather",
    "convert": "+({VAL} * 3.28084).toFixed(2)",
    "description": "lower cloud layer base - ft - setting",
    "length": undefined,
    "mapping": undefined,
    "name": "lowerCloudBaseSetting",
    "permission": "rw",
    "type": 5,
    "value": 3878,
  },
  "lowerCloudCeiling": Offset {
    "category": "weather",
    "convert": "+({VAL} * 3.28084).toFixed(2)",
    "description": "lower cloud layer ceiling - ft",
    "length": undefined,
    "mapping": undefined,
    "name": "lowerCloudCeiling",
    "permission": "r",
    "type": 5,
    "value": 3746,
  },
  "lowerCloudCeilingSetting": Offset {
    "category": "weather",
    "convert": "+({VAL} * 3.28084).toFixed(2)",
    "description": "lower cloud layer ceiling - ft - setting",
    "length": undefined,
    "mapping": undefined,
    "name": "lowerCloudCeilingSetting",
    "permission": "rw",
    "type": 5,
    "value": 3876,
  },
  "lowerCloudCoverage": Offset {
    "category": "weather",
    "convert": "Math.round(({VAL} + 1) / 8192)",
    "description": "lower cloud layer coverage - oktas",
    "length": undefined,
    "mapping": undefined,
    "name": "lowerCloudCoverage",
    "permission": "r",
    "type": 5,
    "value": 3750,
  },
  "lowerCloudCoverageSetting": Offset {
    "category": "weather",
    "convert": "Math.round(({VAL} + 1) / 8192)",
    "description": "lower cloud layer coverage - oktas - setting",
    "length": undefined,
    "mapping": undefined,
    "name": "lowerCloudCoverageSetting",
    "permission": "rw",
    "type": 5,
    "value": 3880,
  },
  "lowerCloudIcing": Offset {
    "category": "weather",
    "convert": "!!{VAL}",
    "description": "lower cloud icing",
    "length": undefined,
    "mapping": undefined,
    "name": "lowerCloudIcing",
    "permission": "r",
    "type": 5,
    "value": 3840,
  },
  "lowerCloudIcingSetting": Offset {
    "category": "weather",
    "convert": "!!{VAL}",
    "description": "lower cloud icing - setting",
    "length": undefined,
    "mapping": undefined,
    "name": "lowerCloudIcingSetting",
    "permission": "rw",
    "type": 5,
    "value": 3970,
  },
  "lowerCloudTurbulence": Offset {
    "category": "weather",
    "convert": undefined,
    "description": "lower cloud turbulence - 0-255",
    "length": undefined,
    "mapping": undefined,
    "name": "lowerCloudTurbulence",
    "permission": "r",
    "type": 5,
    "value": 3842,
  },
  "lowerCloudTurbulenceSetting": Offset {
    "category": "weather",
    "convert": undefined,
    "description": "lower cloud turbulence - 0-255 - setting",
    "length": undefined,
    "mapping": undefined,
    "name": "lowerCloudTurbulenceSetting",
    "permission": "rw",
    "type": 5,
    "value": 3972,
  },
  "lowerCloudType": Offset {
    "category": "weather",
    "convert": "cloudType",
    "description": "lower cloud type",
    "length": undefined,
    "mapping": true,
    "name": "lowerCloudType",
    "permission": "r",
    "type": 5,
    "value": 3838,
  },
  "lowerCloudTypeSetting": Offset {
    "category": "weather",
    "convert": "cloudType",
    "description": "lower cloud type - setting",
    "length": undefined,
    "mapping": true,
    "name": "lowerCloudTypeSetting",
    "permission": "rw",
    "type": 5,
    "value": 3968,
  },
  "lowerCloudVariation": Offset {
    "category": "weather",
    "convert": "+({VAL} * 3.28084).toFixed(2)",
    "description": "lower cloud layer variation - ft",
    "length": undefined,
    "mapping": undefined,
    "name": "lowerCloudVariation",
    "permission": "r",
    "type": 5,
    "value": 3752,
  },
  "lowerCloudVariationSetting": Offset {
    "category": "weather",
    "convert": "+({VAL} * 3.28084).toFixed(2)",
    "description": "lower cloud layer variation - ft - setting",
    "length": undefined,
    "mapping": undefined,
    "name": "lowerCloudVariationSetting",
    "permission": "rw",
    "type": 5,
    "value": 3882,
  },
  "lowerTemperature": Offset {
    "category": "weather",
    "convert": "Math.round({VAL} / 256)",
    "description": "lower temperature - degrees C",
    "length": undefined,
    "mapping": undefined,
    "name": "lowerTemperature",
    "permission": "r",
    "type": 2,
    "value": 3772,
  },
  "lowerTemperatureLevel": Offset {
    "category": "weather",
    "convert": "+({VAL} * 3.28084).toFixed(2)",
    "description": "lower temperature level - ft",
    "length": undefined,
    "mapping": undefined,
    "name": "lowerTemperatureLevel",
    "permission": "r",
    "type": 5,
    "value": 3770,
  },
  "lowerTemperatureLevelSetting": Offset {
    "category": "weather",
    "convert": "+({VAL} * 3.28084).toFixed(2)",
    "description": "lower temperature level - ft - setting",
    "length": undefined,
    "mapping": undefined,
    "name": "lowerTemperatureLevelSetting",
    "permission": "rw",
    "type": 5,
    "value": 3900,
  },
  "lowerTemperatureSetting": Offset {
    "category": "weather",
    "convert": "Math.round({VAL} / 256)",
    "description": "lower temperature - degrees C - setting",
    "length": undefined,
    "mapping": undefined,
    "name": "lowerTemperatureSetting",
    "permission": "rw",
    "type": 2,
    "value": 3902,
  },
  "lowerWindBase": Offset {
    "category": "weather",
    "convert": "+({VAL} * 3.28084).toFixed(2)",
    "description": "lower wind ceiling - ft",
    "length": undefined,
    "mapping": undefined,
    "name": "lowerWindBase",
    "permission": "r",
    "type": 5,
    "value": 3812,
  },
  "lowerWindBaseSetting": Offset {
    "category": "weather",
    "convert": "+({VAL} * 3.28084).toFixed(2)",
    "description": "lower wind ceiling - ft - setting",
    "length": undefined,
    "mapping": undefined,
    "name": "lowerWindBaseSetting",
    "permission": "rw",
    "type": 5,
    "value": 3942,
  },
  "lowerWindCeiling": Offset {
    "category": "weather",
    "convert": "+({VAL} * 3.28084).toFixed(2)",
    "description": "lower wind ceiling - ft",
    "length": undefined,
    "mapping": undefined,
    "name": "lowerWindCeiling",
    "permission": "r",
    "type": 5,
    "value": 3810,
  },
  "lowerWindCeilingSetting": Offset {
    "category": "weather",
    "convert": "+({VAL} * 3.28084).toFixed(2)",
    "description": "lower wind ceiling - ft - setting",
    "length": undefined,
    "mapping": undefined,
    "name": "lowerWindCeilingSetting",
    "permission": "rw",
    "type": 5,
    "value": 3940,
  },
  "lowerWindDirection": Offset {
    "category": "weather",
    "convert": "+({VAL} * 360 / 65536).toFixed(2)",
    "description": "lower wind ceiling - TRUE degrees",
    "length": undefined,
    "mapping": undefined,
    "name": "lowerWindDirection",
    "permission": "r",
    "type": 5,
    "value": 3816,
  },
  "lowerWindDirectionSetting": Offset {
    "category": "weather",
    "convert": "+({VAL} * 360 / 65536).toFixed(2)",
    "description": "lower wind ceiling - TRUE degrees - setting",
    "length": undefined,
    "mapping": undefined,
    "name": "lowerWindDirectionSetting",
    "permission": "rw",
    "type": 5,
    "value": 3946,
  },
  "lowerWindGustEnabled": Offset {
    "category": "weather",
    "convert": "!!{VAL}",
    "description": "lower wind gust enabled",
    "length": undefined,
    "mapping": undefined,
    "name": "lowerWindGustEnabled",
    "permission": "r",
    "type": 2,
    "value": 3820,
  },
  "lowerWindGustEnabledSetting": Offset {
    "category": "weather",
    "convert": "!!{VAL}",
    "description": "lower wind gust enabled - setting",
    "length": undefined,
    "mapping": undefined,
    "name": "lowerWindGustEnabledSetting",
    "permission": "rw",
    "type": 2,
    "value": 3950,
  },
  "lowerWindSpeed": Offset {
    "category": "weather",
    "convert": undefined,
    "description": "lower wind ceiling - kt",
    "length": undefined,
    "mapping": undefined,
    "name": "lowerWindSpeed",
    "permission": "r",
    "type": 5,
    "value": 3814,
  },
  "lowerWindSpeedSetting": Offset {
    "category": "weather",
    "convert": undefined,
    "description": "lower wind ceiling - kt - setting",
    "length": undefined,
    "mapping": undefined,
    "name": "lowerWindSpeedSetting",
    "permission": "rw",
    "type": 5,
    "value": 3944,
  },
  "lowerWindTurbulence": Offset {
    "category": "weather",
    "convert": undefined,
    "description": "lower wind turbulence - 0-255",
    "length": undefined,
    "mapping": undefined,
    "name": "lowerWindTurbulence",
    "permission": "r",
    "type": 5,
    "value": 3818,
  },
  "lowerWindTurbulenceSetting": Offset {
    "category": "weather",
    "convert": undefined,
    "description": "lower wind turbulence - 0-255 - setting",
    "length": undefined,
    "mapping": undefined,
    "name": "lowerWindTurbulenceSetting",
    "permission": "rw",
    "type": 5,
    "value": 3948,
  },
  "metarBarometricDrift": Offset {
    "category": "weather",
    "convert": "{VAL} / 16",
    "description": "METAR barometric drift - difference between aircraft/METAR QNH. Adding drift will give correct value for ATIS report",
    "length": undefined,
    "mapping": undefined,
    "name": "metarBarometricDrift",
    "permission": "r",
    "type": 5,
    "value": 1212,
  },
  "metarCloudBaseHigh": Offset {
    "category": "weather",
    "convert": "+({VAL} * 3.28084).toFixed(2)",
    "description": "METAR cloud base high - ft",
    "length": undefined,
    "mapping": undefined,
    "name": "metarCloudBaseHigh",
    "permission": "r",
    "type": 5,
    "value": 1222,
  },
  "metarCloudBaseLow": Offset {
    "category": "weather",
    "convert": "+({VAL} * 3.28084).toFixed(2)",
    "description": "METAR cloud base low - ft",
    "length": undefined,
    "mapping": undefined,
    "name": "metarCloudBaseLow",
    "permission": "r",
    "type": 5,
    "value": 1220,
  },
  "metarCloudThunderBase": Offset {
    "category": "weather",
    "convert": "+({VAL} * 3.28084).toFixed(2)",
    "description": "METAR visibility - ft",
    "length": undefined,
    "mapping": undefined,
    "name": "metarCloudThunderBase",
    "permission": "r",
    "type": 5,
    "value": 1218,
  },
  "metarStationAltitude": Offset {
    "category": "weather",
    "convert": "+({VAL} * 3.28084).toFixed(2)",
    "description": "METAR station altitude - ft",
    "length": undefined,
    "mapping": undefined,
    "name": "metarStationAltitude",
    "permission": "r",
    "type": 5,
    "value": 1204,
  },
  "metarVisibility": Offset {
    "category": "weather",
    "convert": "{VAL} / 100",
    "description": "METAR visibility - sm",
    "length": undefined,
    "mapping": undefined,
    "name": "metarVisibility",
    "permission": "r",
    "type": 5,
    "value": 1216,
  },
  "middleTemperature": Offset {
    "category": "weather",
    "convert": "Math.round({VAL} / 256)",
    "description": "middle temperature - degrees C",
    "length": undefined,
    "mapping": undefined,
    "name": "middleTemperature",
    "permission": "r",
    "type": 2,
    "value": 3768,
  },
  "middleTemperatureLevel": Offset {
    "category": "weather",
    "convert": "+({VAL} * 3.28084).toFixed(2)",
    "description": "middle temperature level - ft",
    "length": undefined,
    "mapping": undefined,
    "name": "middleTemperatureLevel",
    "permission": "r",
    "type": 5,
    "value": 3766,
  },
  "middleTemperatureLevelSetting": Offset {
    "category": "weather",
    "convert": "+({VAL} * 3.28084).toFixed(2)",
    "description": "middle temperature level - ft - setting",
    "length": undefined,
    "mapping": undefined,
    "name": "middleTemperatureLevelSetting",
    "permission": "rw",
    "type": 5,
    "value": 3896,
  },
  "middleTemperatureSetting": Offset {
    "category": "weather",
    "convert": "Math.round({VAL} / 256)",
    "description": "middle temperature - degrees C - setting",
    "length": undefined,
    "mapping": undefined,
    "name": "middleTemperatureSetting",
    "permission": "rw",
    "type": 2,
    "value": 3898,
  },
  "middleWindBase": Offset {
    "category": "weather",
    "convert": "+({VAL} * 3.28084).toFixed(2)",
    "description": "middle wind ceiling - ft",
    "length": undefined,
    "mapping": undefined,
    "name": "middleWindBase",
    "permission": "r",
    "type": 5,
    "value": 3800,
  },
  "middleWindBaseSetting": Offset {
    "category": "weather",
    "convert": "+({VAL} * 3.28084).toFixed(2)",
    "description": "middle wind ceiling - ft - setting",
    "length": undefined,
    "mapping": undefined,
    "name": "middleWindBaseSetting",
    "permission": "rw",
    "type": 5,
    "value": 3930,
  },
  "middleWindCeiling": Offset {
    "category": "weather",
    "convert": "+({VAL} * 3.28084).toFixed(2)",
    "description": "middle wind ceiling - ft",
    "length": undefined,
    "mapping": undefined,
    "name": "middleWindCeiling",
    "permission": "r",
    "type": 5,
    "value": 3798,
  },
  "middleWindCeilingSetting": Offset {
    "category": "weather",
    "convert": "+({VAL} * 3.28084).toFixed(2)",
    "description": "middle wind ceiling - ft - setting",
    "length": undefined,
    "mapping": undefined,
    "name": "middleWindCeilingSetting",
    "permission": "rw",
    "type": 5,
    "value": 3928,
  },
  "middleWindDirection": Offset {
    "category": "weather",
    "convert": "+({VAL} * 360 / 65536).toFixed(2)",
    "description": "middle wind ceiling - TRUE degrees",
    "length": undefined,
    "mapping": undefined,
    "name": "middleWindDirection",
    "permission": "r",
    "type": 5,
    "value": 3804,
  },
  "middleWindDirectionSetting": Offset {
    "category": "weather",
    "convert": "+({VAL} * 360 / 65536).toFixed(2)",
    "description": "middle wind ceiling - TRUE degrees - setting",
    "length": undefined,
    "mapping": undefined,
    "name": "middleWindDirectionSetting",
    "permission": "rw",
    "type": 5,
    "value": 3934,
  },
  "middleWindGustEnabled": Offset {
    "category": "weather",
    "convert": "!!{VAL}",
    "description": "middle wind gust enabled",
    "length": undefined,
    "mapping": undefined,
    "name": "middleWindGustEnabled",
    "permission": "r",
    "type": 5,
    "value": 3808,
  },
  "middleWindGustEnabledSetting": Offset {
    "category": "weather",
    "convert": "!!{VAL}",
    "description": "middle wind gust enabled - setting",
    "length": undefined,
    "mapping": undefined,
    "name": "middleWindGustEnabledSetting",
    "permission": "rw",
    "type": 5,
    "value": 3938,
  },
  "middleWindSpeed": Offset {
    "category": "weather",
    "convert": undefined,
    "description": "middle wind ceiling - kt",
    "length": undefined,
    "mapping": undefined,
    "name": "middleWindSpeed",
    "permission": "r",
    "type": 5,
    "value": 3802,
  },
  "middleWindSpeedSetting": Offset {
    "category": "weather",
    "convert": undefined,
    "description": "middle wind ceiling - kt - setting",
    "length": undefined,
    "mapping": undefined,
    "name": "middleWindSpeedSetting",
    "permission": "rw",
    "type": 5,
    "value": 3932,
  },
  "middleWindTurbulence": Offset {
    "category": "weather",
    "convert": undefined,
    "description": "middle wind turbulence - 0-255",
    "length": undefined,
    "mapping": undefined,
    "name": "middleWindTurbulence",
    "permission": "r",
    "type": 5,
    "value": 3806,
  },
  "middleWindTurbulenceSetting": Offset {
    "category": "weather",
    "convert": undefined,
    "description": "middle wind turbulence - 0-255 - setting",
    "length": undefined,
    "mapping": undefined,
    "name": "middleWindTurbulenceSetting",
    "permission": "rw",
    "type": 5,
    "value": 3936,
  },
  "precipitationControl": Offset {
    "category": "weather",
    "convert": undefined,
    "description": "hi-byte type 0-2 - low-byte rate 0-5 - writing 0xFFFF release control",
    "length": undefined,
    "mapping": undefined,
    "name": "precipitationControl",
    "permission": "w",
    "type": 5,
    "value": 1234,
  },
  "precipitationRate": Offset {
    "category": "weather",
    "convert": undefined,
    "description": "precipitation rate - FS2000+ - 0 to 5",
    "length": undefined,
    "mapping": undefined,
    "name": "precipitationRate",
    "permission": "r",
    "type": 0,
    "value": 1224,
  },
  "precipitationType": Offset {
    "category": "weather",
    "convert": "precipitationType",
    "description": "precipitation type - FS2000+ - 0 to 5",
    "length": undefined,
    "mapping": true,
    "name": "precipitationType",
    "permission": "r",
    "type": 0,
    "value": 1228,
  },
  "pressureDrift": Offset {
    "category": "weather",
    "convert": "Math.round({VAL} / 16)",
    "description": "pressure drift - mb",
    "length": undefined,
    "mapping": undefined,
    "name": "pressureDrift",
    "permission": "r",
    "type": 2,
    "value": 3784,
  },
  "pressureDriftSetting": Offset {
    "category": "weather",
    "convert": "Math.round({VAL} / 16)",
    "description": "pressure drift - mb - setting",
    "length": undefined,
    "mapping": undefined,
    "name": "pressureDriftSetting",
    "permission": "rw",
    "type": 2,
    "value": 3914,
  },
  "pressureQNH": Offset {
    "category": "weather",
    "convert": "Math.round({VAL} / 16)",
    "description": "pressure QNH - mb",
    "length": undefined,
    "mapping": undefined,
    "name": "pressureQNH",
    "permission": "r",
    "type": 5,
    "value": 3782,
  },
  "pressureQNHSetting": Offset {
    "category": "weather",
    "convert": "Math.round({VAL} / 16)",
    "description": "pressure QNH - mb - setting",
    "length": undefined,
    "mapping": undefined,
    "name": "pressureQNHSetting",
    "permission": "rw",
    "type": 5,
    "value": 3912,
  },
  "standardDensityRatio": Offset {
    "category": "weather",
    "convert": undefined,
    "description": "sigma - standard density ratio",
    "length": undefined,
    "mapping": undefined,
    "name": "standardDensityRatio",
    "permission": "r",
    "type": 8,
    "value": 10480,
  },
  "standardPressureRatio": Offset {
    "category": "weather",
    "convert": undefined,
    "description": "delta - standard pressure ratio",
    "length": undefined,
    "mapping": undefined,
    "name": "standardPressureRatio",
    "permission": "r",
    "type": 8,
    "value": 10472,
  },
  "standardTemperatureRatio": Offset {
    "category": "weather",
    "convert": undefined,
    "description": "theta - standard temperature ratio",
    "length": undefined,
    "mapping": undefined,
    "name": "standardTemperatureRatio",
    "permission": "r",
    "type": 8,
    "value": 10464,
  },
  "staticAirTemperatureF": Offset {
    "category": "weather",
    "convert": undefined,
    "description": "static air temperature - F",
    "length": undefined,
    "mapping": undefined,
    "name": "staticAirTemperatureF",
    "permission": "r",
    "type": 8,
    "value": 10448,
  },
  "staticAirTemperatureR": Offset {
    "category": "weather",
    "convert": undefined,
    "description": "static air temperature - Rankine degrees",
    "length": undefined,
    "mapping": undefined,
    "name": "staticAirTemperatureR",
    "permission": "r",
    "type": 8,
    "value": 10456,
  },
  "stormCloudBase": Offset {
    "category": "weather",
    "convert": "+({VAL} * 3.28084).toFixed(2)",
    "description": "storm cloud layer base - ft",
    "length": undefined,
    "mapping": undefined,
    "name": "stormCloudBase",
    "permission": "r",
    "type": 5,
    "value": 3756,
  },
  "stormCloudBaseSetting": Offset {
    "category": "weather",
    "convert": "+({VAL} * 3.28084).toFixed(2)",
    "description": "storm cloud layer base - ft - setting",
    "length": undefined,
    "mapping": undefined,
    "name": "stormCloudBaseSetting",
    "permission": "rw",
    "type": 5,
    "value": 3886,
  },
  "stormCloudCeiling": Offset {
    "category": "weather",
    "convert": "+({VAL} * 3.28084).toFixed(2)",
    "description": "storm cloud layer ceiling - ft",
    "length": undefined,
    "mapping": undefined,
    "name": "stormCloudCeiling",
    "permission": "r",
    "type": 5,
    "value": 3754,
  },
  "stormCloudCeilingSetting": Offset {
    "category": "weather",
    "convert": "+({VAL} * 3.28084).toFixed(2)",
    "description": "storm cloud layer ceiling - ft - setting",
    "length": undefined,
    "mapping": undefined,
    "name": "stormCloudCeilingSetting",
    "permission": "rw",
    "type": 5,
    "value": 3884,
  },
  "stormCloudCoverage": Offset {
    "category": "weather",
    "convert": "Math.round(({VAL} + 1) / 8192)",
    "description": "storm cloud layer coverage - oktas",
    "length": undefined,
    "mapping": undefined,
    "name": "stormCloudCoverage",
    "permission": "r",
    "type": 5,
    "value": 3758,
  },
  "stormCloudCoverageSetting": Offset {
    "category": "weather",
    "convert": "Math.round(({VAL} + 1) / 8192)",
    "description": "storm cloud layer coverage - oktas - setting",
    "length": undefined,
    "mapping": undefined,
    "name": "stormCloudCoverageSetting",
    "permission": "rw",
    "type": 5,
    "value": 3888,
  },
  "stormCloudIcing": Offset {
    "category": "weather",
    "convert": "!!{VAL}",
    "description": "storm cloud icing",
    "length": undefined,
    "mapping": undefined,
    "name": "stormCloudIcing",
    "permission": "r",
    "type": 5,
    "value": 3846,
  },
  "stormCloudIcingSetting": Offset {
    "category": "weather",
    "convert": "!!{VAL}",
    "description": "storm cloud icing - setting",
    "length": undefined,
    "mapping": undefined,
    "name": "stormCloudIcingSetting",
    "permission": "rw",
    "type": 5,
    "value": 3976,
  },
  "stormCloudTurbulence": Offset {
    "category": "weather",
    "convert": undefined,
    "description": "storm cloud turbulence - 0-255",
    "length": undefined,
    "mapping": undefined,
    "name": "stormCloudTurbulence",
    "permission": "r",
    "type": 5,
    "value": 3848,
  },
  "stormCloudTurbulenceSetting": Offset {
    "category": "weather",
    "convert": undefined,
    "description": "storm cloud turbulence - 0-255 - setting",
    "length": undefined,
    "mapping": undefined,
    "name": "stormCloudTurbulenceSetting",
    "permission": "rw",
    "type": 5,
    "value": 3978,
  },
  "stormCloudType": Offset {
    "category": "weather",
    "convert": "cloudType",
    "description": "storm cloud type",
    "length": undefined,
    "mapping": true,
    "name": "stormCloudType",
    "permission": "r",
    "type": 5,
    "value": 3844,
  },
  "stormCloudTypeSetting": Offset {
    "category": "weather",
    "convert": "cloudType",
    "description": "storm cloud type - setting",
    "length": undefined,
    "mapping": true,
    "name": "stormCloudTypeSetting",
    "permission": "rw",
    "type": 5,
    "value": 3974,
  },
  "stormCloudVariation": Offset {
    "category": "weather",
    "convert": "+({VAL} * 3.28084).toFixed(2)",
    "description": "storm cloud layer variation - ft",
    "length": undefined,
    "mapping": undefined,
    "name": "stormCloudVariation",
    "permission": "r",
    "type": 5,
    "value": 3760,
  },
  "stormCloudVariationSetting": Offset {
    "category": "weather",
    "convert": "+({VAL} * 3.28084).toFixed(2)",
    "description": "storm cloud layer variation - ft - setting",
    "length": undefined,
    "mapping": undefined,
    "name": "stormCloudVariationSetting",
    "permission": "rw",
    "type": 5,
    "value": 3890,
  },
  "surfaceTemperature": Offset {
    "category": "weather",
    "convert": "Math.round({VAL} / 256)",
    "description": "surface temperature - degrees C",
    "length": undefined,
    "mapping": undefined,
    "name": "surfaceTemperature",
    "permission": "r",
    "type": 2,
    "value": 3776,
  },
  "surfaceTemperatureLevel": Offset {
    "category": "weather",
    "convert": "+({VAL} * 3.28084).toFixed(2)",
    "description": "surface temperature level - ground elevation - ft",
    "length": undefined,
    "mapping": undefined,
    "name": "surfaceTemperatureLevel",
    "permission": "r",
    "type": 5,
    "value": 3774,
  },
  "surfaceTemperatureLevelSetting": Offset {
    "category": "weather",
    "convert": "+({VAL} * 3.28084).toFixed(2)",
    "description": "surface temperature level - ground elevation  - setting- ft",
    "length": undefined,
    "mapping": undefined,
    "name": "surfaceTemperatureLevelSetting",
    "permission": "rw",
    "type": 5,
    "value": 3904,
  },
  "surfaceTemperatureSetting": Offset {
    "category": "weather",
    "convert": "Math.round({VAL} / 256)",
    "description": "surface temperature - degrees C - setting",
    "length": undefined,
    "mapping": undefined,
    "name": "surfaceTemperatureSetting",
    "permission": "rw",
    "type": 2,
    "value": 3906,
  },
  "surfaceWindCeiling": Offset {
    "category": "weather",
    "convert": "+({VAL} * 3.28084).toFixed(2)",
    "description": "surface wind ceiling - ft",
    "length": undefined,
    "mapping": undefined,
    "name": "surfaceWindCeiling",
    "permission": "r",
    "type": 5,
    "value": 3822,
  },
  "surfaceWindCeilingSetting": Offset {
    "category": "weather",
    "convert": "+({VAL} * 3.28084).toFixed(2)",
    "description": "surface wind ceiling - ft - setting",
    "length": undefined,
    "mapping": undefined,
    "name": "surfaceWindCeilingSetting",
    "permission": "rw",
    "type": 5,
    "value": 3952,
  },
  "surfaceWindDirection": Offset {
    "category": "weather",
    "convert": "+({VAL} * 360 / 65536).toFixed(2)",
    "description": "surface wind direction - FS2000+ - deg MAG",
    "length": undefined,
    "mapping": undefined,
    "name": "surfaceWindDirection",
    "permission": "r",
    "type": 5,
    "value": 1242,
  },
  "surfaceWindDirectionSetting": Offset {
    "category": "weather",
    "convert": "+({VAL} * 360 / 65536).toFixed(2)",
    "description": "surface wind direction - MAG degrees - settings",
    "length": undefined,
    "mapping": undefined,
    "name": "surfaceWindSpeedSetting",
    "permission": "rw",
    "type": 5,
    "value": 3956,
  },
  "surfaceWindGustEnabled": Offset {
    "category": "weather",
    "convert": "!!{VAL}",
    "description": "surface wind gust enabled",
    "length": undefined,
    "mapping": undefined,
    "name": "surfaceWindGustEnabled",
    "permission": "r",
    "type": 5,
    "value": 3830,
  },
  "surfaceWindGustEnabledSetting": Offset {
    "category": "weather",
    "convert": "!!{VAL}",
    "description": "surface wind gust enabled - setting",
    "length": undefined,
    "mapping": undefined,
    "name": "surfaceWindGustEnabledSetting",
    "permission": "rw",
    "type": 5,
    "value": 3960,
  },
  "surfaceWindSpeed": Offset {
    "category": "weather",
    "convert": undefined,
    "description": "surface wind speed - FS2000+ - kts",
    "length": undefined,
    "mapping": undefined,
    "name": "surfaceWindSpeed",
    "permission": "r",
    "type": 5,
    "value": 1240,
  },
  "surfaceWindSpeedSetting": Offset {
    "category": "weather",
    "convert": undefined,
    "description": "surface wind speed - kt - settings",
    "length": undefined,
    "mapping": undefined,
    "name": "surfaceWindSpeedSetting",
    "permission": "rw",
    "type": 5,
    "value": 3954,
  },
  "surfaceWindTurbulence": Offset {
    "category": "weather",
    "convert": undefined,
    "description": "surface wind turbulence - 0-255",
    "length": undefined,
    "mapping": undefined,
    "name": "surfaceWindTurbulence",
    "permission": "r",
    "type": 5,
    "value": 3828,
  },
  "surfaceWindTurbulenceSetting": Offset {
    "category": "weather",
    "convert": undefined,
    "description": "surface wind turbulence - 0-255 - setting",
    "length": undefined,
    "mapping": undefined,
    "name": "surfaceWindTurbulenceSetting",
    "permission": "rw",
    "type": 5,
    "value": 3958,
  },
  "temperatureDayNightVariation": Offset {
    "category": "weather",
    "convert": "Math.round({VAL} / 256)",
    "description": "temperature day night variation - degrees C",
    "length": undefined,
    "mapping": undefined,
    "name": "temperatureDayNightVariation",
    "permission": "r",
    "type": 2,
    "value": 3780,
  },
  "temperatureDayNightVariationSetting": Offset {
    "category": "weather",
    "convert": "Math.round({VAL} / 256)",
    "description": "temperature day night variation - degrees C - setting",
    "length": undefined,
    "mapping": undefined,
    "name": "temperatureDayNightVariationSetting",
    "permission": "rw",
    "type": 2,
    "value": 3910,
  },
  "temperatureDrift": Offset {
    "category": "weather",
    "convert": "Math.round({VAL} / 256)",
    "description": "temperature drift - degrees C",
    "length": undefined,
    "mapping": undefined,
    "name": "temperatureDrift",
    "permission": "r",
    "type": 2,
    "value": 3778,
  },
  "temperatureDriftSetting": Offset {
    "category": "weather",
    "convert": "Math.round({VAL} / 256)",
    "description": "temperature drift - degrees C - setting",
    "length": undefined,
    "mapping": undefined,
    "name": "temperatureDriftSetting",
    "permission": "rw",
    "type": 2,
    "value": 3908,
  },
  "totalAirTemperature": Offset {
    "category": "weather",
    "convert": "Math.round({VAL} / 256)",
    "description": "total air temperature",
    "length": undefined,
    "mapping": undefined,
    "name": "totalAirTemperature",
    "permission": "r",
    "type": 2,
    "value": 4560,
  },
  "unlimitedVisibility": Offset {
    "category": "weather",
    "convert": "+({VAL} / 1600).toFixed(2)",
    "description": "unlimited visibility value - sm",
    "length": undefined,
    "mapping": undefined,
    "name": "unlimitedVisibility",
    "permission": "rw",
    "type": 3,
    "value": 3064,
  },
  "upperCloudBase": Offset {
    "category": "weather",
    "convert": "+({VAL} * 3.28084).toFixed(2)",
    "description": "upper cloud layer base - ft",
    "length": undefined,
    "mapping": undefined,
    "name": "upperCloudBase",
    "permission": "r",
    "type": 5,
    "value": 3740,
  },
  "upperCloudBaseSetting": Offset {
    "category": "weather",
    "convert": "+({VAL} * 3.28084).toFixed(2)",
    "description": "upper cloud layer base - ft - setting",
    "length": undefined,
    "mapping": undefined,
    "name": "upperCloudBaseSetting",
    "permission": "rw",
    "type": 5,
    "value": 3870,
  },
  "upperCloudCeiling": Offset {
    "category": "weather",
    "convert": "+({VAL} * 3.28084).toFixed(2)",
    "description": "upper cloud layer ceiling - ft",
    "length": undefined,
    "mapping": undefined,
    "name": "upperCloudCeiling",
    "permission": "r",
    "type": 5,
    "value": 3738,
  },
  "upperCloudCeilingSetting": Offset {
    "category": "weather",
    "convert": "+({VAL} * 3.28084).toFixed(2)",
    "description": "upper cloud layer ceiling - ft - setting",
    "length": undefined,
    "mapping": undefined,
    "name": "upperCloudCeilingSetting",
    "permission": "rw",
    "type": 5,
    "value": 3868,
  },
  "upperCloudCoverage": Offset {
    "category": "weather",
    "convert": "Math.round(({VAL} + 1) / 8192)",
    "description": "upper cloud layer coverage - oktas",
    "length": undefined,
    "mapping": undefined,
    "name": "upperCloudCoverage",
    "permission": "r",
    "type": 5,
    "value": 3742,
  },
  "upperCloudCoverageSetting": Offset {
    "category": "weather",
    "convert": "Math.round(({VAL} + 1) / 8192)",
    "description": "upper cloud layer coverage - oktas - setting",
    "length": undefined,
    "mapping": undefined,
    "name": "upperCloudCoverageSetting",
    "permission": "rw",
    "type": 5,
    "value": 3872,
  },
  "upperCloudIcing": Offset {
    "category": "weather",
    "convert": "!!{VAL}",
    "description": "upper cloud icing",
    "length": undefined,
    "mapping": undefined,
    "name": "upperCloudIcing",
    "permission": "r",
    "type": 5,
    "value": 3834,
  },
  "upperCloudIcingSetting": Offset {
    "category": "weather",
    "convert": "!!{VAL}",
    "description": "upper cloud icing - setting",
    "length": undefined,
    "mapping": undefined,
    "name": "upperCloudIcingSetting",
    "permission": "rw",
    "type": 5,
    "value": 3964,
  },
  "upperCloudTurbulence": Offset {
    "category": "weather",
    "convert": undefined,
    "description": "upper cloud turbulence - 0-255",
    "length": undefined,
    "mapping": undefined,
    "name": "upperCloudTurbulence",
    "permission": "r",
    "type": 5,
    "value": 3836,
  },
  "upperCloudTurbulenceSetting": Offset {
    "category": "weather",
    "convert": undefined,
    "description": "upper cloud turbulence - 0-255 - setting",
    "length": undefined,
    "mapping": undefined,
    "name": "upperCloudTurbulenceSetting",
    "permission": "rw",
    "type": 5,
    "value": 3966,
  },
  "upperCloudType": Offset {
    "category": "weather",
    "convert": "cloudType",
    "description": "upper cloud type",
    "length": undefined,
    "mapping": true,
    "name": "upperCloudType",
    "permission": "r",
    "type": 5,
    "value": 3832,
  },
  "upperCloudTypeSetting": Offset {
    "category": "weather",
    "convert": "cloudType",
    "description": "upper cloud type - setting",
    "length": undefined,
    "mapping": true,
    "name": "upperCloudTypeSetting",
    "permission": "rw",
    "type": 5,
    "value": 3962,
  },
  "upperCloudVariation": Offset {
    "category": "weather",
    "convert": "+({VAL} * 3.28084).toFixed(2)",
    "description": "upper cloud layer variation - ft",
    "length": undefined,
    "mapping": undefined,
    "name": "upperCloudVariation",
    "permission": "r",
    "type": 5,
    "value": 3744,
  },
  "upperCloudVariationSetting": Offset {
    "category": "weather",
    "convert": "+({VAL} * 3.28084).toFixed(2)",
    "description": "upper cloud layer variation - ft - setting",
    "length": undefined,
    "mapping": undefined,
    "name": "upperCloudVariationSetting",
    "permission": "rw",
    "type": 5,
    "value": 3874,
  },
  "upperTemperature": Offset {
    "category": "weather",
    "convert": "Math.round({VAL} / 256)",
    "description": "upper temperature - degrees C",
    "length": undefined,
    "mapping": undefined,
    "name": "upperTemperature",
    "permission": "r",
    "type": 2,
    "value": 3764,
  },
  "upperTemperatureLevel": Offset {
    "category": "weather",
    "convert": "+({VAL} * 3.28084).toFixed(2)",
    "description": "upper temperature level - ft",
    "length": undefined,
    "mapping": undefined,
    "name": "upperTemperatureLevel",
    "permission": "r",
    "type": 5,
    "value": 3762,
  },
  "upperTemperatureLevelSetting": Offset {
    "category": "weather",
    "convert": "+({VAL} * 3.28084).toFixed(2)",
    "description": "upper temperature level - ft - setting",
    "length": undefined,
    "mapping": undefined,
    "name": "upperTemperatureLevelSetting",
    "permission": "rw",
    "type": 5,
    "value": 3892,
  },
  "upperTemperatureSetting": Offset {
    "category": "weather",
    "convert": "Math.round({VAL} / 256)",
    "description": "upper temperature - degrees C - setting",
    "length": undefined,
    "mapping": undefined,
    "name": "upperTemperatureSetting",
    "permission": "rw",
    "type": 2,
    "value": 3894,
  },
  "upperWindBase": Offset {
    "category": "weather",
    "convert": "+({VAL} * 3.28084).toFixed(2)",
    "description": "upper wind ceiling - ft",
    "length": undefined,
    "mapping": undefined,
    "name": "upperWindBase",
    "permission": "r",
    "type": 5,
    "value": 3788,
  },
  "upperWindBaseSetting": Offset {
    "category": "weather",
    "convert": "+({VAL} * 3.28084).toFixed(2)",
    "description": "upper wind ceiling - ft - setting",
    "length": undefined,
    "mapping": undefined,
    "name": "upperWindBaseSetting",
    "permission": "rw",
    "type": 5,
    "value": 3918,
  },
  "upperWindCeiling": Offset {
    "category": "weather",
    "convert": "+({VAL} * 3.28084).toFixed(2)",
    "description": "upper wind ceiling - ft",
    "length": undefined,
    "mapping": undefined,
    "name": "upperWindCeiling",
    "permission": "r",
    "type": 5,
    "value": 3786,
  },
  "upperWindCeilingSetting": Offset {
    "category": "weather",
    "convert": "+({VAL} * 3.28084).toFixed(2)",
    "description": "upper wind ceiling - ft - setting",
    "length": undefined,
    "mapping": undefined,
    "name": "upperWindCeilingSetting",
    "permission": "rw",
    "type": 5,
    "value": 3916,
  },
  "upperWindDirection": Offset {
    "category": "weather",
    "convert": "+({VAL} * 360 / 65536).toFixed(2)",
    "description": "upper wind ceiling - TRUE degrees",
    "length": undefined,
    "mapping": undefined,
    "name": "upperWindDirection",
    "permission": "r",
    "type": 5,
    "value": 3792,
  },
  "upperWindDirectionSetting": Offset {
    "category": "weather",
    "convert": "+({VAL} * 360 / 65536).toFixed(2)",
    "description": "upper wind ceiling - TRUE degrees - setting",
    "length": undefined,
    "mapping": undefined,
    "name": "upperWindDirectionSetting",
    "permission": "rw",
    "type": 5,
    "value": 3922,
  },
  "upperWindGustEnabled": Offset {
    "category": "weather",
    "convert": "!!{VAL}",
    "description": "upper wind gust enabled",
    "length": undefined,
    "mapping": undefined,
    "name": "upperWindGustEnabled",
    "permission": "r",
    "type": 5,
    "value": 3796,
  },
  "upperWindGustEnabledSetting": Offset {
    "category": "weather",
    "convert": "!!{VAL}",
    "description": "upper wind gust enabled - setting",
    "length": undefined,
    "mapping": undefined,
    "name": "upperWindGustEnabledSetting",
    "permission": "rw",
    "type": 5,
    "value": 3926,
  },
  "upperWindSpeed": Offset {
    "category": "weather",
    "convert": undefined,
    "description": "upper wind ceiling - kt",
    "length": undefined,
    "mapping": undefined,
    "name": "upperWindSpeed",
    "permission": "r",
    "type": 5,
    "value": 3790,
  },
  "upperWindSpeedSetting": Offset {
    "category": "weather",
    "convert": undefined,
    "description": "upper wind ceiling - kt - setting",
    "length": undefined,
    "mapping": undefined,
    "name": "upperWindSpeedSetting",
    "permission": "rw",
    "type": 5,
    "value": 3920,
  },
  "upperWindTurbulence": Offset {
    "category": "weather",
    "convert": undefined,
    "description": "upper wind turbulence - 0-255",
    "length": undefined,
    "mapping": undefined,
    "name": "upperWindTurbulence",
    "permission": "r",
    "type": 5,
    "value": 3794,
  },
  "upperWindTurbulenceSetting": Offset {
    "category": "weather",
    "convert": undefined,
    "description": "upper wind turbulence - 0-255 - setting",
    "length": undefined,
    "mapping": undefined,
    "name": "upperWindTurbulenceSetting",
    "permission": "rw",
    "type": 5,
    "value": 3924,
  },
  "visibility": Offset {
    "category": "weather",
    "convert": "+({VAL} / 100).toFixed(2)",
    "description": "current visibility - sm",
    "length": undefined,
    "mapping": undefined,
    "name": "visibility",
    "permission": "r",
    "type": 2,
    "value": 3722,
  },
  "visibilitySetting": Offset {
    "category": "weather",
    "convert": "{VAL} / 100",
    "description": "visibility setting - sm",
    "length": undefined,
    "mapping": undefined,
    "name": "visibilitySetting",
    "permission": "rw",
    "type": 5,
    "value": 3980,
  },
  "windDirection": Offset {
    "category": "weather",
    "convert": "+({VAL} * 360 / 65536).toFixed(2)",
    "description": "wind direction at aircraft - TRUE degrees",
    "length": undefined,
    "mapping": undefined,
    "name": "windDirection",
    "permission": "r",
    "type": 5,
    "value": 3730,
  },
  "windDirectionalVariation": Offset {
    "category": "weather",
    "convert": "+({VAL} * 360 / 65536).toFixed(2)",
    "description": "wind directional variation at aircraft - TRUE degrees",
    "length": undefined,
    "mapping": undefined,
    "name": "windDirectionalVariation",
    "permission": "r",
    "type": 5,
    "value": 3734,
  },
  "windGust": Offset {
    "category": "weather",
    "convert": undefined,
    "description": "wind gust at aircraft - kt",
    "length": undefined,
    "mapping": undefined,
    "name": "windGust",
    "permission": "r",
    "type": 5,
    "value": 3732,
  },
  "windSpeed": Offset {
    "category": "weather",
    "convert": undefined,
    "description": "wind speed at aircraft - kt",
    "length": undefined,
    "mapping": undefined,
    "name": "windSpeed",
    "permission": "r",
    "type": 5,
    "value": 3728,
  },
  "windSurfaceTurbulenceGustSpeed": Offset {
    "category": "weather",
    "convert": "+({VAL}).toFixed(2)",
    "description": "METAR station altitude - kt",
    "length": undefined,
    "mapping": undefined,
    "name": "windSurfaceTurbulenceGustSpeed",
    "permission": "r",
    "type": 5,
    "value": 1210,
  },
  "windTurbulence": Offset {
    "category": "weather",
    "convert": undefined,
    "description": "wind turbulence at aircraft atltitude - 0-255",
    "length": undefined,
    "mapping": undefined,
    "name": "windTurbulence",
    "permission": "r",
    "type": 5,
    "value": 3736,
  },
}
`;
