// Jest Snapshot v1, https://goo.gl/fbAQLP

exports[`offset - environment/weather offsets list should have required properties 1`] = `
Object {
  "OAT": Offset {
    "category": "weather",
    "convert": "Math.round({VAL} / 256)",
    "description": "current outside air temperature (OAT) - celsius",
    "length": undefined,
    "mapping": undefined,
    "name": "OAT",
    "permission": "r",
    "type": 2,
    "value": 3724,
  },
  "cloudCoverageAtAircraftAltitude": Offset {
    "category": "weather",
    "convert": undefined,
    "description": "cloud coverage at aircraft atltitude - okta",
    "length": undefined,
    "mapping": undefined,
    "name": "cloudCoverageAtAircraftAltitude",
    "permission": "r",
    "type": 0,
    "value": 3717,
  },
  "cloudHighCoverage": Offset {
    "category": "weather",
    "convert": undefined,
    "description": "cloud high coverage - octa",
    "length": undefined,
    "mapping": undefined,
    "name": "cloudHighCoverage",
    "permission": "r",
    "type": 0,
    "value": 1231,
  },
  "cloudIcingAtAircraftAltitude": Offset {
    "category": "weather",
    "convert": undefined,
    "description": "cloud icing at aircraft atltitude - 0-4",
    "length": undefined,
    "mapping": undefined,
    "name": "cloudIcingAtAircraftAltitude",
    "permission": "r",
    "type": 5,
    "value": 3718,
  },
  "cloudLowCoverage": Offset {
    "category": "weather",
    "convert": undefined,
    "description": "cloud low coverage - octa",
    "length": undefined,
    "mapping": undefined,
    "name": "cloudLowCoverage",
    "permission": "r",
    "type": 0,
    "value": 1230,
  },
  "cloudThunderCoverage": Offset {
    "category": "weather",
    "convert": undefined,
    "description": "cloud thunder coverage - octa",
    "length": undefined,
    "mapping": undefined,
    "name": "cloudThunderCoverage",
    "permission": "r",
    "type": 0,
    "value": 1229,
  },
  "cloudTurbulenceAtAircraftAltitude": Offset {
    "category": "weather",
    "convert": undefined,
    "description": "cloud turbulence at aircraft atltitude - 0-255",
    "length": undefined,
    "mapping": undefined,
    "name": "cloudTurbulenceAtAircraftAltitude",
    "permission": "r",
    "type": 5,
    "value": 3720,
  },
  "cloudTypeAtAircraftAltitude": Offset {
    "category": "weather",
    "convert": undefined,
    "description": "cloud type at aircraft atltitude - 0-10",
    "length": undefined,
    "mapping": undefined,
    "name": "cloudTypeAtAircraftAltitude",
    "permission": "r",
    "type": 0,
    "value": 3716,
  },
  "dewPoint": Offset {
    "category": "weather",
    "convert": "{VAL} / 256",
    "description": "dew point - FS2000+",
    "length": undefined,
    "mapping": undefined,
    "name": "dewPoint",
    "permission": "r",
    "type": 2,
    "value": 1224,
  },
  "dewPointControl": Offset {
    "category": "weather",
    "convert": undefined,
    "description": "degrees / 256 - 0x8000 release control",
    "length": undefined,
    "mapping": undefined,
    "name": "dewPointControl",
    "permission": "w",
    "type": 5,
    "value": 1236,
  },
  "interpolatedDewPoint": Offset {
    "category": "weather",
    "convert": "Math.round({VAL} / 256)",
    "description": "dew point interpolated for aircraft altitude - celsius",
    "length": undefined,
    "mapping": undefined,
    "name": "interpolatedDewPoint",
    "permission": "r",
    "type": 2,
    "value": 3726,
  },
  "metarBarometricDrift": Offset {
    "category": "weather",
    "convert": "{VAL} / 16",
    "description": "METAR barometric drift - difference between aircraft/METAR QNH. Adding drift will give correct value for ATIS report",
    "length": undefined,
    "mapping": undefined,
    "name": "metarBarometricDrift",
    "permission": "r",
    "type": 5,
    "value": 1212,
  },
  "metarCloudBaseHigh": Offset {
    "category": "weather",
    "convert": "+({VAL} * 3.28084).toFixed(2)",
    "description": "METAR cloud base high - ft",
    "length": undefined,
    "mapping": undefined,
    "name": "metarCloudBaseHigh",
    "permission": "r",
    "type": 5,
    "value": 1222,
  },
  "metarCloudBaseLow": Offset {
    "category": "weather",
    "convert": "+({VAL} * 3.28084).toFixed(2)",
    "description": "METAR cloud base low - ft",
    "length": undefined,
    "mapping": undefined,
    "name": "metarCloudBaseLow",
    "permission": "r",
    "type": 5,
    "value": 1220,
  },
  "metarCloudThunderBase": Offset {
    "category": "weather",
    "convert": "+({VAL} * 3.28084).toFixed(2)",
    "description": "METAR visibility - ft",
    "length": undefined,
    "mapping": undefined,
    "name": "metarCloudThunderBase",
    "permission": "r",
    "type": 5,
    "value": 1218,
  },
  "metarStationAltitude": Offset {
    "category": "weather",
    "convert": "+({VAL} * 3.28084).toFixed(2)",
    "description": "METAR station altitude - ft",
    "length": undefined,
    "mapping": undefined,
    "name": "metarStationAltitude",
    "permission": "r",
    "type": 5,
    "value": 1204,
  },
  "metarVisibility": Offset {
    "category": "weather",
    "convert": "{VAL} / 100",
    "description": "METAR visibility - sm",
    "length": undefined,
    "mapping": undefined,
    "name": "metarVisibility",
    "permission": "r",
    "type": 5,
    "value": 1216,
  },
  "precipitationControl": Offset {
    "category": "weather",
    "convert": undefined,
    "description": "hi-byte type 0-2 - low-byte rate 0-5 - writing 0xFFFF release control",
    "length": undefined,
    "mapping": undefined,
    "name": "precipitationControl",
    "permission": "w",
    "type": 5,
    "value": 1234,
  },
  "precipitationRate": Offset {
    "category": "weather",
    "convert": undefined,
    "description": "precipitation rate - FS2000+ - 0 to 5",
    "length": undefined,
    "mapping": undefined,
    "name": "precipitationRate",
    "permission": "r",
    "type": 0,
    "value": 1224,
  },
  "precipitationType": Offset {
    "category": "weather",
    "convert": "precipitationType",
    "description": "precipitation type - FS2000+ - 0 to 5",
    "length": undefined,
    "mapping": true,
    "name": "precipitationType",
    "permission": "r",
    "type": 0,
    "value": 1228,
  },
  "surfaceWindDirection": Offset {
    "category": "weather",
    "convert": "+({VAL} * 360 / 65536).toFixed(2)",
    "description": "surface wind direction - FS2000+ - deg MAG",
    "length": undefined,
    "mapping": undefined,
    "name": "surfaceWindDirection",
    "permission": "r",
    "type": 5,
    "value": 1242,
  },
  "surfaceWindSpeed": Offset {
    "category": "weather",
    "convert": undefined,
    "description": "surface wind speed - FS2000+ - kts",
    "length": undefined,
    "mapping": undefined,
    "name": "surfaceWindSpeed",
    "permission": "r",
    "type": 5,
    "value": 1240,
  },
  "unlimitedVisibility": Offset {
    "category": "weather",
    "convert": "+({VAL} / 1600).toFixed(2)",
    "description": "unlimited visibility value - sm",
    "length": undefined,
    "mapping": undefined,
    "name": "unlimitedVisibility",
    "permission": "rw",
    "type": 3,
    "value": 3064,
  },
  "visibility": Offset {
    "category": "weather",
    "convert": "+({VAL} / 100).toFixed(2)",
    "description": "current visibility - sm",
    "length": undefined,
    "mapping": undefined,
    "name": "visibility",
    "permission": "r",
    "type": 2,
    "value": 3722,
  },
  "windDirection": Offset {
    "category": "weather",
    "convert": "+({VAL} * 360 / 65536).toFixed(2)",
    "description": "wind direction at aircraft - TRUE degrees",
    "length": undefined,
    "mapping": undefined,
    "name": "windDirection",
    "permission": "r",
    "type": 5,
    "value": 3730,
  },
  "windSpeed": Offset {
    "category": "weather",
    "convert": undefined,
    "description": "wind speed at aircraft - kt",
    "length": undefined,
    "mapping": undefined,
    "name": "windSpeed",
    "permission": "r",
    "type": 5,
    "value": 3728,
  },
  "windSurfaceTurbulenceGustSpeed": Offset {
    "category": "weather",
    "convert": "+({VAL}).toFixed(2)",
    "description": "METAR station altitude - kt",
    "length": undefined,
    "mapping": undefined,
    "name": "windSurfaceTurbulenceGustSpeed",
    "permission": "r",
    "type": 5,
    "value": 1210,
  },
}
`;
