// Jest Snapshot v1, https://goo.gl/fbAQLP

exports[`offset - environment/weather offsets list should have required properties 1`] = `
Object {
  "cloudHighCoverage": Offset {
    "category": "weather",
    "convert": undefined,
    "description": "cloud high coverage - octa",
    "length": undefined,
    "mapping": undefined,
    "name": "cloudHighCoverage",
    "permission": "r",
    "type": 0,
    "value": 1231,
  },
  "cloudLowCoverage": Offset {
    "category": "weather",
    "convert": undefined,
    "description": "cloud low coverage - octa",
    "length": undefined,
    "mapping": undefined,
    "name": "cloudLowCoverage",
    "permission": "r",
    "type": 0,
    "value": 1230,
  },
  "cloudThunderCoverage": Offset {
    "category": "weather",
    "convert": undefined,
    "description": "cloud thunder coverage - octa",
    "length": undefined,
    "mapping": undefined,
    "name": "cloudThunderCoverage",
    "permission": "r",
    "type": 0,
    "value": 1229,
  },
  "dewPoint": Offset {
    "category": "weather",
    "convert": "{VAL} / 256",
    "description": "dew point - FS2000+",
    "length": undefined,
    "mapping": undefined,
    "name": "dewPoint",
    "permission": "r",
    "type": 2,
    "value": 1224,
  },
  "dewPointControl": Offset {
    "category": "weather",
    "convert": undefined,
    "description": "degrees / 256 - 0x8000 release control",
    "length": undefined,
    "mapping": undefined,
    "name": "dewPointControl",
    "permission": "w",
    "type": 5,
    "value": 1236,
  },
  "metarBarometricDrift": Offset {
    "category": "weather",
    "convert": "{VAL} / 16",
    "description": "METAR barometric drift - difference between aircraft/METAR QNH. Adding drift will give correct value for ATIS report",
    "length": undefined,
    "mapping": undefined,
    "name": "metarBarometricDrift",
    "permission": "r",
    "type": 5,
    "value": 1212,
  },
  "metarCloudBaseHigh": Offset {
    "category": "weather",
    "convert": "+({VAL} * 3.28084).toFixed(2)",
    "description": "METAR cloud base high - ft",
    "length": undefined,
    "mapping": undefined,
    "name": "metarCloudBaseHigh",
    "permission": "r",
    "type": 5,
    "value": 1222,
  },
  "metarCloudBaseLow": Offset {
    "category": "weather",
    "convert": "+({VAL} * 3.28084).toFixed(2)",
    "description": "METAR cloud base low - ft",
    "length": undefined,
    "mapping": undefined,
    "name": "metarCloudBaseLow",
    "permission": "r",
    "type": 5,
    "value": 1220,
  },
  "metarCloudThunderBase": Offset {
    "category": "weather",
    "convert": "+({VAL} * 3.28084).toFixed(2)",
    "description": "METAR visibility - ft",
    "length": undefined,
    "mapping": undefined,
    "name": "metarCloudThunderBase",
    "permission": "r",
    "type": 5,
    "value": 1218,
  },
  "metarStationAltitude": Offset {
    "category": "weather",
    "convert": "+({VAL} * 3.28084).toFixed(2)",
    "description": "METAR station altitude - ft",
    "length": undefined,
    "mapping": undefined,
    "name": "metarStationAltitude",
    "permission": "r",
    "type": 5,
    "value": 1204,
  },
  "metarVisibility": Offset {
    "category": "weather",
    "convert": "{VAL} / 100",
    "description": "METAR visibility - sm",
    "length": undefined,
    "mapping": undefined,
    "name": "metarVisibility",
    "permission": "r",
    "type": 5,
    "value": 1216,
  },
  "precipitationControl": Offset {
    "category": "weather",
    "convert": undefined,
    "description": "hi-byte type 0-2 - low-byte rate 0-5 - writing 0xFFFF release control",
    "length": undefined,
    "mapping": undefined,
    "name": "precipitationControl",
    "permission": "w",
    "type": 5,
    "value": 1234,
  },
  "precipitationRate": Offset {
    "category": "weather",
    "convert": undefined,
    "description": "precipitation rate - FS2000+ - 0 to 5",
    "length": undefined,
    "mapping": undefined,
    "name": "precipitationRate",
    "permission": "r",
    "type": 0,
    "value": 1224,
  },
  "precipitationType": Offset {
    "category": "weather",
    "convert": "precipitationType",
    "description": "precipitation type - FS2000+ - 0 to 5",
    "length": undefined,
    "mapping": true,
    "name": "precipitationType",
    "permission": "r",
    "type": 0,
    "value": 1228,
  },
  "surfaceWindDirection": Offset {
    "category": "weather",
    "convert": "+({VAL} * 360 / 65536).toFixed(2)",
    "description": "surface wind direction - FS2000+ - deg MAG",
    "length": undefined,
    "mapping": undefined,
    "name": "surfaceWindDirection",
    "permission": "r",
    "type": 5,
    "value": 1242,
  },
  "surfaceWindSpeed": Offset {
    "category": "weather",
    "convert": undefined,
    "description": "surface wind speed - FS2000+ - kts",
    "length": undefined,
    "mapping": undefined,
    "name": "surfaceWindSpeed",
    "permission": "r",
    "type": 5,
    "value": 1240,
  },
  "windSurfaceTurbulenceGustSpeed": Offset {
    "category": "weather",
    "convert": "+({VAL}).toFixed(2)",
    "description": "METAR station altitude - kt",
    "length": undefined,
    "mapping": undefined,
    "name": "windSurfaceTurbulenceGustSpeed",
    "permission": "r",
    "type": 5,
    "value": 1210,
  },
}
`;
