// Jest Snapshot v1, https://goo.gl/fbAQLP

exports[`offset - plane/failures offsets list should have required properties 1`] = `
Object {
  "ADFFailure": Offset {
    "category": "failure",
    "convert": "typeof {VAL} === \`boolean\` ? {VAL} ? 1 : 0 : !!{VAL}",
    "description": "ADF failure",
    "length": undefined,
    "mapping": undefined,
    "name": "ADFFailure",
    "permission": "rw",
    "type": 0,
    "value": 2916,
  },
  "ASIFailure": Offset {
    "category": "failure",
    "convert": "typeof {VAL} === \`boolean\` ? {VAL} ? 1 : 0 : !!{VAL}",
    "description": "ASI failure",
    "length": undefined,
    "mapping": undefined,
    "name": "ASIFailure",
    "permission": "rw",
    "type": 0,
    "value": 2917,
  },
  "NAVFailure": Offset {
    "category": "failure",
    "convert": "typeof {VAL} === \`boolean\` ? {VAL} ? 1 : 0 : !!{VAL}",
    "description": "NAV radio gauge failure",
    "length": undefined,
    "mapping": undefined,
    "name": "NAVFailure",
    "permission": "rw",
    "type": 0,
    "value": 2928,
  },
  "VSIFailure": Offset {
    "category": "failure",
    "convert": "typeof {VAL} === \`boolean\` ? {VAL} ? 1 : 0 : !!{VAL}",
    "description": "VSI failure",
    "length": undefined,
    "mapping": undefined,
    "name": "VSIFailure",
    "permission": "rw",
    "type": 0,
    "value": 2926,
  },
  "altimeterFailure": Offset {
    "category": "failure",
    "convert": "typeof {VAL} === \`boolean\` ? {VAL} ? 1 : 0 : !!{VAL}",
    "description": "altimeter failure",
    "length": undefined,
    "mapping": undefined,
    "name": "altimeterFailure",
    "permission": "rw",
    "type": 0,
    "value": 2918,
  },
  "attitudeIndicatorFailure": Offset {
    "category": "failure",
    "convert": "typeof {VAL} === \`boolean\` ? {VAL} ? 1 : 0 : !!{VAL}",
    "description": "attitude indicator failure",
    "length": undefined,
    "mapping": undefined,
    "name": "attitudeIndicatorFailure",
    "permission": "rw",
    "type": 0,
    "value": 2919,
  },
  "brakeFailure": Offset {
    "category": "failure",
    "convert": "{VAL} === \`left\` ? 0 : {VAL} === \`right\` ? 1 : 2",
    "description": "brake failure - left, right, total",
    "length": undefined,
    "mapping": undefined,
    "name": "brakeFailure",
    "permission": "w",
    "type": 0,
    "value": 2915,
  },
  "com1Failure": Offset {
    "category": "failure",
    "convert": "typeof {VAL} === \`boolean\` ? {VAL} ? 1 : 0 : !!{VAL}",
    "description": "COM1 failure",
    "length": undefined,
    "mapping": undefined,
    "name": "com1Failure",
    "permission": "rw",
    "type": 0,
    "value": 2920,
  },
  "compassFailure": Offset {
    "category": "failure",
    "convert": "typeof {VAL} === \`boolean\` ? {VAL} ? 1 : 0 : !!{VAL}",
    "description": "compass failure",
    "length": undefined,
    "mapping": undefined,
    "name": "compassFailure",
    "permission": "rw",
    "type": 0,
    "value": 2921,
  },
  "electricsFailure": Offset {
    "category": "failure",
    "convert": "typeof {VAL} === \`boolean\` ? {VAL} ? 1 : 0 : !!{VAL}",
    "description": "electrics failure",
    "length": undefined,
    "mapping": undefined,
    "name": "electricsFailure",
    "permission": "rw",
    "type": 0,
    "value": 2922,
  },
  "engineFailure": Offset {
    "category": "failure",
    "convert": undefined,
    "description": "engine failure",
    "length": 4,
    "mapping": undefined,
    "name": "engineFailure",
    "permission": "rw",
    "type": 12,
    "value": 2923,
  },
  "fuelIndicatorFailure": Offset {
    "category": "failure",
    "convert": "typeof {VAL} === \`boolean\` ? {VAL} ? 1 : 0 : !!{VAL}",
    "description": "fuel indicator failure",
    "length": undefined,
    "mapping": undefined,
    "name": "fuelIndicatorFailure",
    "permission": "rw",
    "type": 0,
    "value": 2924,
  },
  "headingFailure": Offset {
    "category": "failure",
    "convert": "typeof {VAL} === \`boolean\` ? {VAL} ? 1 : 0 : !!{VAL}",
    "description": "direction indicator failure",
    "length": undefined,
    "mapping": undefined,
    "name": "headingFailure",
    "permission": "rw",
    "type": 0,
    "value": 2925,
  },
  "hydFailure": Offset {
    "category": "failure",
    "convert": "{VAL} ? 1 : 0",
    "description": "hydraulic failure",
    "length": undefined,
    "mapping": undefined,
    "name": "hydFailure",
    "permission": "w",
    "type": 0,
    "value": 2914,
  },
  "pitotFailure": Offset {
    "category": "failure",
    "convert": "typeof {VAL} === \`boolean\` ? {VAL} ? 1 : 0 : !!{VAL}",
    "description": "pitot failure",
    "length": undefined,
    "mapping": undefined,
    "name": "pitotFailure",
    "permission": "rw",
    "type": 0,
    "value": 2929,
  },
  "transponderFailure": Offset {
    "category": "failure",
    "convert": "typeof {VAL} === \`boolean\` ? {VAL} ? 1 : 0 : !!{VAL}",
    "description": "transponder failure",
    "length": undefined,
    "mapping": undefined,
    "name": "transponderFailure",
    "permission": "rw",
    "type": 0,
    "value": 2927,
  },
  "turnCoordinatorFailure": Offset {
    "category": "failure",
    "convert": "typeof {VAL} === \`boolean\` ? {VAL} ? 1 : 0 : !!{VAL}",
    "description": "turn coordinator failure",
    "length": undefined,
    "mapping": undefined,
    "name": "turnCoordinatorFailure",
    "permission": "rw",
    "type": 0,
    "value": 2930,
  },
  "vacuumFailure": Offset {
    "category": "failure",
    "convert": "typeof {VAL} === \`boolean\` ? {VAL} ? 1 : 0 : !!{VAL}",
    "description": "vacuum failure",
    "length": undefined,
    "mapping": undefined,
    "name": "vacuumFailure",
    "permission": "rw",
    "type": 0,
    "value": 2931,
  },
}
`;
