// Jest Snapshot v1, https://goo.gl/fbAQLP

exports[`offset - plane/engines/engine1 offsets list should have required properties 1`] = `
Object {
  "engine1AntiIce": Offset {
    "category": "engine",
    "convert": "!!{VAL}",
    "description": "engine1 anti-ice/carb heat active",
    "length": undefined,
    "mapping": undefined,
    "name": "engine1AntiIce",
    "permission": "r",
    "type": 5,
    "value": 2226,
  },
  "engine1CHT": Offset {
    "category": "engine",
    "convert": undefined,
    "description": "engine1 cylinder head temperature - F",
    "length": undefined,
    "mapping": undefined,
    "name": "engine1CHT",
    "permission": "r",
    "type": 8,
    "value": 2280,
  },
  "engine1EGT": Offset {
    "category": "engine",
    "convert": "Math.round({VAL} * 860 / 16384)",
    "description": "engine1 exhaust gas temperature - Trust only on jet engine - celsius",
    "length": undefined,
    "mapping": undefined,
    "name": "engine1EGT",
    "permission": "r",
    "type": 2,
    "value": 2238,
  },
  "engine1Firing": Offset {
    "category": "engine",
    "convert": "!!{VAL}",
    "description": "engine 1 combustion",
    "length": undefined,
    "mapping": undefined,
    "name": "engine1Firing",
    "permission": "r",
    "type": 5,
    "value": 2196,
  },
  "engine1FuelElapsedTime": Offset {
    "category": "engine",
    "convert": undefined,
    "description": "engine1 fuel elapsed time - h",
    "length": undefined,
    "mapping": undefined,
    "name": "engine1FuelElapsedTime",
    "permission": "r",
    "type": 9,
    "value": 2320,
  },
  "engine1FuelFlowLbHour": Offset {
    "category": "engine",
    "convert": undefined,
    "description": "engine1 fuel elapsed time - lb/h",
    "length": undefined,
    "mapping": undefined,
    "name": "engine1FuelFlowLbHour",
    "permission": "r",
    "type": 8,
    "value": 2328,
  },
  "engine1FuelFlowLbHourSSL": Offset {
    "category": "engine",
    "convert": "{VAL} / 128",
    "description": "engine1 fuel flow (lb per hour, sea level)",
    "length": undefined,
    "mapping": undefined,
    "name": "engine1FuelFlowLbHourSSL",
    "permission": "r",
    "type": 5,
    "value": 2208,
  },
  "engine1FuelPres": Offset {
    "category": "engine",
    "convert": "{VAL} / 144",
    "description": "engine1 fuel pressure - PSI",
    "length": undefined,
    "mapping": undefined,
    "name": "engine1FuelPres",
    "permission": "r",
    "type": 3,
    "value": 2296,
  },
  "engine1FuelUsedSinceStart": Offset {
    "category": "engine",
    "convert": undefined,
    "description": "engine1 used fuel since start - lb",
    "length": undefined,
    "mapping": undefined,
    "name": "engine1FuelUsedSinceStart",
    "permission": "r",
    "type": 9,
    "value": 2316,
  },
  "engine1HydPres": Offset {
    "category": "engine",
    "convert": "{VAL} / 4",
    "description": "engine1 hydraulic pressure - PSI",
    "length": undefined,
    "mapping": undefined,
    "name": "engine1HydPres",
    "permission": "r",
    "type": 3,
    "value": 2264,
  },
  "engine1HydQuantity": Offset {
    "category": "engine",
    "convert": "{VAL} / 16384 * 100",
    "description": "engine1 hydraulic quantity - PSI",
    "length": undefined,
    "mapping": undefined,
    "name": "engine1HydQuantity",
    "permission": "r",
    "type": 3,
    "value": 2268,
  },
  "engine1ITT": Offset {
    "category": "engine",
    "convert": "{VAL} / 16384",
    "description": "engine1 turbine temperature - C",
    "length": undefined,
    "mapping": undefined,
    "name": "engine1ITT",
    "permission": "r",
    "type": 3,
    "value": 2288,
  },
  "engine1MP": Offset {
    "category": "engine",
    "convert": "{VAL} / 1024",
    "description": "engine1 manifold pressure - inHg",
    "length": undefined,
    "mapping": undefined,
    "name": "engine1MP",
    "permission": "r",
    "type": 5,
    "value": 2240,
  },
  "engine1MixtureLever": Offset {
    "category": "engine",
    "convert": "{VAL} / 16384 * 100",
    "description": "engine 1 prop lever - percent",
    "length": undefined,
    "mapping": undefined,
    "name": "engine1MixtureLever",
    "permission": "rw",
    "type": 2,
    "value": 2192,
  },
  "engine1N1": Offset {
    "category": "engine",
    "convert": "{VAL} / 16384 * 100",
    "description": "engine 1 N1 - also helo RPM %",
    "length": undefined,
    "mapping": undefined,
    "name": "engine1N1",
    "permission": "rw",
    "type": 2,
    "value": 2200,
  },
  "engine1N2": Offset {
    "category": "engine",
    "convert": "{VAL} / 16384 * 100",
    "description": "engine 1 N2 - also helo RPM %",
    "length": undefined,
    "mapping": undefined,
    "name": "engine1N2",
    "permission": "rw",
    "type": 2,
    "value": 2198,
  },
  "engine1OilPres": Offset {
    "category": "engine",
    "convert": "Math.round({VAL} * 55 / 16384)",
    "description": "engine1 oil pressure - PSI",
    "length": undefined,
    "mapping": undefined,
    "name": "engine1OilPres",
    "permission": "r",
    "type": 5,
    "value": 2234,
  },
  "engine1OilQuantity": Offset {
    "category": "engine",
    "convert": "Math.round({VAL} / 16384 * 100)",
    "description": "engine1 oil quantity - percent",
    "length": undefined,
    "mapping": undefined,
    "name": "engine1OilQuantity",
    "permission": "r",
    "type": 3,
    "value": 2256,
  },
  "engine1OilTemp": Offset {
    "category": "engine",
    "convert": "Math.round({VAL} * 140 / 16384)",
    "description": "engine1 oil temp - celsius",
    "length": undefined,
    "mapping": undefined,
    "name": "engine1OilTemp",
    "permission": "r",
    "type": 2,
    "value": 2232,
  },
  "engine1PressureRatio": Offset {
    "category": "engine",
    "convert": "{VAL} * 1.6 / 16384",
    "description": "engine1 pressure ratio",
    "length": undefined,
    "mapping": undefined,
    "name": "engine1PressureRatio",
    "permission": "r",
    "type": 2,
    "value": 2236,
  },
  "engine1PropLever": Offset {
    "category": "engine",
    "convert": "Math.round({VAL} < 0 ? {VAL} / 4096 * 100 : {VAL} / 16384 * 100)",
    "description": "engine 1 prop lever - percent - negative = reverse",
    "length": undefined,
    "mapping": undefined,
    "name": "engine1PropLever",
    "permission": "rw",
    "type": 2,
    "value": 2190,
  },
  "engine1PropRPM": Offset {
    "category": "engine",
    "convert": "{VAL} / 16384 / 65536",
    "description": "derive RPM by multiplying by  - negative = counter-rotating propeller",
    "length": undefined,
    "mapping": undefined,
    "name": "engine1PropRPM",
    "permission": "rw",
    "type": 2,
    "value": 2200,
  },
  "engine1RPMScaler": Offset {
    "category": "engine",
    "convert": undefined,
    "description": "engine1 RPM Scaler - props: used to calculate RPM",
    "length": undefined,
    "mapping": undefined,
    "name": "engine1RPMScaler",
    "permission": "r",
    "type": 2,
    "value": 2248,
  },
  "engine1StarterSwitchPosition": Offset {
    "category": "engine",
    "convert": undefined,
    "description": "engine1 start switch position - JET: 0=off 1=start 2=gen/alt - PROP: 0=off 1=right 2=left 3=both 4=start",
    "length": undefined,
    "mapping": undefined,
    "name": "engine1StarterSwitchPosition",
    "permission": "rw",
    "type": 5,
    "value": 2194,
  },
  "engine1ThrottleLever": Offset {
    "category": "engine",
    "convert": "Math.round({VAL} < 0 ? {VAL} / 4096 * 100 : {VAL} / 16384 * 100)",
    "description": "engine 1 throttle lever - percent - negative = reverse",
    "length": undefined,
    "mapping": undefined,
    "name": "engine1ThrottleLever",
    "permission": "r",
    "type": 2,
    "value": 2188,
  },
  "engine1ThrottleLeverControl": Offset {
    "category": "engine",
    "convert": undefined,
    "description": "engine1 throttle lever control - -4096 to +16384",
    "length": undefined,
    "mapping": undefined,
    "name": "engine1ThrottleLeverControl",
    "permission": "rw",
    "type": 2,
    "value": 2202,
  },
  "engine1Torque": Offset {
    "category": "engine",
    "convert": "{VAL} / 16384 * 100",
    "description": "engine1 torque - trust only for helo - percent",
    "length": undefined,
    "mapping": undefined,
    "name": "engine1Torque",
    "permission": "r",
    "type": 3,
    "value": 2292,
  },
  "engine1TorqueFtLb": Offset {
    "category": "engine",
    "convert": undefined,
    "description": "engine1 fuel elapsed time - ft lb",
    "length": undefined,
    "mapping": undefined,
    "name": "engine1TorqueFtLb",
    "permission": "r",
    "type": 9,
    "value": 2336,
  },
  "engine1TurbineAfterburnerActive": Offset {
    "category": "engine",
    "convert": "!!{VAL}",
    "description": "engine 1 turbine afterburner active",
    "length": undefined,
    "mapping": undefined,
    "name": "engine1TurbineAfterburnerActive",
    "permission": "r",
    "type": 6,
    "value": 8264,
  },
  "engine1TurbineAvailableTankCount": Offset {
    "category": "engine",
    "convert": undefined,
    "description": "engine 1 turbine available tank count",
    "length": undefined,
    "mapping": undefined,
    "name": "engine1TurbineAvailableTankCount",
    "permission": "r",
    "type": 6,
    "value": 8284,
  },
  "engine1TurbineBleedPressure": Offset {
    "category": "engine",
    "convert": undefined,
    "description": "engine 1 turbine bleed air pressure - lb/sq in",
    "length": undefined,
    "mapping": undefined,
    "name": "engine1TurbineBleedPressure",
    "permission": "r",
    "type": 8,
    "value": 8300,
  },
  "engine1TurbineCorrectedFuelFlow": Offset {
    "category": "engine",
    "convert": undefined,
    "description": "engine 1 turbine corrected fuel flow - lb/h",
    "length": undefined,
    "mapping": undefined,
    "name": "engine1TurbineCorrectedFuelFlow",
    "permission": "r",
    "type": 8,
    "value": 8224,
  },
  "engine1TurbineCorrectedN1": Offset {
    "category": "engine",
    "convert": undefined,
    "description": "engine 1 turbine corrected N1 - percent",
    "length": undefined,
    "mapping": undefined,
    "name": "engine1TurbineCorrectedN1",
    "permission": "r",
    "type": 8,
    "value": 8208,
  },
  "engine1TurbineCorrectedN2": Offset {
    "category": "engine",
    "convert": undefined,
    "description": "engine 1 turbine corrected N2 - percent",
    "length": undefined,
    "mapping": undefined,
    "name": "engine1TurbineCorrectedN2",
    "permission": "r",
    "type": 8,
    "value": 8216,
  },
  "engine1TurbineEPR": Offset {
    "category": "engine",
    "convert": undefined,
    "description": "engine 1 turbine EPR",
    "length": undefined,
    "mapping": undefined,
    "name": "engine1TurbineEPR",
    "permission": "r",
    "type": 8,
    "value": 8240,
  },
  "engine1TurbineFuelFlow": Offset {
    "category": "engine",
    "convert": undefined,
    "description": "engine 1 turbine fuel flow",
    "length": undefined,
    "mapping": undefined,
    "name": "engine1TurbineFuelFlow",
    "permission": "r",
    "type": 8,
    "value": 8288,
  },
  "engine1TurbineITT": Offset {
    "category": "engine",
    "convert": undefined,
    "description": "engine 1 turbine ITT",
    "length": undefined,
    "mapping": undefined,
    "name": "engine1TurbineITT",
    "permission": "r",
    "type": 8,
    "value": 8248,
  },
  "engine1TurbineIgnition": Offset {
    "category": "engine",
    "convert": "!!{VAL}",
    "description": "engine 1 turbine is fuel available flag",
    "length": undefined,
    "mapping": undefined,
    "name": "engine1TurbineIgnition",
    "permission": "rw",
    "type": 6,
    "value": 8332,
  },
  "engine1TurbineIsFuelAvailable": Offset {
    "category": "engine",
    "convert": "!!{VAL}",
    "description": "engine 1 turbine is fuel available flag",
    "length": undefined,
    "mapping": undefined,
    "name": "engine1TurbineIsFuelAvailable",
    "permission": "r",
    "type": 6,
    "value": 8296,
  },
  "engine1TurbineJetThrust": Offset {
    "category": "engine",
    "convert": undefined,
    "description": "engine 1 turbine jet thrust",
    "length": undefined,
    "mapping": undefined,
    "name": "engine1TurbineJetThrust",
    "permission": "r",
    "type": 8,
    "value": 8268,
  },
  "engine1TurbineN1": Offset {
    "category": "engine",
    "convert": undefined,
    "description": "engine 1 turbine N1 - percent",
    "length": undefined,
    "mapping": undefined,
    "name": "engine1TurbineN1",
    "permission": "r",
    "type": 8,
    "value": 8192,
  },
  "engine1TurbineN2": Offset {
    "category": "engine",
    "convert": undefined,
    "description": "engine 1 turbine N2 - percent",
    "length": undefined,
    "mapping": undefined,
    "name": "engine1TurbineN2",
    "permission": "r",
    "type": 8,
    "value": 8200,
  },
  "engine1TurbineReverser": Offset {
    "category": "engine",
    "convert": "Math.round(+(+({VAL}).toFixed(4) * 100).toFixed(2))",
    "description": "engine 1 turbine reverser position - 0.0 - 1.0 lb/sq in",
    "length": undefined,
    "mapping": undefined,
    "name": "engine1TurbineReverser",
    "permission": "r",
    "type": 8,
    "value": 8316,
  },
  "engine1TurbineTankSelector": Offset {
    "category": "engine",
    "convert": "fuelTank",
    "description": "engine 1 turbine tank selector",
    "length": undefined,
    "mapping": true,
    "name": "engine1TurbineTankSelector",
    "permission": "r",
    "type": 6,
    "value": 8276,
  },
  "engine1TurbineTorque": Offset {
    "category": "engine",
    "convert": undefined,
    "description": "engine 1 turbine corrected fuel flow - 0.0 to 1.0",
    "length": undefined,
    "mapping": undefined,
    "name": "engine1TurbineTorque",
    "permission": "r",
    "type": 8,
    "value": 8232,
  },
  "engine1TurbineUsedTank": Offset {
    "category": "engine",
    "convert": undefined,
    "description": "engine 1 turbine used tank",
    "length": 11,
    "mapping": undefined,
    "name": "engine1TurbineUsedTank",
    "permission": "r",
    "type": 12,
    "value": 8280,
  },
  "engine1TurbineVibration": Offset {
    "category": "engine",
    "convert": undefined,
    "description": "engine 1 turbine vibration",
    "length": undefined,
    "mapping": undefined,
    "name": "engine1TurbineVibration",
    "permission": "r",
    "type": 8,
    "value": 8324,
  },
  "engine1Vibration": Offset {
    "category": "engine",
    "convert": "Math.round({VAL} * 5 / 16384)",
    "description": "engine1 vibration",
    "length": undefined,
    "mapping": undefined,
    "name": "engine1Vibration",
    "permission": "r",
    "type": 3,
    "value": 2260,
  },
}
`;
