// Jest Snapshot v1, https://goo.gl/fbAQLP

exports[`offset - plane/engines/engine3 offsets list should have required properties 1`] = `
Object {
  "engine3AntiIce": Offset {
    "category": "engine",
    "convert": "!!{VAL}",
    "description": "engine3 anti-ice/carb heat active",
    "length": undefined,
    "mapping": undefined,
    "name": "engine3AntiIce",
    "permission": "r",
    "type": 5,
    "value": 2530,
  },
  "engine3CHT": Offset {
    "category": "engine",
    "convert": undefined,
    "description": "engine3 cylinder head temperature - F",
    "length": undefined,
    "mapping": undefined,
    "name": "engine3CHT",
    "permission": "r",
    "type": 8,
    "value": 2584,
  },
  "engine3EGT": Offset {
    "category": "engine",
    "convert": "Math.round({VAL} * 860 / 16384)",
    "description": "engine3 exhaust gas temperature - Trust only on jet engine - celsius",
    "length": undefined,
    "mapping": undefined,
    "name": "engine3EGT",
    "permission": "r",
    "type": 5,
    "value": 2542,
  },
  "engine3Firing": Offset {
    "category": "engine",
    "convert": "!!{VAL}",
    "description": "engine 3 combustion",
    "length": undefined,
    "mapping": undefined,
    "name": "engine3Firing",
    "permission": "r",
    "type": 5,
    "value": 2500,
  },
  "engine3FuelElapsedTime": Offset {
    "category": "engine",
    "convert": undefined,
    "description": "engine3 fuel elapsed time - h",
    "length": undefined,
    "mapping": undefined,
    "name": "engine3FuelElapsedTime",
    "permission": "r",
    "type": 9,
    "value": 2624,
  },
  "engine3FuelFlowLbHour": Offset {
    "category": "engine",
    "convert": undefined,
    "description": "engine3 fuel elapsed time - lb/h",
    "length": undefined,
    "mapping": undefined,
    "name": "engine3FuelFlowLbHour",
    "permission": "r",
    "type": 8,
    "value": 2632,
  },
  "engine3FuelFlowLbHourSSL": Offset {
    "category": "engine",
    "convert": "{VAL} / 128",
    "description": "engine3 fuel flow (lb per hour, sea level)",
    "length": undefined,
    "mapping": undefined,
    "name": "engine3FuelFlowLbHourSSL",
    "permission": "r",
    "type": 5,
    "value": 2512,
  },
  "engine3FuelPres": Offset {
    "category": "engine",
    "convert": "{VAL} / 144",
    "description": "engine3 fuel pressure - PSI",
    "length": undefined,
    "mapping": undefined,
    "name": "engine3FuelPres",
    "permission": "r",
    "type": 6,
    "value": 2600,
  },
  "engine3FuelUsedSinceStart": Offset {
    "category": "engine",
    "convert": undefined,
    "description": "engine3 used fuel since start - lb",
    "length": undefined,
    "mapping": undefined,
    "name": "engine3FuelUsedSinceStart",
    "permission": "r",
    "type": 9,
    "value": 2620,
  },
  "engine3HydPres": Offset {
    "category": "engine",
    "convert": "{VAL} / 4",
    "description": "engine3 hydraulic pressure - PSI",
    "length": undefined,
    "mapping": undefined,
    "name": "engine3HydPres",
    "permission": "r",
    "type": 6,
    "value": 2568,
  },
  "engine3HydQuantity": Offset {
    "category": "engine",
    "convert": "{VAL} / 16384 * 100",
    "description": "engine3 hydraulic quantity - percent",
    "length": undefined,
    "mapping": undefined,
    "name": "engine3HydQuantity",
    "permission": "r",
    "type": 6,
    "value": 2572,
  },
  "engine3ITT": Offset {
    "category": "engine",
    "convert": "{VAL} / 16384",
    "description": "engine3 turbine temperature - C",
    "length": undefined,
    "mapping": undefined,
    "name": "engine3ITT",
    "permission": "r",
    "type": 6,
    "value": 2592,
  },
  "engine3MP": Offset {
    "category": "engine",
    "convert": "{VAL} / 1024",
    "description": "engine3 manifold pressure - inHg",
    "length": undefined,
    "mapping": undefined,
    "name": "engine3MP",
    "permission": "r",
    "type": 5,
    "value": 2544,
  },
  "engine3MixtureLever": Offset {
    "category": "engine",
    "convert": "{VAL} / 16384 * 100",
    "description": "engine 3 prop lever - percent",
    "length": undefined,
    "mapping": undefined,
    "name": "engine3MixtureLever",
    "permission": "rw",
    "type": 5,
    "value": 2496,
  },
  "engine3N1": Offset {
    "category": "engine",
    "convert": "{VAL} / 16384 * 100",
    "description": "engine 3 N1 - also helo RPM %",
    "length": undefined,
    "mapping": undefined,
    "name": "engine3N1",
    "permission": "rw",
    "type": 2,
    "value": 2504,
  },
  "engine3N2": Offset {
    "category": "engine",
    "convert": "{VAL} / 16384 * 100",
    "description": "engine 3 N2 - also helo RPM %",
    "length": undefined,
    "mapping": undefined,
    "name": "engine3N2",
    "permission": "rw",
    "type": 5,
    "value": 2502,
  },
  "engine3OilPres": Offset {
    "category": "engine",
    "convert": "Math.round({VAL} * 55 / 16384)",
    "description": "engine3 oil pressure - PSI",
    "length": undefined,
    "mapping": undefined,
    "name": "engine3OilPres",
    "permission": "r",
    "type": 5,
    "value": 2538,
  },
  "engine3OilQuantity": Offset {
    "category": "engine",
    "convert": "Math.round({VAL} / 16384 * 100)",
    "description": "engine3 oil quantity - percent",
    "length": undefined,
    "mapping": undefined,
    "name": "engine3OilQuantity",
    "permission": "r",
    "type": 6,
    "value": 2560,
  },
  "engine3OilTemp": Offset {
    "category": "engine",
    "convert": "Math.round({VAL} * 140 / 16384)",
    "description": "engine3 oil temp - celsius",
    "length": undefined,
    "mapping": undefined,
    "name": "engine3OilTemp",
    "permission": "r",
    "type": 5,
    "value": 2536,
  },
  "engine3PressureRatio": Offset {
    "category": "engine",
    "convert": "{VAL} * 1.6 / 16384",
    "description": "engine3 pressure ratio",
    "length": undefined,
    "mapping": undefined,
    "name": "engine3PressureRatio",
    "permission": "r",
    "type": 5,
    "value": 2540,
  },
  "engine3PropLever": Offset {
    "category": "engine",
    "convert": "Math.round({VAL} < 0 ? {VAL} / 4096 * 100 : {VAL} / 16384 * 100)",
    "description": "engine 3 prop lever - percent - negative = reverse",
    "length": undefined,
    "mapping": undefined,
    "name": "engine3PropLever",
    "permission": "rw",
    "type": 2,
    "value": 2494,
  },
  "engine3PropRPM": Offset {
    "category": "engine",
    "convert": "{VAL} / 16384 / 65536",
    "description": "derive RPM by multiplying by  - negative = counter-rotating propeller",
    "length": undefined,
    "mapping": undefined,
    "name": "engine3PropRPM",
    "permission": "rw",
    "type": 2,
    "value": 2504,
  },
  "engine3RPMScaler": Offset {
    "category": "engine",
    "convert": undefined,
    "description": "engine3 RPM Scaler - props: used to calculate RPM",
    "length": undefined,
    "mapping": undefined,
    "name": "engine3RPMScaler",
    "permission": "r",
    "type": 5,
    "value": 2552,
  },
  "engine3StarterSwitchPosition": Offset {
    "category": "engine",
    "convert": undefined,
    "description": "engine3 start switch position - JET: 0=off 1=start 2=gen/alt - PROP: 0=off 1=right 2=left 3=both 4=start",
    "length": undefined,
    "mapping": undefined,
    "name": "engine3StarterSwitchPosition",
    "permission": "rw",
    "type": 5,
    "value": 2498,
  },
  "engine3ThrottleLever": Offset {
    "category": "engine",
    "convert": "Math.round({VAL} < 0 ? {VAL} / 4096 * 100 : {VAL} / 16384 * 100)",
    "description": "engine 3 throttle lever - percent - negative = reverse",
    "length": undefined,
    "mapping": undefined,
    "name": "engine3ThrottleLever",
    "permission": "r",
    "type": 2,
    "value": 2492,
  },
  "engine3ThrottleLeverControl": Offset {
    "category": "engine",
    "convert": undefined,
    "description": "engine3 throttle lever control - -4096 to +16384",
    "length": undefined,
    "mapping": undefined,
    "name": "engine3ThrottleLeverControl",
    "permission": "rw",
    "type": 2,
    "value": 2506,
  },
  "engine3Torque": Offset {
    "category": "engine",
    "convert": "{VAL} / 16384 * 100",
    "description": "engine3 torque - trust only for helo - percent",
    "length": undefined,
    "mapping": undefined,
    "name": "engine3Torque",
    "permission": "r",
    "type": 6,
    "value": 2596,
  },
  "engine3TorqueFtLb": Offset {
    "category": "engine",
    "convert": undefined,
    "description": "engine3 fuel elapsed time - ft lb",
    "length": undefined,
    "mapping": undefined,
    "name": "engine3TorqueFtLb",
    "permission": "r",
    "type": 9,
    "value": 2640,
  },
  "engine3Vibration": Offset {
    "category": "engine",
    "convert": "Math.round({VAL} * 5 / 16384)",
    "description": "engine3 vibration",
    "length": undefined,
    "mapping": undefined,
    "name": "engine3Vibration",
    "permission": "r",
    "type": 6,
    "value": 2564,
  },
}
`;
