// Jest Snapshot v1, https://goo.gl/fbAQLP

exports[`offset - plane/engines/engine4 offsets list should have required properties 1`] = `
Object {
  "engine4AntiIce": Offset {
    "category": "engine",
    "convert": "!!{VAL}",
    "description": "engine4 anti-ice/carb heat active",
    "length": undefined,
    "mapping": undefined,
    "name": "engine4AntiIce",
    "permission": "r",
    "type": 5,
    "value": 2682,
  },
  "engine4CHT": Offset {
    "category": "engine",
    "convert": undefined,
    "description": "engine4 cylinder head temperature - F",
    "length": undefined,
    "mapping": undefined,
    "name": "engine4CHT",
    "permission": "r",
    "type": 8,
    "value": 2736,
  },
  "engine4EGT": Offset {
    "category": "engine",
    "convert": "Math.round({VAL} * 860 / 16384)",
    "description": "engine4 exhaust gas temperature - Trust only on jet engine - celsius",
    "length": undefined,
    "mapping": undefined,
    "name": "engine4EGT",
    "permission": "r",
    "type": 2,
    "value": 2694,
  },
  "engine4Firing": Offset {
    "category": "engine",
    "convert": "!!{VAL}",
    "description": "engine 4 combustion",
    "length": undefined,
    "mapping": undefined,
    "name": "engine4Firing",
    "permission": "r",
    "type": 5,
    "value": 2652,
  },
  "engine4FuelElapsedTime": Offset {
    "category": "engine",
    "convert": undefined,
    "description": "engine4 fuel elapsed time - h",
    "length": undefined,
    "mapping": undefined,
    "name": "engine4FuelElapsedTime",
    "permission": "r",
    "type": 9,
    "value": 2776,
  },
  "engine4FuelFlowLbHour": Offset {
    "category": "engine",
    "convert": undefined,
    "description": "engine4 fuel elapsed time - lb/h",
    "length": undefined,
    "mapping": undefined,
    "name": "engine4FuelFlowLbHour",
    "permission": "r",
    "type": 8,
    "value": 2784,
  },
  "engine4FuelFlowLbHourSSL": Offset {
    "category": "engine",
    "convert": "{VAL} / 128",
    "description": "engine4 fuel flow (lb per hour, sea level)",
    "length": undefined,
    "mapping": undefined,
    "name": "engine4FuelFlowLbHourSSL",
    "permission": "r",
    "type": 5,
    "value": 2664,
  },
  "engine4FuelPres": Offset {
    "category": "engine",
    "convert": "{VAL} / 144",
    "description": "engine4 fuel pressure - PSI",
    "length": undefined,
    "mapping": undefined,
    "name": "engine4FuelPres",
    "permission": "r",
    "type": 3,
    "value": 2752,
  },
  "engine4FuelUsedSinceStart": Offset {
    "category": "engine",
    "convert": undefined,
    "description": "engine4 used fuel since start - lb",
    "length": undefined,
    "mapping": undefined,
    "name": "engine4FuelUsedSinceStart",
    "permission": "r",
    "type": 9,
    "value": 2772,
  },
  "engine4HydPres": Offset {
    "category": "engine",
    "convert": "{VAL} / 4",
    "description": "engine4 hydraulic pressure - PSI",
    "length": undefined,
    "mapping": undefined,
    "name": "engine4HydPres",
    "permission": "r",
    "type": 3,
    "value": 2720,
  },
  "engine4HydQuantity": Offset {
    "category": "engine",
    "convert": "{VAL} / 16384 * 100",
    "description": "engine4 hydraulic quantity - percent",
    "length": undefined,
    "mapping": undefined,
    "name": "engine4HydQuantity",
    "permission": "r",
    "type": 3,
    "value": 2724,
  },
  "engine4ITT": Offset {
    "category": "engine",
    "convert": "{VAL} / 16384",
    "description": "engine4 turbine temperature - C",
    "length": undefined,
    "mapping": undefined,
    "name": "engine4ITT",
    "permission": "r",
    "type": 3,
    "value": 2744,
  },
  "engine4MP": Offset {
    "category": "engine",
    "convert": "{VAL} / 1024",
    "description": "engine4 manifold pressure - inHg",
    "length": undefined,
    "mapping": undefined,
    "name": "engine4MP",
    "permission": "r",
    "type": 5,
    "value": 2696,
  },
  "engine4MixtureLever": Offset {
    "category": "engine",
    "convert": "{VAL} / 16384 * 100",
    "description": "engine 4 prop lever - percent",
    "length": undefined,
    "mapping": undefined,
    "name": "engine4MixtureLever",
    "permission": "rw",
    "type": 2,
    "value": 2648,
  },
  "engine4N1": Offset {
    "category": "engine",
    "convert": "{VAL} / 16384 * 100",
    "description": "engine 4 N1 - also helo RPM %",
    "length": undefined,
    "mapping": undefined,
    "name": "engine4N1",
    "permission": "rw",
    "type": 2,
    "value": 2656,
  },
  "engine4N2": Offset {
    "category": "engine",
    "convert": "{VAL} / 16384 * 100",
    "description": "engine 4 N2 - also helo RPM %",
    "length": undefined,
    "mapping": undefined,
    "name": "engine4N2",
    "permission": "rw",
    "type": 2,
    "value": 2654,
  },
  "engine4OilPres": Offset {
    "category": "engine",
    "convert": "Math.round({VAL} * 55 / 16384)",
    "description": "engine4 oil pressure - PSI",
    "length": undefined,
    "mapping": undefined,
    "name": "engine4OilPres",
    "permission": "r",
    "type": 5,
    "value": 2690,
  },
  "engine4OilQuantity": Offset {
    "category": "engine",
    "convert": "Math.round({VAL} / 16384 * 100)",
    "description": "engine4 oil quantity - percent",
    "length": undefined,
    "mapping": undefined,
    "name": "engine4OilQuantity",
    "permission": "r",
    "type": 3,
    "value": 2712,
  },
  "engine4OilTemp": Offset {
    "category": "engine",
    "convert": "Math.round({VAL} * 140 / 16384)",
    "description": "engine4 oil temp - celsius",
    "length": undefined,
    "mapping": undefined,
    "name": "engine4OilTemp",
    "permission": "r",
    "type": 2,
    "value": 2688,
  },
  "engine4PressureRatio": Offset {
    "category": "engine",
    "convert": "{VAL} * 1.6 / 16384",
    "description": "engine4 pressure ratio",
    "length": undefined,
    "mapping": undefined,
    "name": "engine4PressureRatio",
    "permission": "r",
    "type": 2,
    "value": 2692,
  },
  "engine4PropLever": Offset {
    "category": "engine",
    "convert": "Math.round({VAL} < 0 ? {VAL} / 4096 * 100 : {VAL} / 16384 * 100)",
    "description": "engine 4 prop lever - percent - negative = reverse",
    "length": undefined,
    "mapping": undefined,
    "name": "engine4PropLever",
    "permission": "rw",
    "type": 2,
    "value": 2646,
  },
  "engine4PropRPM": Offset {
    "category": "engine",
    "convert": "{VAL} / 16384 / 65536",
    "description": "derive RPM by multiplying by  - negative = counter-rotating propeller",
    "length": undefined,
    "mapping": undefined,
    "name": "engine4PropRPM",
    "permission": "rw",
    "type": 2,
    "value": 2656,
  },
  "engine4RPMScaler": Offset {
    "category": "engine",
    "convert": undefined,
    "description": "engine4 RPM Scaler - props: used to calculate RPM",
    "length": undefined,
    "mapping": undefined,
    "name": "engine4RPMScaler",
    "permission": "r",
    "type": 2,
    "value": 2704,
  },
  "engine4StarterSwitchPosition": Offset {
    "category": "engine",
    "convert": undefined,
    "description": "engine4 start switch position - JET: 0=off 1=start 2=gen/alt - PROP: 0=off 1=right 2=left 3=both 4=start",
    "length": undefined,
    "mapping": undefined,
    "name": "engine4StarterSwitchPosition",
    "permission": "rw",
    "type": 5,
    "value": 2650,
  },
  "engine4ThrottleLever": Offset {
    "category": "engine",
    "convert": "Math.round({VAL} < 0 ? {VAL} / 4096 * 100 : {VAL} / 16384 * 100)",
    "description": "engine 4 throttle lever - percent - negative = reverse",
    "length": undefined,
    "mapping": undefined,
    "name": "engine4ThrottleLever",
    "permission": "r",
    "type": 2,
    "value": 2644,
  },
  "engine4ThrottleLeverControl": Offset {
    "category": "engine",
    "convert": undefined,
    "description": "engine4 throttle lever control - -4096 to +16384",
    "length": undefined,
    "mapping": undefined,
    "name": "engine4ThrottleLeverControl",
    "permission": "rw",
    "type": 2,
    "value": 2658,
  },
  "engine4Torque": Offset {
    "category": "engine",
    "convert": "{VAL} / 16384 * 100",
    "description": "engine4 torque - trust only for helo - percent",
    "length": undefined,
    "mapping": undefined,
    "name": "engine4Torque",
    "permission": "r",
    "type": 3,
    "value": 2748,
  },
  "engine4TorqueFtLb": Offset {
    "category": "engine",
    "convert": undefined,
    "description": "engine4 fuel elapsed time - ft lb",
    "length": undefined,
    "mapping": undefined,
    "name": "engine4TorqueFtLb",
    "permission": "r",
    "type": 9,
    "value": 2792,
  },
  "engine4TurbineAfterburnerActive": Offset {
    "category": "engine",
    "convert": "!!{VAL}",
    "description": "engine 4 turbine afterburner active",
    "length": undefined,
    "mapping": undefined,
    "name": "engine4TurbineAfterburnerActive",
    "permission": "r",
    "type": 6,
    "value": 9032,
  },
  "engine4TurbineAvailableTankCount": Offset {
    "category": "engine",
    "convert": undefined,
    "description": "engine 4 turbine available tank count",
    "length": undefined,
    "mapping": undefined,
    "name": "engine4TurbineAvailableTankCount",
    "permission": "r",
    "type": 6,
    "value": 9052,
  },
  "engine4TurbineBleedPressure": Offset {
    "category": "engine",
    "convert": undefined,
    "description": "engine 4 turbine bleed air pressure - lb/sq in",
    "length": undefined,
    "mapping": undefined,
    "name": "engine4TurbineBleedPressure",
    "permission": "r",
    "type": 8,
    "value": 9068,
  },
  "engine4TurbineCorrectedFuelFlow": Offset {
    "category": "engine",
    "convert": undefined,
    "description": "engine 4 turbine corrected fuel flow - lb/h",
    "length": undefined,
    "mapping": undefined,
    "name": "engine4TurbineCorrectedFuelFlow",
    "permission": "r",
    "type": 8,
    "value": 8992,
  },
  "engine4TurbineCorrectedN1": Offset {
    "category": "engine",
    "convert": undefined,
    "description": "engine 4 turbine corrected N1 - percent",
    "length": undefined,
    "mapping": undefined,
    "name": "engine4TurbineCorrectedN1",
    "permission": "r",
    "type": 8,
    "value": 8976,
  },
  "engine4TurbineCorrectedN2": Offset {
    "category": "engine",
    "convert": undefined,
    "description": "engine 4 turbine corrected N2 - percent",
    "length": undefined,
    "mapping": undefined,
    "name": "engine4TurbineCorrectedN2",
    "permission": "r",
    "type": 8,
    "value": 8984,
  },
  "engine4TurbineEPR": Offset {
    "category": "engine",
    "convert": undefined,
    "description": "engine 4 turbine EPR",
    "length": undefined,
    "mapping": undefined,
    "name": "engine4TurbineEPR",
    "permission": "r",
    "type": 8,
    "value": 9008,
  },
  "engine4TurbineFuelFlow": Offset {
    "category": "engine",
    "convert": undefined,
    "description": "engine 4 turbine fuel flow",
    "length": undefined,
    "mapping": undefined,
    "name": "engine4TurbineFuelFlow",
    "permission": "r",
    "type": 8,
    "value": 9056,
  },
  "engine4TurbineITT": Offset {
    "category": "engine",
    "convert": undefined,
    "description": "engine 4 turbine ITT",
    "length": undefined,
    "mapping": undefined,
    "name": "engine4TurbineITT",
    "permission": "r",
    "type": 8,
    "value": 9016,
  },
  "engine4TurbineIgnition": Offset {
    "category": "engine",
    "convert": "!!{VAL}",
    "description": "engine 4 turbine is fuel available flag",
    "length": undefined,
    "mapping": undefined,
    "name": "engine4TurbineIgnition",
    "permission": "rw",
    "type": 6,
    "value": 9100,
  },
  "engine4TurbineIsFuelAvailable": Offset {
    "category": "engine",
    "convert": "!!{VAL}",
    "description": "engine 4 turbine is fuel available flag",
    "length": undefined,
    "mapping": undefined,
    "name": "engine4TurbineIsFuelAvailable",
    "permission": "r",
    "type": 6,
    "value": 9064,
  },
  "engine4TurbineJetThrust": Offset {
    "category": "engine",
    "convert": undefined,
    "description": "engine 4 turbine jet thrust",
    "length": undefined,
    "mapping": undefined,
    "name": "engine4TurbineJetThrust",
    "permission": "r",
    "type": 8,
    "value": 9036,
  },
  "engine4TurbineN1": Offset {
    "category": "engine",
    "convert": undefined,
    "description": "engine 4 turbine N1 - percent",
    "length": undefined,
    "mapping": undefined,
    "name": "engine4TurbineN1",
    "permission": "r",
    "type": 8,
    "value": 8960,
  },
  "engine4TurbineN2": Offset {
    "category": "engine",
    "convert": undefined,
    "description": "engine 4 turbine N2 - percent",
    "length": undefined,
    "mapping": undefined,
    "name": "engine4TurbineN2",
    "permission": "r",
    "type": 8,
    "value": 8968,
  },
  "engine4TurbineReverser": Offset {
    "category": "engine",
    "convert": "Math.round(+(+({VAL}).toFixed(4) * 100).toFixed(2))",
    "description": "engine 4 turbine reverser position - 0.0 - 1.0 lb/sq in",
    "length": undefined,
    "mapping": undefined,
    "name": "engine4TurbineReverser",
    "permission": "r",
    "type": 8,
    "value": 9084,
  },
  "engine4TurbineTankSelector": Offset {
    "category": "engine",
    "convert": "fuelTank",
    "description": "engine 4 turbine tank selector",
    "length": undefined,
    "mapping": true,
    "name": "engine4TurbineTankSelector",
    "permission": "r",
    "type": 6,
    "value": 9044,
  },
  "engine4TurbineTorque": Offset {
    "category": "engine",
    "convert": undefined,
    "description": "engine 4 turbine corrected fuel flow - 0.0 to 1.0",
    "length": undefined,
    "mapping": undefined,
    "name": "engine4TurbineTorque",
    "permission": "r",
    "type": 8,
    "value": 9000,
  },
  "engine4TurbineUsedTank": Offset {
    "category": "engine",
    "convert": undefined,
    "description": "engine 4 turbine used tank",
    "length": 11,
    "mapping": undefined,
    "name": "engine4TurbineUsedTank",
    "permission": "r",
    "type": 12,
    "value": 9048,
  },
  "engine4TurbineVibration": Offset {
    "category": "engine",
    "convert": undefined,
    "description": "engine 4 turbine vibration",
    "length": undefined,
    "mapping": undefined,
    "name": "engine4TurbineVibration",
    "permission": "r",
    "type": 8,
    "value": 9092,
  },
  "engine4Vibration": Offset {
    "category": "engine",
    "convert": "Math.round({VAL} * 5 / 16384)",
    "description": "engine4 vibration",
    "length": undefined,
    "mapping": undefined,
    "name": "engine4Vibration",
    "permission": "r",
    "type": 3,
    "value": 2716,
  },
}
`;
