// Jest Snapshot v1, https://goo.gl/fbAQLP

exports[`offset - plane/engines/engine2 offsets list should have required properties 1`] = `
Object {
  "engine2AntiIce": Offset {
    "category": "engine",
    "convert": "!!{VAL}",
    "description": "engine2 anti-ice/carb heat active",
    "length": undefined,
    "mapping": undefined,
    "name": "engine2AntiIce",
    "permission": "r",
    "type": 5,
    "value": 2378,
  },
  "engine2CHT": Offset {
    "category": "engine",
    "convert": undefined,
    "description": "engine2 cylinder head temperature - F",
    "length": undefined,
    "mapping": undefined,
    "name": "engine2CHT",
    "permission": "r",
    "type": 8,
    "value": 2432,
  },
  "engine2EGT": Offset {
    "category": "engine",
    "convert": "Math.round({VAL} * 860 / 16384)",
    "description": "engine2 exhaust gas temperature - Trust only on jet engine - celsius",
    "length": undefined,
    "mapping": undefined,
    "name": "engine2EGT",
    "permission": "r",
    "type": 2,
    "value": 2390,
  },
  "engine2Firing": Offset {
    "category": "engine",
    "convert": "!!{VAL}",
    "description": "engine 2 combustion",
    "length": undefined,
    "mapping": undefined,
    "name": "engine2Firing",
    "permission": "r",
    "type": 5,
    "value": 2348,
  },
  "engine2FuelElapsedTime": Offset {
    "category": "engine",
    "convert": undefined,
    "description": "engine2 fuel elapsed time - h",
    "length": undefined,
    "mapping": undefined,
    "name": "engine2FuelElapsedTime",
    "permission": "r",
    "type": 9,
    "value": 2472,
  },
  "engine2FuelFlowLbHour": Offset {
    "category": "engine",
    "convert": undefined,
    "description": "engine2 fuel elapsed time - lb/h",
    "length": undefined,
    "mapping": undefined,
    "name": "engine2FuelFlowLbHour",
    "permission": "r",
    "type": 8,
    "value": 2480,
  },
  "engine2FuelFlowLbHourSSL": Offset {
    "category": "engine",
    "convert": "{VAL} / 128",
    "description": "engine2 fuel flow (lb per hour, sea level)",
    "length": undefined,
    "mapping": undefined,
    "name": "engine2FuelFlowLbHourSSL",
    "permission": "r",
    "type": 5,
    "value": 2360,
  },
  "engine2FuelPres": Offset {
    "category": "engine",
    "convert": "{VAL} / 144",
    "description": "engine2 fuel pressure - PSI",
    "length": undefined,
    "mapping": undefined,
    "name": "engine2FuelPres",
    "permission": "r",
    "type": 3,
    "value": 2448,
  },
  "engine2FuelUsedSinceStart": Offset {
    "category": "engine",
    "convert": undefined,
    "description": "engine2 used fuel since start - lb",
    "length": undefined,
    "mapping": undefined,
    "name": "engine2FuelUsedSinceStart",
    "permission": "r",
    "type": 9,
    "value": 2468,
  },
  "engine2HydPres": Offset {
    "category": "engine",
    "convert": "{VAL} / 4",
    "description": "engine2 hydraulic pressure - PSI",
    "length": undefined,
    "mapping": undefined,
    "name": "engine2HydPres",
    "permission": "r",
    "type": 3,
    "value": 2416,
  },
  "engine2HydQuantity": Offset {
    "category": "engine",
    "convert": "{VAL} / 16384 * 100",
    "description": "engine2 hydraulic quantity - percent",
    "length": undefined,
    "mapping": undefined,
    "name": "engine2HydQuantity",
    "permission": "r",
    "type": 3,
    "value": 2420,
  },
  "engine2ITT": Offset {
    "category": "engine",
    "convert": "{VAL} / 16384",
    "description": "engine2 turbine temperature - C",
    "length": undefined,
    "mapping": undefined,
    "name": "engine2ITT",
    "permission": "r",
    "type": 3,
    "value": 2440,
  },
  "engine2MP": Offset {
    "category": "engine",
    "convert": "{VAL} / 1024",
    "description": "engine2 manifold pressure - inHg",
    "length": undefined,
    "mapping": undefined,
    "name": "engine2MP",
    "permission": "r",
    "type": 5,
    "value": 2392,
  },
  "engine2MixtureLever": Offset {
    "category": "engine",
    "convert": "{VAL} / 16384 * 100",
    "description": "engine 2 prop lever - percent",
    "length": undefined,
    "mapping": undefined,
    "name": "engine2MixtureLever",
    "permission": "rw",
    "type": 2,
    "value": 2344,
  },
  "engine2N1": Offset {
    "category": "engine",
    "convert": "{VAL} / 16384 * 100",
    "description": "engine 2 N1 - also helo RPM %",
    "length": undefined,
    "mapping": undefined,
    "name": "engine2N1",
    "permission": "rw",
    "type": 2,
    "value": 2352,
  },
  "engine2N2": Offset {
    "category": "engine",
    "convert": "{VAL} / 16384 * 100",
    "description": "engine 2 N2 - also helo RPM %",
    "length": undefined,
    "mapping": undefined,
    "name": "engine2N2",
    "permission": "rw",
    "type": 2,
    "value": 2350,
  },
  "engine2OilPres": Offset {
    "category": "engine",
    "convert": "Math.round({VAL} * 55 / 16384)",
    "description": "engine2 oil pressure - PSI",
    "length": undefined,
    "mapping": undefined,
    "name": "engine2OilPres",
    "permission": "r",
    "type": 5,
    "value": 2386,
  },
  "engine2OilQuantity": Offset {
    "category": "engine",
    "convert": "Math.round({VAL} / 16384 * 100)",
    "description": "engine2 oil quantity - percent",
    "length": undefined,
    "mapping": undefined,
    "name": "engine2OilQuantity",
    "permission": "r",
    "type": 3,
    "value": 2408,
  },
  "engine2OilTemp": Offset {
    "category": "engine",
    "convert": "Math.round({VAL} * 140 / 16384)",
    "description": "engine2 oil temp - celsius",
    "length": undefined,
    "mapping": undefined,
    "name": "engine2OilTemp",
    "permission": "r",
    "type": 2,
    "value": 2384,
  },
  "engine2PressureRatio": Offset {
    "category": "engine",
    "convert": "{VAL} * 1.6 / 16384",
    "description": "engine2 pressure ratio",
    "length": undefined,
    "mapping": undefined,
    "name": "engine2PressureRatio",
    "permission": "r",
    "type": 2,
    "value": 2388,
  },
  "engine2PropLever": Offset {
    "category": "engine",
    "convert": "Math.round({VAL} < 0 ? {VAL} / 4096 * 100 : {VAL} / 16384 * 100)",
    "description": "engine 2 prop lever - percent - negative = reverse",
    "length": undefined,
    "mapping": undefined,
    "name": "engine2PropLever",
    "permission": "rw",
    "type": 2,
    "value": 2342,
  },
  "engine2PropRPM": Offset {
    "category": "engine",
    "convert": "{VAL} / 16384 / 65536",
    "description": "derive RPM by multiplying by  - negative = counter-rotating propeller",
    "length": undefined,
    "mapping": undefined,
    "name": "engine2PropRPM",
    "permission": "rw",
    "type": 2,
    "value": 2352,
  },
  "engine2RPMScaler": Offset {
    "category": "engine",
    "convert": undefined,
    "description": "engine2 RPM Scaler - props: used to calculate RPM",
    "length": undefined,
    "mapping": undefined,
    "name": "engine2RPMScaler",
    "permission": "r",
    "type": 2,
    "value": 2400,
  },
  "engine2StarterSwitchPosition": Offset {
    "category": "engine",
    "convert": undefined,
    "description": "engine2 start switch position - JET: 0=off 1=start 2=gen/alt - PROP: 0=off 1=right 2=left 3=both 4=start",
    "length": undefined,
    "mapping": undefined,
    "name": "engine2StarterSwitchPosition",
    "permission": "rw",
    "type": 5,
    "value": 2346,
  },
  "engine2ThrottleLever": Offset {
    "category": "engine",
    "convert": "Math.round({VAL} < 0 ? {VAL} / 4096 * 100 : {VAL} / 16384 * 100)",
    "description": "engine 2 throttle lever - percent - negative = reverse",
    "length": undefined,
    "mapping": undefined,
    "name": "engine2ThrottleLever",
    "permission": "r",
    "type": 2,
    "value": 2340,
  },
  "engine2ThrottleLeverControl": Offset {
    "category": "engine",
    "convert": undefined,
    "description": "engine2 throttle lever control - -4096 to +16384",
    "length": undefined,
    "mapping": undefined,
    "name": "engine2ThrottleLeverControl",
    "permission": "rw",
    "type": 2,
    "value": 2354,
  },
  "engine2Torque": Offset {
    "category": "engine",
    "convert": "{VAL} / 16384 * 100",
    "description": "engine2 torque - trust only for helo - percent",
    "length": undefined,
    "mapping": undefined,
    "name": "engine2Torque",
    "permission": "r",
    "type": 3,
    "value": 2444,
  },
  "engine2TorqueFtLb": Offset {
    "category": "engine",
    "convert": undefined,
    "description": "engine2 fuel elapsed time - ft lb",
    "length": undefined,
    "mapping": undefined,
    "name": "engine2TorqueFtLb",
    "permission": "r",
    "type": 9,
    "value": 2488,
  },
  "engine2Vibration": Offset {
    "category": "engine",
    "convert": "Math.round({VAL} * 5 / 16384)",
    "description": "engine2 vibration",
    "length": undefined,
    "mapping": undefined,
    "name": "engine2Vibration",
    "permission": "r",
    "type": 3,
    "value": 2412,
  },
}
`;
