// Jest Snapshot v1, https://goo.gl/fbAQLP

exports[`offset - plane/engines/propeller1 offsets list should have required properties 1`] = `
Object {
  "propeller1AutofeatherArmed": Offset {
    "category": "engine",
    "convert": "!!{VAL}",
    "description": "propeller 1 autofeather armed flag",
    "length": undefined,
    "mapping": undefined,
    "name": "propeller1AutofeatherArmed",
    "permission": "rw",
    "type": 6,
    "value": 9264,
  },
  "propeller1BetaBladeAngle": Offset {
    "category": "engine",
    "convert": "+({VAL}).toFixed(4)",
    "description": "propeller 1 beta blade angle - rad",
    "length": undefined,
    "mapping": undefined,
    "name": "propeller1BetaBladeAngle",
    "permission": "r",
    "type": 8,
    "value": 9240,
  },
  "propeller1DeiceSwitch": Offset {
    "category": "engine",
    "convert": "!!{VAL}",
    "description": "propeller 1 de-ice active",
    "length": undefined,
    "mapping": undefined,
    "name": "propeller1DeiceSwitch",
    "permission": "rw",
    "type": 6,
    "value": 9280,
  },
  "propeller1FeatherSwitch": Offset {
    "category": "engine",
    "convert": "!!{VAL}",
    "description": "propeller 1 feather switch",
    "length": undefined,
    "mapping": undefined,
    "name": "propeller1FeatherSwitch",
    "permission": "rw",
    "type": 6,
    "value": 9268,
  },
  "propeller1Feathered": Offset {
    "category": "engine",
    "convert": "!!{VAL}",
    "description": "propeller 1 feathered",
    "length": undefined,
    "mapping": undefined,
    "name": "propeller1Feathered",
    "permission": "r",
    "type": 6,
    "value": 9252,
  },
  "propeller1FeatheringInhibit": Offset {
    "category": "engine",
    "convert": "!!{VAL}",
    "description": "propeller 1 feathering inhibit",
    "length": undefined,
    "mapping": undefined,
    "name": "propeller1FeatheringInhibit",
    "permission": "rw",
    "type": 6,
    "value": 9248,
  },
  "propeller1PanelAutofeatherSwitch": Offset {
    "category": "engine",
    "convert": "!!{VAL}",
    "description": "propeller 1 panel autofeather switch",
    "length": undefined,
    "mapping": undefined,
    "name": "propeller1PanelAutofeatherSwitch",
    "permission": "rw",
    "type": 6,
    "value": 9272,
  },
  "propeller1RPM": Offset {
    "category": "engine",
    "convert": undefined,
    "description": "propeller 1 RPM",
    "length": undefined,
    "mapping": undefined,
    "name": "propeller1RPM",
    "permission": "r",
    "type": 8,
    "value": 9216,
  },
  "propeller1RPMPercent": Offset {
    "category": "engine",
    "convert": "Math.round(+(+({VAL}).toFixed(4) * 100).toFixed(2))",
    "description": "propeller 1 RPM percent",
    "length": undefined,
    "mapping": undefined,
    "name": "propeller1RPMPercent",
    "permission": "r",
    "type": 8,
    "value": 9224,
  },
  "propeller1Sync": Offset {
    "category": "engine",
    "convert": "!!{VAL}",
    "description": "propeller 1 sync active",
    "length": undefined,
    "mapping": undefined,
    "name": "propeller1Sync",
    "permission": "rw",
    "type": 6,
    "value": 9276,
  },
  "propeller1SyncDeltaLever": Offset {
    "category": "engine",
    "convert": undefined,
    "description": "propeller 1 sync delta lever",
    "length": undefined,
    "mapping": undefined,
    "name": "propeller1SyncDeltaLever",
    "permission": "r",
    "type": 8,
    "value": 9256,
  },
  "propeller1Thrust": Offset {
    "category": "engine",
    "convert": "+({VAL}).toFixed(2)",
    "description": "propeller 1 thrust - lb",
    "length": undefined,
    "mapping": undefined,
    "name": "propeller1Thrust",
    "permission": "r",
    "type": 8,
    "value": 9232,
  },
}
`;
