// Jest Snapshot v1, https://goo.gl/fbAQLP

exports[`offset - plane/autopilot offsets list should have required properties 1`] = `
Object {
  "apAltitudeHold": Offset {
    "category": "autopilot",
    "convert": "!!{VAL}",
    "description": "AP altitude hold",
    "length": undefined,
    "mapping": undefined,
    "name": "apAltitudeHold",
    "permission": "rw",
    "type": 6,
    "value": 2000,
  },
  "apAltitudeValue": Offset {
    "category": "autopilot",
    "convert": "+({VAL} * 3.28084 / 65536).toFixed(2)",
    "description": "AP altitude value - ft",
    "length": undefined,
    "mapping": undefined,
    "name": "apAltitudeValue",
    "permission": "rw",
    "type": 3,
    "value": 2004,
  },
  "apApproachHold": Offset {
    "category": "autopilot",
    "convert": "!!{VAL}",
    "description": "AP Approach hold",
    "length": undefined,
    "mapping": undefined,
    "name": "apApproachHold",
    "permission": "rw",
    "type": 6,
    "value": 2048,
  },
  "apAsHold": Offset {
    "category": "autopilot",
    "convert": "!!{VAL}",
    "description": "AP airspeed hold",
    "length": undefined,
    "mapping": undefined,
    "name": "apAsHold",
    "permission": "rw",
    "type": 6,
    "value": 2012,
  },
  "apAsValue": Offset {
    "category": "autopilot",
    "convert": undefined,
    "description": "AP airspeed value - kt",
    "length": undefined,
    "mapping": undefined,
    "name": "apAsValue",
    "permission": "rw",
    "type": 5,
    "value": 2018,
  },
  "apAttitudeHold": Offset {
    "category": "autopilot",
    "convert": "!!{VAL}",
    "description": "AP attitude hold",
    "length": undefined,
    "mapping": undefined,
    "name": "apAttitudeHold",
    "permission": "rw",
    "type": 6,
    "value": 2008,
  },
  "apAutoThrottleArm": Offset {
    "category": "autopilot",
    "convert": "!!{VAL}",
    "description": "AP autothrottle arm",
    "length": undefined,
    "mapping": undefined,
    "name": "apAutoThrottleArm",
    "permission": "rw",
    "type": 6,
    "value": 2064,
  },
  "apBackCourseHold": Offset {
    "category": "autopilot",
    "convert": "!!{VAL}",
    "description": "AP back course hold",
    "length": undefined,
    "mapping": undefined,
    "name": "apBackCourseHold",
    "permission": "rw",
    "type": 6,
    "value": 2052,
  },
  "apCruiseSpeed": Offset {
    "category": "autopilot",
    "convert": undefined,
    "description": "AP cruise speed",
    "length": undefined,
    "mapping": undefined,
    "name": "apCruiseSpeed",
    "permission": "r",
    "type": 8,
    "value": 12104,
  },
  "apGlideSlopeHold": Offset {
    "category": "autopilot",
    "convert": "!!{VAL}",
    "description": "AP GlideSlope hold",
    "length": undefined,
    "mapping": undefined,
    "name": "apGlideSlopeHold",
    "permission": "rw",
    "type": 6,
    "value": 2044,
  },
  "apHeadingHold": Offset {
    "category": "autopilot",
    "convert": "!!{VAL}",
    "description": "AP heading hold",
    "length": undefined,
    "mapping": undefined,
    "name": "apHeadingHold",
    "permission": "rw",
    "type": 6,
    "value": 1992,
  },
  "apHeadingValue": Offset {
    "category": "autopilot",
    "convert": "Math.round(({VAL} * 360) / 65536)",
    "description": "AP heading value - degrees",
    "length": undefined,
    "mapping": undefined,
    "name": "apHeadingValue",
    "permission": "rw",
    "type": 5,
    "value": 1996,
  },
  "apMachHold": Offset {
    "category": "autopilot",
    "convert": "!!{VAL}",
    "description": "AP mach hold",
    "length": undefined,
    "mapping": undefined,
    "name": "apMachHold",
    "permission": "rw",
    "type": 6,
    "value": 2020,
  },
  "apMachValue": Offset {
    "category": "autopilot",
    "convert": "{VAL} / 65536",
    "description": "AP mach value - mach",
    "length": undefined,
    "mapping": undefined,
    "name": "apMachValue",
    "permission": "rw",
    "type": 6,
    "value": 2024,
  },
  "apMasterSwitch": Offset {
    "category": "autopilot",
    "convert": "!!{VAL}",
    "description": "AP master switch",
    "length": undefined,
    "mapping": undefined,
    "name": "apMasterSwitch",
    "permission": "rw",
    "type": 6,
    "value": 1980,
  },
  "apMaxBank": Offset {
    "category": "autopilot",
    "convert": undefined,
    "description": "AP max bank - degrees",
    "length": undefined,
    "mapping": undefined,
    "name": "apMaxBank",
    "permission": "r",
    "type": 6,
    "value": 11780,
  },
  "apMaxSpeed": Offset {
    "category": "autopilot",
    "convert": undefined,
    "description": "AP max speed",
    "length": undefined,
    "mapping": undefined,
    "name": "apMaxSpeed",
    "permission": "r",
    "type": 8,
    "value": 12096,
  },
  "apNav1Hold": Offset {
    "category": "autopilot",
    "convert": "!!{VAL}",
    "description": "AP NAV1 hold",
    "length": undefined,
    "mapping": undefined,
    "name": "apNav1Hold",
    "permission": "rw",
    "type": 6,
    "value": 1988,
  },
  "apRPMN1Hold": Offset {
    "category": "autopilot",
    "convert": "!!{VAL}",
    "description": "AP RPM/N1 hold",
    "length": undefined,
    "mapping": undefined,
    "name": "apRPMN1Hold",
    "permission": "rw",
    "type": 6,
    "value": 2036,
  },
  "apRPMN1Value": Offset {
    "category": "autopilot",
    "convert": "Math.round({VAL} * 100 / 16384)",
    "description": "AP RPM/N1 value - percent",
    "length": undefined,
    "mapping": undefined,
    "name": "apRPMN1Value",
    "permission": "rw",
    "type": 6,
    "value": 2042,
  },
  "apTOGAAutoThrottle": Offset {
    "category": "autopilot",
    "convert": "!!{VAL}",
    "description": "AP TO/GA throttle hold",
    "length": undefined,
    "mapping": undefined,
    "name": "apTOGAAutoThrottle",
    "permission": "rw",
    "type": 6,
    "value": 2060,
  },
  "apVsHold": Offset {
    "category": "autopilot",
    "convert": "!!{VAL}",
    "description": "AP vertical speed hold",
    "length": undefined,
    "mapping": undefined,
    "name": "apVsHold",
    "permission": "rw",
    "type": 6,
    "value": 2028,
  },
  "apVsValue": Offset {
    "category": "autopilot",
    "convert": undefined,
    "description": "AP vertical speed value - ft/min",
    "length": undefined,
    "mapping": undefined,
    "name": "apVsValue",
    "permission": "rw",
    "type": 2,
    "value": 2034,
  },
  "apWingLevel": Offset {
    "category": "autopilot",
    "convert": "!!{VAL}",
    "description": "AP wing level",
    "length": undefined,
    "mapping": undefined,
    "name": "apWingLevel",
    "permission": "rw",
    "type": 6,
    "value": 1984,
  },
  "apYawDamperHold": Offset {
    "category": "autopilot",
    "convert": "!!{VAL}",
    "description": "AP yaw damper hold",
    "length": undefined,
    "mapping": undefined,
    "name": "apYawDamperHold",
    "permission": "rw",
    "type": 6,
    "value": 2056,
  },
  "autoPilotAvailable": Offset {
    "category": "autopilot",
    "convert": "!!{VAL}",
    "description": "autopilot available",
    "length": undefined,
    "mapping": undefined,
    "name": "autoPilotAvailable",
    "permission": "r",
    "type": 6,
    "value": 1892,
  },
  "flyByWireELACCompFailFlag": Offset {
    "category": "autopilot",
    "convert": "!!{VAL}",
    "description": "fly by wire ELAC comp fail flag (read only)",
    "length": undefined,
    "mapping": undefined,
    "name": "flyByWireELACCompFailFlag",
    "permission": "r",
    "type": 0,
    "value": 1975,
  },
  "flyByWireELACSwitch": Offset {
    "category": "autopilot",
    "convert": "!!{VAL}",
    "description": "fly by wire ELAC switch",
    "length": undefined,
    "mapping": undefined,
    "name": "flyByWireELACSwitch",
    "permission": "rw",
    "type": 0,
    "value": 1974,
  },
  "flyByWireFACCompFailFlag": Offset {
    "category": "autopilot",
    "convert": "!!{VAL}",
    "description": "fly by wire FAC comp fail flag (read only)",
    "length": undefined,
    "mapping": undefined,
    "name": "flyByWireFACCompFailFlag",
    "permission": "r",
    "type": 0,
    "value": 1977,
  },
  "flyByWireFACSwitch": Offset {
    "category": "autopilot",
    "convert": "!!{VAL}",
    "description": "fly by wire FAC switch",
    "length": undefined,
    "mapping": undefined,
    "name": "flyByWireFACSwitch",
    "permission": "rw",
    "type": 0,
    "value": 1976,
  },
  "flyByWireSECCompFailFlag": Offset {
    "category": "autopilot",
    "convert": "!!{VAL}",
    "description": "fly by wire SEC comp fail flag (read only)",
    "length": undefined,
    "mapping": undefined,
    "name": "flyByWireSECCompFailFlag",
    "permission": "r",
    "type": 0,
    "value": 1979,
  },
  "flyByWireSECSwitch": Offset {
    "category": "autopilot",
    "convert": "!!{VAL}",
    "description": "fly by wire SEC switch",
    "length": undefined,
    "mapping": undefined,
    "name": "flyByWireSECSwitch",
    "permission": "rw",
    "type": 0,
    "value": 1978,
  },
}
`;
