// Jest Snapshot v1, https://goo.gl/fbAQLP

exports[`offset - plane/cockpit offsets list should have required properties 1`] = `
Object {
  "alternateStaticAirSource": Offset {
    "category": "cockpit",
    "convert": "!!{VAL}",
    "description": "Alternate static air source selected",
    "length": undefined,
    "mapping": undefined,
    "name": "alternateStaticAirSource",
    "permission": "rw",
    "type": 0,
    "value": 667,
  },
  "altimeterSettings": Offset {
    "category": "cockpit",
    "convert": "{VAL} / 16",
    "description": "altimeters settings - mb",
    "length": undefined,
    "mapping": undefined,
    "name": "altimeterSettings",
    "permission": "rw",
    "type": 5,
    "value": 816,
  },
  "altimeterSettingsG1000": Offset {
    "category": "cockpit",
    "convert": "{VAL} / 16",
    "description": "G1000 altimeters settings - mb",
    "length": undefined,
    "mapping": undefined,
    "name": "altimeterSettingsG1000",
    "permission": "rw",
    "type": 5,
    "value": 818,
  },
  "displayIAS": Offset {
    "category": "cockpit",
    "convert": undefined,
    "description": "display IAS - <= FS2000",
    "length": undefined,
    "mapping": undefined,
    "name": "displayIAS",
    "permission": "rw",
    "type": 5,
    "value": 1554,
  },
  "landingLights": Offset {
    "category": "cockpit",
    "convert": "!!{VAL}",
    "description": "landing lights",
    "length": undefined,
    "mapping": undefined,
    "name": "landingLights",
    "permission": "rw",
    "type": 5,
    "value": 652,
  },
  "lights": Offset {
    "category": "cockpit",
    "convert": "lightsMapping",
    "description": "all lights - FS2000+",
    "length": 2,
    "mapping": true,
    "name": "lights",
    "permission": "rw",
    "type": 12,
    "value": 3340,
  },
  "navLights": Offset {
    "category": "cockpit",
    "convert": "!!{VAL}",
    "description": "nav lights",
    "length": undefined,
    "mapping": undefined,
    "name": "navLights",
    "permission": "rw",
    "type": 0,
    "value": 640,
  },
  "overspeedWarning": Offset {
    "category": "cockpit",
    "convert": "!!{VAL}",
    "description": "overspeed warning",
    "length": undefined,
    "mapping": undefined,
    "name": "overspeedWarning",
    "permission": "r",
    "type": 0,
    "value": 877,
  },
  "pitotHeat": Offset {
    "category": "cockpit",
    "convert": "!!{VAL}",
    "description": "pitot heat active",
    "length": undefined,
    "mapping": undefined,
    "name": "pitotHeat",
    "permission": "rw",
    "type": 2,
    "value": 668,
  },
  "preciseTurnCoordinatorPosition": Offset {
    "category": "cockpit",
    "convert": undefined,
    "description": "Turn coordinator ball position - + to the right, - to the left, 0 balanced",
    "length": undefined,
    "mapping": undefined,
    "name": "preciseTurnCoordinatorPosition",
    "permission": "r",
    "type": 9,
    "value": 896,
  },
  "preciseTurnRate": Offset {
    "category": "cockpit",
    "convert": undefined,
    "description": "Turn rate needle - minutes (- to the left, + to the right)",
    "length": undefined,
    "mapping": undefined,
    "name": "preciseTurnRate",
    "permission": "r",
    "type": 9,
    "value": 900,
  },
  "stallWarning": Offset {
    "category": "cockpit",
    "convert": "!!{VAL}",
    "description": "stall warning",
    "length": undefined,
    "mapping": undefined,
    "name": "stallWarning",
    "permission": "r",
    "type": 0,
    "value": 876,
  },
  "strobeLights": Offset {
    "category": "cockpit",
    "convert": "!!{VAL}",
    "description": "strobe lights",
    "length": undefined,
    "mapping": undefined,
    "name": "strobeLights",
    "permission": "rw",
    "type": 0,
    "value": 641,
  },
  "turnCoordinatorPosition": Offset {
    "category": "cockpit",
    "convert": undefined,
    "description": "Turn coordinator ball position - + to the right, - to the left, 0 balanced",
    "length": undefined,
    "mapping": undefined,
    "name": "turnCoordinatorPosition",
    "permission": "r",
    "type": 1,
    "value": 878,
  },
  "turnRate": Offset {
    "category": "cockpit",
    "convert": "Math.round({VAL} / 1024)",
    "description": "Turn rate needle - minutes (- to the left, + to the right)",
    "length": undefined,
    "mapping": undefined,
    "name": "turnRate",
    "permission": "r",
    "type": 2,
    "value": 892,
  },
}
`;
