// Jest Snapshot v1, https://goo.gl/fbAQLP

exports[`offset - plane/cockpit offsets list should have required properties 1`] = `
Object {
  "NDArcCentered738EFIS": Offset {
    "category": "cockpit",
    "convert": undefined,
    "description": "Default 738 EFIS: ND arc=0, centred=1",
    "length": undefined,
    "mapping": undefined,
    "name": "NDArcCentered738EFIS",
    "permission": "rw",
    "type": 5,
    "value": 3594,
  },
  "NDILSSwitchA321EFIS": Offset {
    "category": "cockpit",
    "convert": "!!{VAL}",
    "description": "Default A321 EFIS: ND ILS mode button, 0 = off, 1=on",
    "length": undefined,
    "mapping": undefined,
    "name": "NDILSSwitchA321EFIS",
    "permission": "rw",
    "type": 5,
    "value": 3606,
  },
  "NDInHghPASwitchA321EFIS": Offset {
    "category": "cockpit",
    "convert": undefined,
    "description": "Default A321 EFIS: ND InHg/hPA switch, 0=InHg, 1=hPA",
    "length": undefined,
    "mapping": undefined,
    "name": "NDInHghPASwitchA321EFIS",
    "permission": "rw",
    "type": 5,
    "value": 3604,
  },
  "NDMapItems738A321EFIS": Offset {
    "category": "cockpit",
    "convert": undefined,
    "description": "Default 738 and A321 EFIS: ND map items shown: 738: 0=WPT, 1=APT, 2=NDB, 3=VOR - A321: 0=WPT, 1=VOR, 2=NDB, 3=APT",
    "length": undefined,
    "mapping": undefined,
    "name": "NDMapItems738A321EFIS",
    "permission": "rw",
    "type": 5,
    "value": 3588,
  },
  "NDMode738EFIS": Offset {
    "category": "cockpit",
    "convert": undefined,
    "description": "Default 738 EFIS: ND mode:0=APP, 1=VOR, 2=MAP",
    "length": undefined,
    "mapping": undefined,
    "name": "NDMode738EFIS",
    "permission": "rw",
    "type": 5,
    "value": 3586,
  },
  "NDModeA321EFIS": Offset {
    "category": "cockpit",
    "convert": undefined,
    "description": "Default A321 EFIS: ND mode: 0=ILS, 1=VOR, 2=NAV, 3=ARC",
    "length": undefined,
    "mapping": undefined,
    "name": "NDModeA321EFIS",
    "permission": "rw",
    "type": 5,
    "value": 3598,
  },
  "NDScale738A321EFIS": Offset {
    "category": "cockpit",
    "convert": undefined,
    "description": "Default 738 and A321 EFIS: ND scale: 738: 0=5nm up to 7=640nm - A321: 0=10nm up to 5=320nm",
    "length": undefined,
    "mapping": undefined,
    "name": "NDScale738A321EFIS",
    "permission": "rw",
    "type": 5,
    "value": 3584,
  },
  "NDVORADF1Switch738EFIS": Offset {
    "category": "cockpit",
    "convert": undefined,
    "description": "Default 738 EFIS: ND VOR/ADF1 switch: 0=VOR, 1=OFF, 2=ADF",
    "length": undefined,
    "mapping": undefined,
    "name": "NDVORADF1Switch738EFIS",
    "permission": "rw",
    "type": 5,
    "value": 3590,
  },
  "NDVORADF1SwitchA321EFIS": Offset {
    "category": "cockpit",
    "convert": undefined,
    "description": "Default A321 EFIS: ND VOR/ADF1 switch: 0=VOR, 1=OFF, 2=ADF",
    "length": undefined,
    "mapping": undefined,
    "name": "NDVORADF1SwitchA321EFIS",
    "permission": "rw",
    "type": 5,
    "value": 3600,
  },
  "NDVORADF2Switch738EFIS": Offset {
    "category": "cockpit",
    "convert": undefined,
    "description": "Default 738 EFIS: ND VOR/ADF2 switch: 0=VOR, 1=OFF, 2=ADF",
    "length": undefined,
    "mapping": undefined,
    "name": "NDVORADF2Switch738EFIS",
    "permission": "rw",
    "type": 5,
    "value": 3592,
  },
  "NDVORADF2SwitchA321EFIS": Offset {
    "category": "cockpit",
    "convert": undefined,
    "description": "Default A321 EFIS: ND VOR/ADF2 switch: 0=VOR, 1=OFF, 2=ADF",
    "length": undefined,
    "mapping": undefined,
    "name": "NDVORADF2SwitchA321EFIS",
    "permission": "rw",
    "type": 5,
    "value": 3602,
  },
  "alternateStaticAirSource": Offset {
    "category": "cockpit",
    "convert": "!!{VAL}",
    "description": "Alternate static air source selected",
    "length": undefined,
    "mapping": undefined,
    "name": "alternateStaticAirSource",
    "permission": "rw",
    "type": 0,
    "value": 667,
  },
  "altimeterSettings": Offset {
    "category": "cockpit",
    "convert": "{VAL} / 16",
    "description": "altimeters settings - mb",
    "length": undefined,
    "mapping": undefined,
    "name": "altimeterSettings",
    "permission": "rw",
    "type": 5,
    "value": 816,
  },
  "altimeterSettingsG1000": Offset {
    "category": "cockpit",
    "convert": "{VAL} / 16",
    "description": "G1000 altimeters settings - mb",
    "length": undefined,
    "mapping": undefined,
    "name": "altimeterSettingsG1000",
    "permission": "rw",
    "type": 5,
    "value": 818,
  },
  "altitudeChangeRate321EFIS": Offset {
    "category": "cockpit",
    "convert": "{VAL} === 0 ? 100 : 1000",
    "description": "Default A321 EFIS: Altitude change rate switch (0 = 100, 1=1000)",
    "length": undefined,
    "mapping": undefined,
    "name": "altitudeChangeRate",
    "permission": "r",
    "type": 5,
    "value": 3610,
  },
  "attitudeCageButton": Offset {
    "category": "cockpit",
    "convert": "!!{VAL}",
    "description": "attitude cage button",
    "length": undefined,
    "mapping": undefined,
    "name": "attitudeCageButton",
    "permission": "rw",
    "type": 6,
    "value": 12136,
  },
  "attitudeIndicatorBank": Offset {
    "category": "cockpit",
    "convert": undefined,
    "description": "attitude indicator bank - degrees",
    "length": undefined,
    "mapping": undefined,
    "name": "attitudeIndicatorBank",
    "permission": "r",
    "type": 8,
    "value": 12152,
  },
  "attitudeIndicatorPitch": Offset {
    "category": "cockpit",
    "convert": undefined,
    "description": "attitude indicator pitch - degrees",
    "length": undefined,
    "mapping": undefined,
    "name": "attitudeIndicatorPitch",
    "permission": "r",
    "type": 8,
    "value": 12144,
  },
  "autopilotSpeedSwitch321EFIS": Offset {
    "category": "cockpit",
    "convert": "!!{VAL}",
    "description": "Default 321 EFIS: AP speed/mach C/O button (pressed if 1, not pressed if 0). ",
    "length": undefined,
    "mapping": undefined,
    "name": "autopilotSpeedSwitch321EFIS",
    "permission": "r",
    "type": 5,
    "value": 3608,
  },
  "autopilotSpeedSwitch738EFIS": Offset {
    "category": "cockpit",
    "convert": "!!{VAL}",
    "description": "Default 738 EFIS: AP speed/mach C/O button (pressed if 1, not pressed if 0). ",
    "length": undefined,
    "mapping": undefined,
    "name": "autopilotSpeedSwitch738EFIS",
    "permission": "r",
    "type": 5,
    "value": 3596,
  },
  "barberPoleMach": Offset {
    "category": "cockpit",
    "convert": undefined,
    "description": "barber pole mach",
    "length": undefined,
    "mapping": undefined,
    "name": "barberPoleMach",
    "permission": "r",
    "type": 8,
    "value": 12112,
  },
  "bleedAirSourceControl": Offset {
    "category": "cockpit",
    "convert": undefined,
    "description": "0=Min, 1=auto, 2=Off, 3=APU, 4=Engines - FSX A321: 0=Auto, 1=Shut (off), 2=APU, 3=Engines",
    "length": undefined,
    "mapping": undefined,
    "name": "bleedAirSourceControl",
    "permission": "rw",
    "type": 0,
    "value": 2896,
  },
  "displayIAS": Offset {
    "category": "cockpit",
    "convert": undefined,
    "description": "display IAS - <= FS2000",
    "length": undefined,
    "mapping": undefined,
    "name": "displayIAS",
    "permission": "rw",
    "type": 5,
    "value": 1554,
  },
  "fuelFlowAtCruise": Offset {
    "category": "cockpit",
    "convert": undefined,
    "description": "Estimated fuel flow at cruise - lb/h",
    "length": undefined,
    "mapping": undefined,
    "name": "fuelFlowAtCruise",
    "permission": "r",
    "type": 3,
    "value": 4720,
  },
  "gyroCompassHeading": Offset {
    "category": "cockpit",
    "convert": "Math.round({VAL})",
    "description": "gyro compass heading (MAG) including drift",
    "length": undefined,
    "mapping": undefined,
    "name": "gyroCompassHeading",
    "permission": "r",
    "type": 8,
    "value": 11008,
  },
  "gyroDrift": Offset {
    "category": "cockpit",
    "convert": "Math.round({VAL} * 360 / 65536)",
    "description": "gyro drift - degrees",
    "length": undefined,
    "mapping": undefined,
    "name": "gyroDrift",
    "permission": "rw",
    "type": 2,
    "value": 3134,
  },
  "landingLights": Offset {
    "category": "cockpit",
    "convert": "!!{VAL}",
    "description": "landing lights",
    "length": undefined,
    "mapping": undefined,
    "name": "landingLights",
    "permission": "rw",
    "type": 5,
    "value": 652,
  },
  "lights": Offset {
    "category": "cockpit",
    "convert": "lightsMapping",
    "description": "all lights - FS2000+",
    "length": 2,
    "mapping": true,
    "name": "lights",
    "permission": "rw",
    "type": 12,
    "value": 3340,
  },
  "navLights": Offset {
    "category": "cockpit",
    "convert": "!!{VAL}",
    "description": "nav lights",
    "length": undefined,
    "mapping": undefined,
    "name": "navLights",
    "permission": "rw",
    "type": 0,
    "value": 640,
  },
  "overspeedWarning": Offset {
    "category": "cockpit",
    "convert": "!!{VAL}",
    "description": "overspeed warning",
    "length": undefined,
    "mapping": undefined,
    "name": "overspeedWarning",
    "permission": "r",
    "type": 0,
    "value": 877,
  },
  "panelAutoFeatherArmSwitch": Offset {
    "category": "cockpit",
    "convert": "!!{VAL}",
    "description": "panel auto-feather arm switch",
    "length": undefined,
    "mapping": undefined,
    "name": "panelAutoFeatherArmSwitch",
    "permission": "rw",
    "type": 6,
    "value": 11912,
  },
  "pitotHeat": Offset {
    "category": "cockpit",
    "convert": "!!{VAL}",
    "description": "pitot heat active",
    "length": undefined,
    "mapping": undefined,
    "name": "pitotHeat",
    "permission": "rw",
    "type": 2,
    "value": 668,
  },
  "preciseTurnCoordinatorPosition": Offset {
    "category": "cockpit",
    "convert": undefined,
    "description": "Turn coordinator ball position - + to the right, - to the left, 0 balanced",
    "length": undefined,
    "mapping": undefined,
    "name": "preciseTurnCoordinatorPosition",
    "permission": "r",
    "type": 9,
    "value": 896,
  },
  "preciseTurnRate": Offset {
    "category": "cockpit",
    "convert": undefined,
    "description": "Turn rate needle - minutes (- to the left, + to the right)",
    "length": undefined,
    "mapping": undefined,
    "name": "preciseTurnRate",
    "permission": "r",
    "type": 9,
    "value": 900,
  },
  "propSyncActive": Offset {
    "category": "cockpit",
    "convert": "!!{VAL}",
    "description": "prop sync active",
    "length": undefined,
    "mapping": undefined,
    "name": "propSyncActive",
    "permission": "rw",
    "type": 6,
    "value": 11976,
  },
  "stallWarning": Offset {
    "category": "cockpit",
    "convert": "!!{VAL}",
    "description": "stall warning",
    "length": undefined,
    "mapping": undefined,
    "name": "stallWarning",
    "permission": "r",
    "type": 0,
    "value": 876,
  },
  "standbyVacuumCircuitActive": Offset {
    "category": "cockpit",
    "convert": "!!{VAL}",
    "description": "standby vacuum circuit active",
    "length": undefined,
    "mapping": undefined,
    "name": "standbyVacuumCircuitActive",
    "permission": "rw",
    "type": 6,
    "value": 11920,
  },
  "strobeLights": Offset {
    "category": "cockpit",
    "convert": "!!{VAL}",
    "description": "strobe lights",
    "length": undefined,
    "mapping": undefined,
    "name": "strobeLights",
    "permission": "rw",
    "type": 0,
    "value": 641,
  },
  "suctionPressure": Offset {
    "category": "cockpit",
    "convert": undefined,
    "description": "gyro suction - inHg",
    "length": undefined,
    "mapping": undefined,
    "name": "suctionPressure",
    "permission": "r",
    "type": 8,
    "value": 2840,
  },
  "turnCoordinatorPosition": Offset {
    "category": "cockpit",
    "convert": undefined,
    "description": "Turn coordinator ball position - + to the right, - to the left, 0 balanced",
    "length": undefined,
    "mapping": undefined,
    "name": "turnCoordinatorPosition",
    "permission": "r",
    "type": 1,
    "value": 878,
  },
  "turnRate": Offset {
    "category": "cockpit",
    "convert": "Math.round({VAL} / 1024)",
    "description": "Turn rate needle - minutes (- to the left, + to the right)",
    "length": undefined,
    "mapping": undefined,
    "name": "turnRate",
    "permission": "r",
    "type": 2,
    "value": 892,
  },
}
`;
