// Jest Snapshot v1, https://goo.gl/fbAQLP

exports[`offset - plane/controls offsets list should have required properties 1`] = `
Object {
  "aileronIndicator": Offset {
    "category": "controls",
    "convert": undefined,
    "description": "aileron indicator",
    "length": undefined,
    "mapping": undefined,
    "name": "aileronIndicator",
    "permission": "r",
    "type": 2,
    "value": 3000,
  },
  "aileronPositionControl": Offset {
    "category": "controls",
    "convert": "Math.round({VAL} / 16383 * 100)",
    "description": "aileron position control - percent",
    "length": undefined,
    "mapping": undefined,
    "name": "aileronPositionControl",
    "permission": "rw",
    "type": 2,
    "value": 2998,
  },
  "autoRudder": Offset {
    "category": "controls",
    "convert": "!!{VAL}",
    "description": "auto coordination",
    "length": undefined,
    "mapping": undefined,
    "name": "autoRudder",
    "permission": "rw",
    "type": 2,
    "value": 632,
  },
  "brakingIndicator": Offset {
    "category": "controls",
    "convert": "appliedBrakes",
    "description": "braking indicator",
    "length": undefined,
    "mapping": true,
    "name": "brakingIndicator",
    "permission": "r",
    "type": 2,
    "value": 3018,
  },
  "elevatorIndicator": Offset {
    "category": "controls",
    "convert": undefined,
    "description": "elevator indicator",
    "length": undefined,
    "mapping": undefined,
    "name": "elevatorIndicator",
    "permission": "r",
    "type": 2,
    "value": 2996,
  },
  "elevatorPositionControl": Offset {
    "category": "controls",
    "convert": "Math.round({VAL} / 16383 * 100)",
    "description": "elevator position control - percent",
    "length": undefined,
    "mapping": undefined,
    "name": "elevatorPositionControl",
    "permission": "rw",
    "type": 2,
    "value": 2994,
  },
  "elevatorTrimIndicator": Offset {
    "category": "controls",
    "convert": undefined,
    "description": "elevator trim indicator",
    "length": undefined,
    "mapping": undefined,
    "name": "elevatorTrimIndicator",
    "permission": "r",
    "type": 2,
    "value": 3010,
  },
  "elevatorTrimPositionControl": Offset {
    "category": "controls",
    "convert": "Math.round({VAL} / 16383 * 100)",
    "description": "elevator trim position control - percent",
    "length": undefined,
    "mapping": undefined,
    "name": "elevatorTrimPositionControl",
    "permission": "rw",
    "type": 2,
    "value": 3008,
  },
  "leftAileronDeflection": Offset {
    "category": "controls",
    "convert": undefined,
    "description": "left aileron deflection - radians",
    "length": undefined,
    "mapping": undefined,
    "name": "leftAileronDeflection",
    "permission": "r",
    "type": 8,
    "value": 944,
  },
  "leftBrakeApplication": Offset {
    "category": "controls",
    "convert": "Math.round({VAL} / 16383 * 100)",
    "description": "left brake application pressure - percent - will match 100% if parking brake on",
    "length": undefined,
    "mapping": undefined,
    "name": "leftBrakeApplication",
    "permission": "r",
    "type": 2,
    "value": 3012,
  },
  "parkingBrake": Offset {
    "category": "controls",
    "convert": "typeof {VAL} === \`boolean\` ? {VAL} ? 32767 : 0 : {VAL} >= 32767",
    "description": "parking brake active",
    "length": undefined,
    "mapping": undefined,
    "name": "parkingBrake",
    "permission": "r",
    "type": 2,
    "value": 3016,
  },
  "propellerPitchControl": Offset {
    "category": "controls",
    "convert": undefined,
    "description": "0=fixed, 1=auto, 2=manual",
    "length": undefined,
    "mapping": undefined,
    "name": "propellerPitchControl",
    "permission": "rw",
    "type": 5,
    "value": 2800,
  },
  "rightAileronDeflection": Offset {
    "category": "controls",
    "convert": undefined,
    "description": "right aileron deflection - radians",
    "length": undefined,
    "mapping": undefined,
    "name": "rightAileronDeflection",
    "permission": "r",
    "type": 8,
    "value": 952,
  },
  "rightBrakeApplication": Offset {
    "category": "controls",
    "convert": "Math.round({VAL} / 16383 * 100)",
    "description": "right brake application pressure - percent - will match 100% if parking brake on",
    "length": undefined,
    "mapping": undefined,
    "name": "rightBrakeApplication",
    "permission": "r",
    "type": 2,
    "value": 3014,
  },
  "rotorClutchSwitch": Offset {
    "category": "controls",
    "convert": "!!{VAL}",
    "description": "rotor clutch switch",
    "length": undefined,
    "mapping": undefined,
    "name": "rotorClutchSwitch",
    "permission": "rw",
    "type": 0,
    "value": 2185,
  },
  "rudderIndicator": Offset {
    "category": "controls",
    "convert": undefined,
    "description": "rudder indicator",
    "length": undefined,
    "mapping": undefined,
    "name": "rudderIndicator",
    "permission": "r",
    "type": 2,
    "value": 3004,
  },
  "rudderPositionControl": Offset {
    "category": "controls",
    "convert": "Math.round({VAL} / 16383 * 100)",
    "description": "rudder position control - percent",
    "length": undefined,
    "mapping": undefined,
    "name": "rudderPositionControl",
    "permission": "rw",
    "type": 2,
    "value": 3002,
  },
  "spoilerLeftPosition": Offset {
    "category": "controls",
    "convert": "Math.round({VAL} / 16383 * 100)",
    "description": "left spoiler position - percent",
    "length": undefined,
    "mapping": undefined,
    "name": "spoilerLeftPosition",
    "permission": "rw",
    "type": 3,
    "value": 3028,
  },
  "spoilerRightPosition": Offset {
    "category": "controls",
    "convert": "Math.round({VAL} / 16383 * 100)",
    "description": "right spoiler position - percent",
    "length": undefined,
    "mapping": undefined,
    "name": "spoilerRightPosition",
    "permission": "rw",
    "type": 3,
    "value": 3032,
  },
  "spoilersArm": Offset {
    "category": "controls",
    "convert": "!!{VAL}",
    "description": "spoilers arm indicator",
    "length": undefined,
    "mapping": undefined,
    "name": "spoilersArm",
    "permission": "rw",
    "type": 3,
    "value": 3020,
  },
  "spoilersControl": Offset {
    "category": "controls",
    "convert": "spoilersControl",
    "description": "spoilers control - percent",
    "length": undefined,
    "mapping": true,
    "name": "spoilersControl",
    "permission": "rw",
    "type": 3,
    "value": 3024,
  },
}
`;
