// Jest Snapshot v1, https://goo.gl/fbAQLP

exports[`offset - plane/electric offsets list should have required properties 1`] = `
Object {
  "avionicsBusAmps": Offset {
    "category": "electric",
    "convert": undefined,
    "description": "avionics bus amps",
    "length": undefined,
    "mapping": undefined,
    "name": "avionicsBusAmps",
    "permission": "r",
    "type": 8,
    "value": 10328,
  },
  "avionicsBusVoltage": Offset {
    "category": "electric",
    "convert": undefined,
    "description": "avionics bus voltage",
    "length": undefined,
    "mapping": undefined,
    "name": "avionicsBusVoltage",
    "permission": "r",
    "type": 8,
    "value": 10320,
  },
  "batteryBusAmps": Offset {
    "category": "electric",
    "convert": undefined,
    "description": "battery bus amps",
    "length": undefined,
    "mapping": undefined,
    "name": "batteryBusAmps",
    "permission": "r",
    "type": 8,
    "value": 10360,
  },
  "batteryBusVoltage": Offset {
    "category": "electric",
    "convert": undefined,
    "description": "battery bus voltage",
    "length": undefined,
    "mapping": undefined,
    "name": "batteryBusVoltage",
    "permission": "r",
    "type": 8,
    "value": 10352,
  },
  "batteryLoad": Offset {
    "category": "electric",
    "convert": undefined,
    "description": "battery load",
    "length": undefined,
    "mapping": undefined,
    "name": "batteryLoad",
    "permission": "r",
    "type": 8,
    "value": 10284,
  },
  "batteryVoltage": Offset {
    "category": "electric",
    "convert": undefined,
    "description": "battery voltage",
    "length": undefined,
    "mapping": undefined,
    "name": "batteryVoltage",
    "permission": "r",
    "type": 8,
    "value": 10292,
  },
  "generatorAlternator1BusAmps": Offset {
    "category": "electric",
    "convert": undefined,
    "description": "generator alternator 1 bus amps",
    "length": undefined,
    "mapping": undefined,
    "name": "generatorAlternator1BusAmps",
    "permission": "r",
    "type": 8,
    "value": 10376,
  },
  "generatorAlternator1BusVoltage": Offset {
    "category": "electric",
    "convert": undefined,
    "description": "generator alternator 1 bus voltage",
    "length": undefined,
    "mapping": undefined,
    "name": "generatorAlternator1BusVoltage",
    "permission": "r",
    "type": 8,
    "value": 10368,
  },
  "generatorAlternator2BusAmps": Offset {
    "category": "electric",
    "convert": undefined,
    "description": "generator alternator 2 bus amps",
    "length": undefined,
    "mapping": undefined,
    "name": "generatorAlternator2BusAmps",
    "permission": "r",
    "type": 8,
    "value": 10392,
  },
  "generatorAlternator2BusVoltage": Offset {
    "category": "electric",
    "convert": undefined,
    "description": "generator alternator 2 bus voltage",
    "length": undefined,
    "mapping": undefined,
    "name": "generatorAlternator2BusVoltage",
    "permission": "r",
    "type": 8,
    "value": 10384,
  },
  "generatorAlternator3BusAmps": Offset {
    "category": "electric",
    "convert": undefined,
    "description": "generator alternator 3 bus amps",
    "length": undefined,
    "mapping": undefined,
    "name": "generatorAlternator3BusAmps",
    "permission": "r",
    "type": 8,
    "value": 10408,
  },
  "generatorAlternator3BusVoltage": Offset {
    "category": "electric",
    "convert": undefined,
    "description": "generator alternator 3 bus voltage",
    "length": undefined,
    "mapping": undefined,
    "name": "generatorAlternator3BusVoltage",
    "permission": "r",
    "type": 8,
    "value": 10400,
  },
  "generatorAlternator4BusAmps": Offset {
    "category": "electric",
    "convert": undefined,
    "description": "generator alternator 4 bus amps",
    "length": undefined,
    "mapping": undefined,
    "name": "generatorAlternator4BusAmps",
    "permission": "r",
    "type": 8,
    "value": 10424,
  },
  "generatorAlternator4BusVoltage": Offset {
    "category": "electric",
    "convert": undefined,
    "description": "generator alternator 4 bus voltage",
    "length": undefined,
    "mapping": undefined,
    "name": "generatorAlternator4BusVoltage",
    "permission": "r",
    "type": 8,
    "value": 10416,
  },
  "hotBatteryBusAmps": Offset {
    "category": "electric",
    "convert": undefined,
    "description": "hot battery bus amps",
    "length": undefined,
    "mapping": undefined,
    "name": "hotBatteryBusAmps",
    "permission": "r",
    "type": 8,
    "value": 10344,
  },
  "hotBatteryBusVoltage": Offset {
    "category": "electric",
    "convert": undefined,
    "description": "hot battery bus voltage",
    "length": undefined,
    "mapping": undefined,
    "name": "hotBatteryBusVoltage",
    "permission": "r",
    "type": 8,
    "value": 10336,
  },
  "mainBusAmps": Offset {
    "category": "electric",
    "convert": undefined,
    "description": "main bus amps",
    "length": undefined,
    "mapping": undefined,
    "name": "mainBusAmps",
    "permission": "r",
    "type": 8,
    "value": 10312,
  },
  "mainBusVoltage": Offset {
    "category": "electric",
    "convert": undefined,
    "description": "main bus voltage",
    "length": undefined,
    "mapping": undefined,
    "name": "mainBusVoltage",
    "permission": "r",
    "type": 8,
    "value": 10304,
  },
  "masterAvionicsSwitch": Offset {
    "category": "electric",
    "convert": "!!{VAL}",
    "description": "master avionics switch",
    "length": undefined,
    "mapping": undefined,
    "name": "masterAvionicsSwitch",
    "permission": "rw",
    "type": 6,
    "value": 11904,
  },
  "masterBatterySwitch": Offset {
    "category": "electric",
    "convert": "!!{VAL}",
    "description": "battery master switch",
    "length": undefined,
    "mapping": undefined,
    "name": "masterBatterySwitch",
    "permission": "rw",
    "type": 6,
    "value": 10268,
  },
  "totalLoadAmp": Offset {
    "category": "electric",
    "convert": undefined,
    "description": "total load amps",
    "length": undefined,
    "mapping": undefined,
    "name": "totalLoadAmp",
    "permission": "r",
    "type": 8,
    "value": 10276,
  },
}
`;
