// Jest Snapshot v1, https://goo.gl/fbAQLP

exports[`offset - plane/engines offsets list should have required properties 1`] = `
Object {
  "activeEngine": Offset {
    "category": "engine",
    "convert": undefined,
    "description": "active engine pattern",
    "length": 1,
    "mapping": undefined,
    "name": "activeEngine",
    "permission": "rw",
    "type": 12,
    "value": 2184,
  },
  "engine1AntiIce": Offset {
    "category": "engine",
    "convert": "!!{VAL}",
    "description": "engine1 anti-ice/carb heat active",
    "length": undefined,
    "mapping": undefined,
    "name": "engine1AntiIce",
    "permission": "r",
    "type": 5,
    "value": 2226,
  },
  "engine1CHT": Offset {
    "category": "engine",
    "convert": undefined,
    "description": "engine1 cylinder head temperature - F",
    "length": undefined,
    "mapping": undefined,
    "name": "engine1CHT",
    "permission": "r",
    "type": 8,
    "value": 2280,
  },
  "engine1EGT": Offset {
    "category": "engine",
    "convert": "Math.round({VAL} * 860 / 16384)",
    "description": "engine1 exhaust gas temperature - Trust only on jet engine - celsius",
    "length": undefined,
    "mapping": undefined,
    "name": "engine1EGT",
    "permission": "r",
    "type": 5,
    "value": 2238,
  },
  "engine1ElectricalLoad": Offset {
    "category": "engine",
    "convert": "{VAL} / 16384 * 100",
    "description": "engine1 electrical load - trust only for helo - percent",
    "length": undefined,
    "mapping": undefined,
    "name": "engine1ElectricalLoad",
    "permission": "r",
    "type": 6,
    "value": 2300,
  },
  "engine1Firing": Offset {
    "category": "engine",
    "convert": "!!{VAL}",
    "description": "engine 1 combustion",
    "length": undefined,
    "mapping": undefined,
    "name": "engine1Firing",
    "permission": "r",
    "type": 5,
    "value": 2196,
  },
  "engine1FuelElapsedTime": Offset {
    "category": "engine",
    "convert": undefined,
    "description": "engine1 fuel elapsed time - h",
    "length": undefined,
    "mapping": undefined,
    "name": "engine1FuelElapsedTime",
    "permission": "r",
    "type": 9,
    "value": 2320,
  },
  "engine1FuelFlowLbHour": Offset {
    "category": "engine",
    "convert": undefined,
    "description": "engine1 fuel elapsed time - lb/h",
    "length": undefined,
    "mapping": undefined,
    "name": "engine1FuelFlowLbHour",
    "permission": "r",
    "type": 8,
    "value": 2328,
  },
  "engine1FuelFlowLbHourSSL": Offset {
    "category": "engine",
    "convert": "{VAL} / 128",
    "description": "engine1 fuel flow (lb per hour, sea level)",
    "length": undefined,
    "mapping": undefined,
    "name": "engine1FuelFlowLbHourSSL",
    "permission": "r",
    "type": 5,
    "value": 2208,
  },
  "engine1FuelPres": Offset {
    "category": "engine",
    "convert": "{VAL} / 144",
    "description": "engine1 fuel pressure - PSI",
    "length": undefined,
    "mapping": undefined,
    "name": "engine1FuelPres",
    "permission": "r",
    "type": 6,
    "value": 2296,
  },
  "engine1FuelUsedSinceStart": Offset {
    "category": "engine",
    "convert": undefined,
    "description": "engine1 used fuel since start - lb",
    "length": undefined,
    "mapping": undefined,
    "name": "engine1FuelUsedSinceStart",
    "permission": "r",
    "type": 9,
    "value": 2316,
  },
  "engine1HydPres": Offset {
    "category": "engine",
    "convert": "{VAL} / 4",
    "description": "engine1 hydraulic pressure - PSI",
    "length": undefined,
    "mapping": undefined,
    "name": "engine1HydPres",
    "permission": "r",
    "type": 6,
    "value": 2264,
  },
  "engine1ITT": Offset {
    "category": "engine",
    "convert": "{VAL} / 16384",
    "description": "engine1 turbine temperature - C",
    "length": undefined,
    "mapping": undefined,
    "name": "engine1ITT",
    "permission": "r",
    "type": 6,
    "value": 2288,
  },
  "engine1MP": Offset {
    "category": "engine",
    "convert": "{VAL} / 1024",
    "description": "engine1 manifold pressure - inHg",
    "length": undefined,
    "mapping": undefined,
    "name": "engine1MP",
    "permission": "r",
    "type": 5,
    "value": 2240,
  },
  "engine1MixtureLever": Offset {
    "category": "engine",
    "convert": "{VAL} / 16384 * 100",
    "description": "engine 1 prop lever - percent",
    "length": undefined,
    "mapping": undefined,
    "name": "engine1MixtureLever",
    "permission": "rw",
    "type": 5,
    "value": 2192,
  },
  "engine1N1": Offset {
    "category": "engine",
    "convert": "{VAL} / 16384 * 100",
    "description": "engine 1 N1 - also helo RPM %",
    "length": undefined,
    "mapping": undefined,
    "name": "engine1N1",
    "permission": "rw",
    "type": 2,
    "value": 2200,
  },
  "engine1N2": Offset {
    "category": "engine",
    "convert": "{VAL} / 16384 * 100",
    "description": "engine 1 N2 - also helo RPM %",
    "length": undefined,
    "mapping": undefined,
    "name": "engine1N2",
    "permission": "rw",
    "type": 5,
    "value": 2198,
  },
  "engine1OilPres": Offset {
    "category": "engine",
    "convert": "Math.round({VAL} * 55 / 16384)",
    "description": "engine1 oil pressure - PSI",
    "length": undefined,
    "mapping": undefined,
    "name": "engine1OilPres",
    "permission": "r",
    "type": 5,
    "value": 2234,
  },
  "engine1OilQuantity": Offset {
    "category": "engine",
    "convert": "Math.round({VAL} / 16384 * 100)",
    "description": "engine1 oil quantity - percent",
    "length": undefined,
    "mapping": undefined,
    "name": "engine1OilQuantity",
    "permission": "r",
    "type": 6,
    "value": 2256,
  },
  "engine1OilTemp": Offset {
    "category": "engine",
    "convert": "Math.round({VAL} * 140 / 16384)",
    "description": "engine1 oil temp - celsius",
    "length": undefined,
    "mapping": undefined,
    "name": "engine1OilTemp",
    "permission": "r",
    "type": 5,
    "value": 2232,
  },
  "engine1PressureRatio": Offset {
    "category": "engine",
    "convert": "{VAL} * 1.6 / 16384",
    "description": "engine1 pressure ratio",
    "length": undefined,
    "mapping": undefined,
    "name": "engine1PressureRatio",
    "permission": "r",
    "type": 5,
    "value": 2236,
  },
  "engine1PropLever": Offset {
    "category": "engine",
    "convert": "Math.round({VAL} < 0 ? {VAL} / 4096 * 100 : {VAL} / 16384 * 100)",
    "description": "engine 1 prop lever - percent - negative = reverse",
    "length": undefined,
    "mapping": undefined,
    "name": "engine1PropLever",
    "permission": "rw",
    "type": 2,
    "value": 2190,
  },
  "engine1PropRPM": Offset {
    "category": "engine",
    "convert": "{VAL} / 16384 / 65536",
    "description": "derive RPM by multiplying by  - negative = counter-rotating propeller",
    "length": undefined,
    "mapping": undefined,
    "name": "engine1PropRPM",
    "permission": "rw",
    "type": 2,
    "value": 2200,
  },
  "engine1RPMScaler": Offset {
    "category": "engine",
    "convert": undefined,
    "description": "engine1 RPM Scaler - props: used to calculate RPM",
    "length": undefined,
    "mapping": undefined,
    "name": "engine1RPMScaler",
    "permission": "r",
    "type": 5,
    "value": 2248,
  },
  "engine1RotorRPM": Offset {
    "category": "engine",
    "convert": "{VAL} / 16384 * 100",
    "description": "engine1 rotor RPM - trust only for helo - percent",
    "length": undefined,
    "mapping": undefined,
    "name": "engine1RotorRPM",
    "permission": "r",
    "type": 6,
    "value": 2312,
  },
  "engine1StarterSwitchPosition": Offset {
    "category": "engine",
    "convert": undefined,
    "description": "engine1 start switch position - JET: 0=off 1=start 2=gen/alt - PROP: 0=off 1=right 2=left 3=both 4=start",
    "length": undefined,
    "mapping": undefined,
    "name": "engine1StarterSwitchPosition",
    "permission": "rw",
    "type": 5,
    "value": 2194,
  },
  "engine1ThrottleLever": Offset {
    "category": "engine",
    "convert": "Math.round({VAL} < 0 ? {VAL} / 4096 * 100 : {VAL} / 16384 * 100)",
    "description": "engine 1 throttle lever - percent - negative = reverse",
    "length": undefined,
    "mapping": undefined,
    "name": "engine1ThrottleLever",
    "permission": "r",
    "type": 2,
    "value": 2188,
  },
  "engine1ThrottleLeverControl": Offset {
    "category": "engine",
    "convert": undefined,
    "description": "engine1 throttle lever control - -4096 to +16384",
    "length": undefined,
    "mapping": undefined,
    "name": "engine1ThrottleLeverControl",
    "permission": "rw",
    "type": 2,
    "value": 2202,
  },
  "engine1Torque": Offset {
    "category": "engine",
    "convert": "{VAL} / 16384 * 100",
    "description": "engine1 torque - trust only for helo - percent",
    "length": undefined,
    "mapping": undefined,
    "name": "engine1Torque",
    "permission": "r",
    "type": 6,
    "value": 2292,
  },
  "engine1TorqueFtLb": Offset {
    "category": "engine",
    "convert": undefined,
    "description": "engine1 fuel elapsed time - ft lb",
    "length": undefined,
    "mapping": undefined,
    "name": "engine1TorqueFtLb",
    "permission": "r",
    "type": 9,
    "value": 2336,
  },
  "engine1TransmOilPres": Offset {
    "category": "engine",
    "convert": "{VAL} / 16384",
    "description": "engine1 transmission oil pressure - trust only for helo - PSI",
    "length": undefined,
    "mapping": undefined,
    "name": "engine1TransmOilPres",
    "permission": "r",
    "type": 6,
    "value": 2304,
  },
  "engine1TransmOilTemp": Offset {
    "category": "engine",
    "convert": "{VAL} / 16384",
    "description": "engine1 transmission oil temperature - trust only for helo - C",
    "length": undefined,
    "mapping": undefined,
    "name": "engine1TransmOilTemp",
    "permission": "r",
    "type": 6,
    "value": 2308,
  },
  "engine1Vibration": Offset {
    "category": "engine",
    "convert": "Math.round({VAL} * 5 / 16384)",
    "description": "engine1 vibration",
    "length": undefined,
    "mapping": undefined,
    "name": "engine1Vibration",
    "permission": "r",
    "type": 6,
    "value": 2260,
  },
  "engineType": Offset {
    "category": "engine",
    "convert": "engineType",
    "description": "engine type",
    "length": undefined,
    "mapping": true,
    "name": "engineType",
    "permission": "r",
    "type": 0,
    "value": 1545,
  },
  "hasCarbHeat": Offset {
    "category": "engine",
    "convert": "!!{VAL}",
    "description": "has carb heat",
    "length": undefined,
    "mapping": undefined,
    "name": "hasCarbHeat",
    "permission": "r",
    "type": 6,
    "value": 1924,
  },
  "hasMixtureControl": Offset {
    "category": "engine",
    "convert": "!!{VAL}",
    "description": "has mixture control",
    "length": undefined,
    "mapping": undefined,
    "name": "hasMixtureControl",
    "permission": "r",
    "type": 6,
    "value": 1920,
  },
}
`;
