// Jest Snapshot v1, https://goo.gl/fbAQLP

exports[`offset - plane/fuel offsets list should have required properties 1`] = `
Object {
  "fuelTankSelector": Offset {
    "category": "fuel",
    "convert": undefined,
    "description": "0=Off, 1=All, 2=Left, 3=Right, 4=LeftAux, 5=RightAux, 6=Center, 7=Centre2, 8=Centre3, 9=Ext1, 10=Ext2, 11=RtTip, 12=LftTip, 13=CrossFeed, 14=CrossFeed Left to Right, 15=CrossFeed Right to Left, 16=crossfeed both, 17=external, 18=isolate, 19=left main, 20=right main --- Engine 1 only",
    "length": undefined,
    "mapping": undefined,
    "name": "fuelTankSelector",
    "permission": "rw",
    "type": 2,
    "value": 2808,
  },
  "fuelWeight": Offset {
    "category": "fuel",
    "convert": "{VAL} / 256",
    "description": "fuel weight - lbs/gal",
    "length": undefined,
    "mapping": undefined,
    "name": "fuelWeight",
    "permission": "r",
    "type": 2,
    "value": 2804,
  },
}
`;
