// Jest Snapshot v1, https://goo.gl/fbAQLP

exports[`offset - plane/fuel offsets list should have required properties 1`] = `
Object {
  "fuelCenter2TankCapacity": Offset {
    "category": "fuel",
    "convert": undefined,
    "description": "center 2 tank capacity - US gallons",
    "length": undefined,
    "mapping": undefined,
    "name": "fuelCenter2TankCapacity",
    "permission": "r",
    "type": 3,
    "value": 4680,
  },
  "fuelCenter2TankLevel": Offset {
    "category": "fuel",
    "convert": "Math.round({VAL} / (128 * 65536) * 100)",
    "description": "center 2 tank level - percent",
    "length": undefined,
    "mapping": undefined,
    "name": "fuelCenter2TankLevel",
    "permission": "rw",
    "type": 3,
    "value": 4676,
  },
  "fuelCenter3TankCapacity": Offset {
    "category": "fuel",
    "convert": undefined,
    "description": "center 3 tank capacity - US gallons",
    "length": undefined,
    "mapping": undefined,
    "name": "fuelCenter3TankCapacity",
    "permission": "r",
    "type": 3,
    "value": 4688,
  },
  "fuelCenter3TankLevel": Offset {
    "category": "fuel",
    "convert": "Math.round({VAL} / (128 * 65536) * 100)",
    "description": "center 3 tank level - percent",
    "length": undefined,
    "mapping": undefined,
    "name": "fuelCenter3TankLevel",
    "permission": "rw",
    "type": 3,
    "value": 4684,
  },
  "fuelCenterTankCapacity": Offset {
    "category": "fuel",
    "convert": undefined,
    "description": "center tank capacity - US gallons",
    "length": undefined,
    "mapping": undefined,
    "name": "fuelCenterTankCapacity",
    "permission": "r",
    "type": 3,
    "value": 2936,
  },
  "fuelCenterTankLevel": Offset {
    "category": "fuel",
    "convert": "Math.round({VAL} / (128 * 65536) * 100)",
    "description": "center tank level - percent",
    "length": undefined,
    "mapping": undefined,
    "name": "fuelCenterTankLevel",
    "permission": "rw",
    "type": 3,
    "value": 2932,
  },
  "fuelExternal1TankCapacity": Offset {
    "category": "fuel",
    "convert": undefined,
    "description": "external 1 tank capacity - US gallons",
    "length": undefined,
    "mapping": undefined,
    "name": "fuelExternal1TankCapacity",
    "permission": "r",
    "type": 3,
    "value": 4696,
  },
  "fuelExternal1TankLevel": Offset {
    "category": "fuel",
    "convert": "Math.round({VAL} / (128 * 65536) * 100)",
    "description": "external 1 tank level - percent",
    "length": undefined,
    "mapping": undefined,
    "name": "fuelExternal1TankLevel",
    "permission": "rw",
    "type": 3,
    "value": 4692,
  },
  "fuelExternal2TankCapacity": Offset {
    "category": "fuel",
    "convert": undefined,
    "description": "external 2 tank capacity - US gallons",
    "length": undefined,
    "mapping": undefined,
    "name": "fuelExternal2TankCapacity",
    "permission": "r",
    "type": 3,
    "value": 4704,
  },
  "fuelExternal2TankLevel": Offset {
    "category": "fuel",
    "convert": "Math.round({VAL} / (128 * 65536) * 100)",
    "description": "external 2 tank level - percent",
    "length": undefined,
    "mapping": undefined,
    "name": "fuelExternal2TankLevel",
    "permission": "rw",
    "type": 3,
    "value": 4700,
  },
  "fuelLeftAuxTankCapacity": Offset {
    "category": "fuel",
    "convert": undefined,
    "description": "left aux tank capacity - US gallons",
    "length": undefined,
    "mapping": undefined,
    "name": "fuelLeftAuxTankCapacity",
    "permission": "r",
    "type": 3,
    "value": 2952,
  },
  "fuelLeftAuxTankLevel": Offset {
    "category": "fuel",
    "convert": "Math.round({VAL} / (128 * 65536) * 100)",
    "description": "left aux tank level - percent",
    "length": undefined,
    "mapping": undefined,
    "name": "fuelLeftAuxTankLevel",
    "permission": "rw",
    "type": 3,
    "value": 2948,
  },
  "fuelLeftMainTankCapacity": Offset {
    "category": "fuel",
    "convert": undefined,
    "description": "left main tank capacity - US gallons",
    "length": undefined,
    "mapping": undefined,
    "name": "fuelLeftMainTankCapacity",
    "permission": "r",
    "type": 3,
    "value": 2944,
  },
  "fuelLeftMainTankLevel": Offset {
    "category": "fuel",
    "convert": "Math.round({VAL} / (128 * 65536) * 100)",
    "description": "left main tank level - percent",
    "length": undefined,
    "mapping": undefined,
    "name": "fuelLeftMainTankLevel",
    "permission": "rw",
    "type": 3,
    "value": 2940,
  },
  "fuelLeftTipTankCapacity": Offset {
    "category": "fuel",
    "convert": undefined,
    "description": "left tip tank capacity - US gallons",
    "length": undefined,
    "mapping": undefined,
    "name": "fuelLeftTipTankCapacity",
    "permission": "r",
    "type": 3,
    "value": 2960,
  },
  "fuelLeftTipTankLevel": Offset {
    "category": "fuel",
    "convert": "Math.round({VAL} / (128 * 65536) * 100)",
    "description": "left tip tank level - percent",
    "length": undefined,
    "mapping": undefined,
    "name": "fuelLeftTipTankLevel",
    "permission": "rw",
    "type": 3,
    "value": 2956,
  },
  "fuelRightAuxTankCapacity": Offset {
    "category": "fuel",
    "convert": undefined,
    "description": "right aux tank capacity - US gallons",
    "length": undefined,
    "mapping": undefined,
    "name": "fuelRightAuxTankCapacity",
    "permission": "r",
    "type": 3,
    "value": 2976,
  },
  "fuelRightAuxTankLevel": Offset {
    "category": "fuel",
    "convert": "Math.round({VAL} / (128 * 65536) * 100)",
    "description": "right aux tank level - percent",
    "length": undefined,
    "mapping": undefined,
    "name": "fuelRightAuxTankLevel",
    "permission": "rw",
    "type": 3,
    "value": 2972,
  },
  "fuelRightMainTankCapacity": Offset {
    "category": "fuel",
    "convert": undefined,
    "description": "right main tank capacity - US gallons",
    "length": undefined,
    "mapping": undefined,
    "name": "fuelRightMainTankCapacity",
    "permission": "r",
    "type": 3,
    "value": 2968,
  },
  "fuelRightMainTankLevel": Offset {
    "category": "fuel",
    "convert": "Math.round({VAL} / (128 * 65536) * 100)",
    "description": "right main tank level - percent",
    "length": undefined,
    "mapping": undefined,
    "name": "fuelRightMainTankLevel",
    "permission": "rw",
    "type": 3,
    "value": 2964,
  },
  "fuelRightTipTankCapacity": Offset {
    "category": "fuel",
    "convert": undefined,
    "description": "right tip tank capacity - US gallons",
    "length": undefined,
    "mapping": undefined,
    "name": "fuelRightTipTankCapacity",
    "permission": "r",
    "type": 3,
    "value": 2984,
  },
  "fuelRightTipTankLevel": Offset {
    "category": "fuel",
    "convert": "Math.round({VAL} / (128 * 65536) * 100)",
    "description": "right tip tank level - percent",
    "length": undefined,
    "mapping": undefined,
    "name": "fuelRightTipTankLevel",
    "permission": "rw",
    "type": 3,
    "value": 2980,
  },
  "fuelSelectedQuantity": Offset {
    "category": "fuel",
    "convert": undefined,
    "description": "Selected fuel quantity - US gallons",
    "length": undefined,
    "mapping": undefined,
    "name": "fuelSelectedQuantity",
    "permission": "r",
    "type": 3,
    "value": 4712,
  },
  "fuelTankSelector": Offset {
    "category": "fuel",
    "convert": "fuelTank",
    "description": "Engine 1 only",
    "length": undefined,
    "mapping": true,
    "name": "fuelTankSelector",
    "permission": "rw",
    "type": 2,
    "value": 2808,
  },
  "fuelTotalQuantity": Offset {
    "category": "fuel",
    "convert": undefined,
    "description": "total fuel quantity - US gallons",
    "length": undefined,
    "mapping": undefined,
    "name": "fuelTotalQuantity",
    "permission": "r",
    "type": 3,
    "value": 4708,
  },
  "fuelTotalQuantityWeight": Offset {
    "category": "fuel",
    "convert": undefined,
    "description": "total fuel quantity weight - lb",
    "length": undefined,
    "mapping": undefined,
    "name": "fuelTotalQuantityWeight",
    "permission": "r",
    "type": 3,
    "value": 4716,
  },
  "fuelWeight": Offset {
    "category": "fuel",
    "convert": "{VAL} / 256",
    "description": "fuel weight - lbs/gal",
    "length": undefined,
    "mapping": undefined,
    "name": "fuelWeight",
    "permission": "r",
    "type": 2,
    "value": 2804,
  },
  "totalFuelCapacity": Offset {
    "category": "fuel",
    "convert": undefined,
    "description": "total fuel capacity - US gallons",
    "length": undefined,
    "mapping": undefined,
    "name": "totalFuelCapacity",
    "permission": "r",
    "type": 6,
    "value": 4672,
  },
}
`;
