// Jest Snapshot v1, https://goo.gl/fbAQLP

exports[`offset - plane/plane offsets list should have required properties 1`] = `
Object {
  "aircraftEmptyWeight": Offset {
    "category": "plane",
    "convert": "+({VAL} / 256).toFixed(2)",
    "description": "aicraft empty weight",
    "length": undefined,
    "mapping": undefined,
    "name": "aircraftEmptyWeight",
    "permission": "r",
    "type": 3,
    "value": 4912,
  },
  "aircraftMaxGrossWeight": Offset {
    "category": "plane",
    "convert": "+({VAL} / 256).toFixed(2)",
    "description": "aicraft max gross weight",
    "length": undefined,
    "mapping": undefined,
    "name": "aircraftMaxGrossWeight",
    "permission": "r",
    "type": 3,
    "value": 4916,
  },
  "fuelSelectorsCount": Offset {
    "category": "plane",
    "convert": undefined,
    "description": "number of fuel selectors for the aircraft",
    "length": undefined,
    "mapping": undefined,
    "name": "fuelSelectorsCount",
    "permission": "r",
    "type": 0,
    "value": 4670,
  },
  "hasCarbHeat": Offset {
    "category": "plane",
    "convert": "!!{VAL}",
    "description": "has carburator heater",
    "length": undefined,
    "mapping": undefined,
    "name": "hasCarbHeat",
    "permission": "r",
    "type": 6,
    "value": 1924,
  },
  "hasFlaps": Offset {
    "category": "plane",
    "convert": "!!{VAL}",
    "description": "has flaps",
    "length": undefined,
    "mapping": undefined,
    "name": "hasFlaps",
    "permission": "r",
    "type": 6,
    "value": 1912,
  },
  "hasMixtureEngine": Offset {
    "category": "plane",
    "convert": "!!{VAL}",
    "description": "has mixture engine",
    "length": undefined,
    "mapping": undefined,
    "name": "hasMixtureEngine",
    "permission": "r",
    "type": 6,
    "value": 1920,
  },
  "hasSpoilers": Offset {
    "category": "plane",
    "convert": "!!{VAL}",
    "description": "has spoilers",
    "length": undefined,
    "mapping": undefined,
    "name": "hasSpoilers",
    "permission": "r",
    "type": 6,
    "value": 1932,
  },
  "hasStallHorn": Offset {
    "category": "plane",
    "convert": "!!{VAL}",
    "description": "has stall horn",
    "length": undefined,
    "mapping": undefined,
    "name": "hasStallHorn",
    "permission": "r",
    "type": 6,
    "value": 1916,
  },
  "hasStrobes": Offset {
    "category": "plane",
    "convert": "!!{VAL}",
    "description": "has strobes",
    "length": undefined,
    "mapping": undefined,
    "name": "hasStrobes",
    "permission": "r",
    "type": 6,
    "value": 1940,
  },
  "hasToeBrakes": Offset {
    "category": "plane",
    "convert": "!!{VAL}",
    "description": "has toe brakes",
    "length": undefined,
    "mapping": undefined,
    "name": "hasToeBrakes",
    "permission": "r",
    "type": 6,
    "value": 1948,
  },
  "isTailDragger": Offset {
    "category": "plane",
    "convert": "!!{VAL}",
    "description": "has spoilers",
    "length": undefined,
    "mapping": undefined,
    "name": "isTailDragger",
    "permission": "r",
    "type": 6,
    "value": 1936,
  },
  "maxMach": Offset {
    "category": "plane",
    "convert": "+({VAL} / 20438).toFixed(2)",
    "description": "mach maximum operating - not FS2004",
    "length": undefined,
    "mapping": undefined,
    "name": "maxMach",
    "permission": "r",
    "type": 3,
    "value": 2828,
  },
  "retractableGear": Offset {
    "category": "plane",
    "convert": "!!{VAL}",
    "description": "retractable gear (read only)",
    "length": undefined,
    "mapping": undefined,
    "name": "retractableGear",
    "permission": "r",
    "type": 0,
    "value": 1548,
  },
  "smokeSystemControl": Offset {
    "category": "plane",
    "convert": "!!{VAL}",
    "description": "smoke system control on/off",
    "length": undefined,
    "mapping": undefined,
    "name": "smokeSystemControl",
    "permission": "rw",
    "type": 5,
    "value": 1496,
  },
  "vc": Offset {
    "category": "plane",
    "convert": "ftsecToKt",
    "description": "Cruise speed - kt",
    "length": undefined,
    "mapping": true,
    "name": "vc",
    "permission": "r",
    "type": 8,
    "value": 1352,
  },
  "vmd": Offset {
    "category": "plane",
    "convert": "ftsecToKt",
    "description": "Minimum drag speed - kt",
    "length": undefined,
    "mapping": true,
    "name": "vmd",
    "permission": "r",
    "type": 8,
    "value": 1360,
  },
  "vs0": Offset {
    "category": "plane",
    "convert": "ftsecToKt",
    "description": "Stall speed full flaps - kt",
    "length": undefined,
    "mapping": true,
    "name": "vs0",
    "permission": "r",
    "type": 8,
    "value": 1336,
  },
  "vs1": Offset {
    "category": "plane",
    "convert": "ftsecToKt",
    "description": "Stall speed clean - kt",
    "length": undefined,
    "mapping": true,
    "name": "vs1",
    "permission": "r",
    "type": 8,
    "value": 1344,
  },
}
`;
