// Jest Snapshot v1, https://goo.gl/fbAQLP

exports[`offset - plane/radios offsets list should have required properties 1`] = `
Object {
  "adf1SignalStrength": Offset {
    "category": "radios",
    "convert": undefined,
    "description": "ADF1 signal strength",
    "length": undefined,
    "mapping": undefined,
    "name": "adf1SignalStrength",
    "permission": "r",
    "type": 6,
    "value": 3100,
  },
  "adf2ExtendedFreq": Offset {
    "category": "radios",
    "convert": undefined,
    "description": "ADF 2 extended freq - in BCD - FS2004",
    "length": undefined,
    "mapping": undefined,
    "name": "adf2ExtendedFreq",
    "permission": "rw",
    "type": 5,
    "value": 726,
  },
  "adf2Freq": Offset {
    "category": "radios",
    "convert": "+({VAL}).toString(16)",
    "description": "ADF 2 freq - Main 3 digits in BCD - FS2004",
    "length": undefined,
    "mapping": undefined,
    "name": "adf2Freq",
    "permission": "rw",
    "type": 5,
    "value": 724,
  },
  "adf2RelBearing": Offset {
    "category": "radios",
    "convert": "Math.round({VAL} * 360 / 65536)",
    "description": "ADF2 Rel Bearing - FS2004",
    "length": undefined,
    "mapping": undefined,
    "name": "adf2RelBearing",
    "permission": "r",
    "type": 2,
    "value": 728,
  },
  "adf2SignalStrength": Offset {
    "category": "radios",
    "convert": undefined,
    "description": "ADF2 signal strength",
    "length": undefined,
    "mapping": undefined,
    "name": "adf2SignalStrength",
    "permission": "r",
    "type": 6,
    "value": 3092,
  },
  "adfFreq": Offset {
    "category": "radios",
    "convert": "+({VAL}).toString(16)",
    "description": "ADF frequency show as Binary Coded Decimal. The thousands digit and the fractional parts are provided in adfFreqExtended",
    "length": undefined,
    "mapping": undefined,
    "name": "adfFreq",
    "permission": "rw",
    "type": 5,
    "value": 844,
  },
  "adfFreqExtended": Offset {
    "category": "radios",
    "convert": undefined,
    "description": "ADF frequency extended",
    "length": undefined,
    "mapping": undefined,
    "name": "adfFreqExtended",
    "permission": "rw",
    "type": 5,
    "value": 854,
  },
  "comAtisActivate": Offset {
    "category": "radios",
    "convert": undefined,
    "description": "COM/ATIS activate < FS2000",
    "length": undefined,
    "mapping": undefined,
    "name": "comAtisActivate",
    "permission": "w",
    "type": 5,
    "value": 906,
  },
  "comFreq": Offset {
    "category": "radios",
    "convert": "parseInt(\`1\` + ({VAL}).toString(16))",
    "description": "Com frequency",
    "length": undefined,
    "mapping": undefined,
    "name": "comFreq",
    "permission": "rw",
    "type": 5,
    "value": 846,
  },
  "dme12Select": Offset {
    "category": "radios",
    "convert": undefined,
    "description": "DME1/DME2 select",
    "length": undefined,
    "mapping": undefined,
    "name": "dme12Select",
    "permission": "rw",
    "type": 5,
    "value": 888,
  },
  "dme1Distance": Offset {
    "category": "simulation",
    "convert": "+{VAL}",
    "description": "DME1 distance - nautical miles",
    "length": 5,
    "mapping": undefined,
    "name": "dme1Distance",
    "permission": "r",
    "type": 11,
    "value": 3113,
  },
  "hasNav1": Offset {
    "category": "radios",
    "convert": "!!{VAL}",
    "description": "has NAV1",
    "length": undefined,
    "mapping": undefined,
    "name": "hasNav1",
    "permission": "rw",
    "type": 6,
    "value": 1952,
  },
  "hasNav2": Offset {
    "category": "radios",
    "convert": "!!{VAL}",
    "description": "has NAV2",
    "length": undefined,
    "mapping": undefined,
    "name": "hasNav2",
    "permission": "r",
    "type": 6,
    "value": 1956,
  },
  "innerMarker": Offset {
    "category": "radios",
    "convert": undefined,
    "description": "inner marker - activated when TRUE",
    "length": undefined,
    "mapping": undefined,
    "name": "innerMarker",
    "permission": "r",
    "type": 2,
    "value": 2988,
  },
  "middleMarker": Offset {
    "category": "radios",
    "convert": undefined,
    "description": "middle marker - activated when TRUE",
    "length": undefined,
    "mapping": undefined,
    "name": "middleMarker",
    "permission": "r",
    "type": 2,
    "value": 2990,
  },
  "nav12Select": Offset {
    "category": "radios",
    "convert": undefined,
    "description": "NAV1/NAV2 select",
    "length": undefined,
    "mapping": undefined,
    "name": "nav12Select",
    "permission": "rw",
    "type": 5,
    "value": 884,
  },
  "nav1Freq": Offset {
    "category": "radios",
    "convert": "parseInt(\`1\` + ({VAL}).toString(16))",
    "description": "NAV1 frequency",
    "length": undefined,
    "mapping": undefined,
    "name": "nav1Freq",
    "permission": "rw",
    "type": 5,
    "value": 848,
  },
  "nav2Freq": Offset {
    "category": "radios",
    "convert": "parseInt(\`1\` + ({VAL}).toString(16))",
    "description": "NAV2 frequency",
    "length": undefined,
    "mapping": undefined,
    "name": "nav2Freq",
    "permission": "rw",
    "type": 5,
    "value": 850,
  },
  "navAdfActivate": Offset {
    "category": "radios",
    "convert": undefined,
    "description": "NAV and ADF activate < FS2000",
    "length": undefined,
    "mapping": undefined,
    "name": "navAdfActivate",
    "permission": "w",
    "type": 5,
    "value": 904,
  },
  "ndb2IdentSoundSwitch": Offset {
    "category": "radios",
    "convert": "!!{VAL}",
    "description": "NDB2 ident sound switch - FS2004",
    "length": undefined,
    "mapping": undefined,
    "name": "ndb2IdentSoundSwitch",
    "permission": "rw",
    "type": 0,
    "value": 763,
  },
  "ndb2Identity": Offset {
    "category": "radios",
    "convert": undefined,
    "description": "NDB2 identity - FS2004",
    "length": 6,
    "mapping": undefined,
    "name": "ndb2Identity",
    "permission": "r",
    "type": 11,
    "value": 732,
  },
  "ndb2Name": Offset {
    "category": "radios",
    "convert": undefined,
    "description": "NDB2 name - FS2004",
    "length": 25,
    "mapping": undefined,
    "name": "ndb2Name",
    "permission": "r",
    "type": 11,
    "value": 738,
  },
  "outerMarker": Offset {
    "category": "radios",
    "convert": undefined,
    "description": "outer marker - activated when TRUE",
    "length": undefined,
    "mapping": undefined,
    "name": "outerMarker",
    "permission": "r",
    "type": 2,
    "value": 2992,
  },
  "transponderFreq": Offset {
    "category": "radios",
    "convert": "parseInt(\`1\` + ({VAL}).toString(16))",
    "description": "XPND transponder frequency",
    "length": undefined,
    "mapping": undefined,
    "name": "transponderFreq",
    "permission": "rw",
    "type": 5,
    "value": 852,
  },
  "vor1DMEDistance": Offset {
    "category": "radios",
    "convert": "{VAL} / 10",
    "description": "VOR1 DME distance - nm",
    "length": undefined,
    "mapping": undefined,
    "name": "vor1DMEDistance",
    "permission": "r",
    "type": 5,
    "value": 768,
  },
  "vor1DMESpeed": Offset {
    "category": "radios",
    "convert": "{VAL} / 10",
    "description": "VOR1 DME speed - kt",
    "length": undefined,
    "mapping": undefined,
    "name": "vor1DMESpeed",
    "permission": "r",
    "type": 5,
    "value": 770,
  },
  "vor1DMETimeToStation": Offset {
    "category": "radios",
    "convert": "{VAL} / 10",
    "description": "VOR1 DME time to station - sec",
    "length": undefined,
    "mapping": undefined,
    "name": "vor1DMETimeToStation",
    "permission": "r",
    "type": 5,
    "value": 772,
  },
  "vor1DmeElevation": Offset {
    "category": "radios",
    "convert": "+({VAL} * 3.28084).toFixed(2)",
    "description": "VOR 1 DME elevation - ft - FS2002+",
    "length": undefined,
    "mapping": undefined,
    "name": "vor1DmeElevation",
    "permission": "r",
    "type": 3,
    "value": 2186,
  },
  "vor1DmeLatitude": Offset {
    "category": "radios",
    "convert": "{VAL} * 90 / 10001750",
    "description": "VOR 1 DME latitude - FS2002+",
    "length": undefined,
    "mapping": undefined,
    "name": "vor1DmeLatitude",
    "permission": "r",
    "type": 3,
    "value": 2176,
  },
  "vor1DmeLongitude": Offset {
    "category": "radios",
    "convert": "{VAL} * 360 / (65536 * 65536)",
    "description": "VOR 1 DME longitude - FS2002+",
    "length": undefined,
    "mapping": undefined,
    "name": "vor1DmeLongitude",
    "permission": "r",
    "type": 3,
    "value": 2180,
  },
  "vor1GlideSlopeAngle": Offset {
    "category": "radios",
    "convert": "+({VAL} * 360 / 65536).toFixed(2)",
    "description": "VOR 1 ILS glideslope Angle",
    "length": undefined,
    "mapping": undefined,
    "name": "vor1GlideSlopeAngle",
    "permission": "r",
    "type": 2,
    "value": 2162,
  },
  "vor1ILSLocHeadingTrue": Offset {
    "category": "radios",
    "convert": "+({VAL} * 360 / 65536).toFixed(2)",
    "description": "VOR 1 ILS LOC heading - TRUE - -180 different to aircraft direction to follow localiser",
    "length": undefined,
    "mapping": undefined,
    "name": "vor1LocHeadingTrue",
    "permission": "r",
    "type": 5,
    "value": 2160,
  },
  "vor1LocElevation": Offset {
    "category": "radios",
    "convert": "+({VAL} * 3.28084).toFixed(2)",
    "description": "VOR 1 or NAV1 ILS LOC elevation - meters - FS2002+",
    "length": undefined,
    "mapping": undefined,
    "name": "vor1LocElevation",
    "permission": "r",
    "type": 3,
    "value": 2172,
  },
  "vor1LocLatitude": Offset {
    "category": "radios",
    "convert": "{VAL} * 90 / 10001750",
    "description": "VOR 1 or NAV1 ILS LOC latitude - FS2002+",
    "length": undefined,
    "mapping": undefined,
    "name": "vor1LocLatitude",
    "permission": "r",
    "type": 3,
    "value": 2164,
  },
  "vor1LocLongitude": Offset {
    "category": "radios",
    "convert": "{VAL} * 360 / (65536 * 65536)",
    "description": "VOR 1 or NAV1 ILS LOC longitude - FS2002+",
    "length": undefined,
    "mapping": undefined,
    "name": "vor1LocLongitude",
    "permission": "r",
    "type": 3,
    "value": 2168,
  },
  "vor1OrILSGlideSlopeElevation": Offset {
    "category": "radios",
    "convert": "+({VAL} * 3.28084).toFixed(2)",
    "description": "VOR 1 or NAV1 ILS glideslope elevation - meters - FS2002+",
    "length": undefined,
    "mapping": undefined,
    "name": "vor1OrILSGlideSlopeElevation",
    "permission": "r",
    "type": 3,
    "value": 2156,
  },
  "vor1OrILSGlideSlopeLatitude": Offset {
    "category": "radios",
    "convert": "{VAL} * 90 / 10001750",
    "description": "VOR 1 latitude OR NAV1 ILS glideslope latitude",
    "length": undefined,
    "mapping": undefined,
    "name": "vor1OrILSGlideSlopeLatitude",
    "permission": "r",
    "type": 3,
    "value": 2140,
  },
  "vor1OrILSGlideSlopeLongitude": Offset {
    "category": "radios",
    "convert": "{VAL} * 360 / (65536 * 65536)",
    "description": "VOR 1 or NAV 1 ILS glideslope longitude",
    "length": undefined,
    "mapping": undefined,
    "name": "vor1OrILSGlideSlopeLongitude",
    "permission": "r",
    "type": 3,
    "value": 2148,
  },
  "vor2DMEDistance": Offset {
    "category": "radios",
    "convert": "{VAL} / 10",
    "description": "VOR2 DME distance - nm",
    "length": undefined,
    "mapping": undefined,
    "name": "vor2DMEDistance",
    "permission": "r",
    "type": 5,
    "value": 774,
  },
  "vor2DMESpeed": Offset {
    "category": "radios",
    "convert": "{VAL} / 10",
    "description": "VOR2 DME speed - kt",
    "length": undefined,
    "mapping": undefined,
    "name": "vor2DMESpeed",
    "permission": "r",
    "type": 5,
    "value": 776,
  },
  "vor2DMETimeToStation": Offset {
    "category": "radios",
    "convert": "{VAL} / 10",
    "description": "VOR2 DME time to station - sec",
    "length": undefined,
    "mapping": undefined,
    "name": "vor2DMETimeToStation",
    "permission": "r",
    "type": 5,
    "value": 778,
  },
  "vor2DmeElevation": Offset {
    "category": "radios",
    "convert": "+({VAL} * 3.28084).toFixed(2)",
    "description": "VOR 2 DME elevation - meters - FS2002+",
    "length": undefined,
    "mapping": undefined,
    "name": "vor2DmeElevation",
    "permission": "r",
    "type": 3,
    "value": 2108,
  },
  "vor2DmeLatitude": Offset {
    "category": "radios",
    "convert": "{VAL} * 90 / 10001750",
    "description": "VOR 2 DME latitude - FS2002+",
    "length": undefined,
    "mapping": undefined,
    "name": "vor2DmeLatitude",
    "permission": "r",
    "type": 3,
    "value": 2100,
  },
  "vor2DmeLongitude": Offset {
    "category": "radios",
    "convert": "{VAL} * 360 / (65536 * 65536)",
    "description": "VOR 2 DME longitude - FS2002+",
    "length": undefined,
    "mapping": undefined,
    "name": "vor2DmeLongitude",
    "permission": "r",
    "type": 3,
    "value": 2104,
  },
  "vor2ILSGlideSlopeAngle": Offset {
    "category": "radios",
    "convert": "+({VAL} * 360 / 65536).toFixed(2)",
    "description": "VOR 2 ILS GlideSlope Angle",
    "length": undefined,
    "mapping": undefined,
    "name": "vor2ILSGlideSlopeAngle",
    "permission": "r",
    "type": 2,
    "value": 2118,
  },
  "vor2ILSLocHeadingTrue": Offset {
    "category": "radios",
    "convert": "+({VAL} * 360 / 65536).toFixed(2)",
    "description": "NAV2 ILS Localiser inverse runway heading if VOR 2 is ILS - TRUE - FS2002+ - 180 different to aircraft direction to follow localiser",
    "length": undefined,
    "mapping": undefined,
    "name": "vor2ILSLocHeadingTrue",
    "permission": "r",
    "type": 5,
    "value": 2116,
  },
  "vor2LocElevation": Offset {
    "category": "radios",
    "convert": "+({VAL} * 3.28084).toFixed(2)",
    "description": "VOR 2 or NAV2 ILS LOC elevation - meters - FS2002+",
    "length": undefined,
    "mapping": undefined,
    "name": "vor2LocElevation",
    "permission": "r",
    "type": 3,
    "value": 2132,
  },
  "vor2LocLatitude": Offset {
    "category": "radios",
    "convert": "{VAL} * 90 / 10001750",
    "description": "VOR 2 or NAV2 ILS LOC latitude - FS2002+",
    "length": undefined,
    "mapping": undefined,
    "name": "vor2LocLatitude",
    "permission": "r",
    "type": 3,
    "value": 2124,
  },
  "vor2LocLongitude": Offset {
    "category": "radios",
    "convert": "{VAL} * 360 / (65536 * 65536)",
    "description": "VOR 2 or NAV2 ILS LOC longitude - FS2002+",
    "length": undefined,
    "mapping": undefined,
    "name": "vor2LocLongitude",
    "permission": "r",
    "type": 3,
    "value": 2128,
  },
  "vor2OrILSGlideSlopeElevation": Offset {
    "category": "radios",
    "convert": "+({VAL} * 3.28084).toFixed(2)",
    "description": "VOR 2 or NAV2 ILS glideslope elevation - meters - FS2002+",
    "length": undefined,
    "mapping": undefined,
    "name": "vor2OrILSGlideSlopeElevation",
    "permission": "r",
    "type": 3,
    "value": 2152,
  },
  "vor2OrILSGlideSlopeLatitude": Offset {
    "category": "radios",
    "convert": "{VAL} * 90 / 10001750",
    "description": "VOR 2 latitude or NAV2 ILS glideslope latitude - FS2002+",
    "length": undefined,
    "mapping": undefined,
    "name": "vor2OrILSGlideSlopeLatitude",
    "permission": "r",
    "type": 3,
    "value": 2136,
  },
  "vor2OrILSGlideSlopeLongitude": Offset {
    "category": "radios",
    "convert": "{VAL} * 360 / (65536 * 65536)",
    "description": "VOR 2 or NAV 2 ILS glideslope longitude - FS2002+",
    "length": undefined,
    "mapping": undefined,
    "name": "vor2OrILSGlideSlopeLongitude",
    "permission": "r",
    "type": 3,
    "value": 2144,
  },
}
`;
