// Jest Snapshot v1, https://goo.gl/fbAQLP

exports[`offset - plane/radios offsets list should have required properties 1`] = `
Object {
  "comAtisActivate": Offset {
    "category": "radios",
    "convert": undefined,
    "description": "COM/ATIS activate < FS2000",
    "length": undefined,
    "mapping": undefined,
    "name": "comAtisActivate",
    "permission": "w",
    "type": 5,
    "value": 906,
  },
  "comFreq": Offset {
    "category": "radios",
    "convert": "parseInt(\`1\` + ({VAL}).toString(16))",
    "description": "Com frequency",
    "length": undefined,
    "mapping": undefined,
    "name": "comFreq",
    "permission": "rw",
    "type": 5,
    "value": 846,
  },
  "dme12Select": Offset {
    "category": "radios",
    "convert": undefined,
    "description": "DME1/DME2 select",
    "length": undefined,
    "mapping": undefined,
    "name": "dme12Select",
    "permission": "rw",
    "type": 5,
    "value": 888,
  },
  "innerMarker": Offset {
    "category": "radios",
    "convert": undefined,
    "description": "inner marker - activated when TRUE",
    "length": undefined,
    "mapping": undefined,
    "name": "innerMarker",
    "permission": "r",
    "type": 2,
    "value": 2988,
  },
  "middleMarker": Offset {
    "category": "radios",
    "convert": undefined,
    "description": "middle marker - activated when TRUE",
    "length": undefined,
    "mapping": undefined,
    "name": "middleMarker",
    "permission": "r",
    "type": 2,
    "value": 2990,
  },
  "nav12Select": Offset {
    "category": "radios",
    "convert": undefined,
    "description": "NAV1/NAV2 select",
    "length": undefined,
    "mapping": undefined,
    "name": "nav12Select",
    "permission": "rw",
    "type": 5,
    "value": 884,
  },
  "navAdfActivate": Offset {
    "category": "radios",
    "convert": undefined,
    "description": "NAV and ADF activate < FS2000",
    "length": undefined,
    "mapping": undefined,
    "name": "navAdfActivate",
    "permission": "w",
    "type": 5,
    "value": 904,
  },
  "outerMarker": Offset {
    "category": "radios",
    "convert": undefined,
    "description": "outer marker - activated when TRUE",
    "length": undefined,
    "mapping": undefined,
    "name": "outerMarker",
    "permission": "r",
    "type": 2,
    "value": 2992,
  },
  "transponderFreq": Offset {
    "category": "radios",
    "convert": "parseInt(\`1\` + ({VAL}).toString(16))",
    "description": "XPND transponder frequency",
    "length": undefined,
    "mapping": undefined,
    "name": "transponderFreq",
    "permission": "rw",
    "type": 5,
    "value": 852,
  },
}
`;
