// Jest Snapshot v1, https://goo.gl/fbAQLP

exports[`offset - plane/weightAndBalance offsets list should have required properties 1`] = `
Object {
  "CGAftLimit": Offset {
    "category": "WB",
    "convert": "doublePercentRound",
    "description": "CG aft limit - percent",
    "length": undefined,
    "mapping": true,
    "name": "CGAftLimit",
    "permission": "r",
    "type": 8,
    "value": 12032,
  },
  "CGFwdLimit": Offset {
    "category": "WB",
    "convert": "doublePercentRound",
    "description": "CG forward limit - percent",
    "length": undefined,
    "mapping": true,
    "name": "CGFwdLimit",
    "permission": "r",
    "type": 8,
    "value": 12040,
  },
  "CGMaxMach": Offset {
    "category": "WB",
    "convert": undefined,
    "description": "CG max mach",
    "length": undefined,
    "mapping": undefined,
    "name": "CGMaxMach",
    "permission": "r",
    "type": 8,
    "value": 12048,
  },
  "CGMinMach": Offset {
    "category": "WB",
    "convert": undefined,
    "description": "CG min mach",
    "length": undefined,
    "mapping": undefined,
    "name": "CGMinMach",
    "permission": "r",
    "type": 8,
    "value": 12056,
  },
  "CGPercent": Offset {
    "category": "WB",
    "convert": "doublePercentRound",
    "description": "CG - percent from chord",
    "length": undefined,
    "mapping": true,
    "name": "CGPercent",
    "permission": "r",
    "type": 8,
    "value": 12024,
  },
  "lateralCGPercent": Offset {
    "category": "WB",
    "convert": "doublePercentRound",
    "description": "lateral CG - percent from chord",
    "length": undefined,
    "mapping": true,
    "name": "lateralCGPercent",
    "permission": "r",
    "type": 8,
    "value": 11896,
  },
}
`;
