// Jest Snapshot v1, https://goo.gl/fbAQLP

exports[`offset - environment/weather/settings offsets list should have required properties 1`] = `
Object {
  "lowerCloudBaseSetting": Offset {
    "category": "weather",
    "convert": "+({VAL} * 3.28084).toFixed(2)",
    "description": "lower cloud layer base - ft - setting",
    "length": undefined,
    "mapping": undefined,
    "name": "lowerCloudBaseSetting",
    "permission": "rw",
    "type": 5,
    "value": 3878,
  },
  "lowerCloudCeilingSetting": Offset {
    "category": "weather",
    "convert": "+({VAL} * 3.28084).toFixed(2)",
    "description": "lower cloud layer ceiling - ft - setting",
    "length": undefined,
    "mapping": undefined,
    "name": "lowerCloudCeilingSetting",
    "permission": "rw",
    "type": 5,
    "value": 3876,
  },
  "lowerCloudCoverageSetting": Offset {
    "category": "weather",
    "convert": "Math.round(({VAL} + 1) / 8192)",
    "description": "lower cloud layer coverage - oktas - setting",
    "length": undefined,
    "mapping": undefined,
    "name": "lowerCloudCoverageSetting",
    "permission": "rw",
    "type": 5,
    "value": 3880,
  },
  "lowerCloudIcingSetting": Offset {
    "category": "weather",
    "convert": "!!{VAL}",
    "description": "lower cloud icing - setting",
    "length": undefined,
    "mapping": undefined,
    "name": "lowerCloudIcingSetting",
    "permission": "rw",
    "type": 5,
    "value": 3970,
  },
  "lowerCloudTurbulenceSetting": Offset {
    "category": "weather",
    "convert": undefined,
    "description": "lower cloud turbulence - 0-255 - setting",
    "length": undefined,
    "mapping": undefined,
    "name": "lowerCloudTurbulenceSetting",
    "permission": "rw",
    "type": 5,
    "value": 3972,
  },
  "lowerCloudTypeSetting": Offset {
    "category": "weather",
    "convert": "cloudType",
    "description": "lower cloud type - setting",
    "length": undefined,
    "mapping": true,
    "name": "lowerCloudTypeSetting",
    "permission": "rw",
    "type": 5,
    "value": 3968,
  },
  "lowerCloudVariationSetting": Offset {
    "category": "weather",
    "convert": "+({VAL} * 3.28084).toFixed(2)",
    "description": "lower cloud layer variation - ft - setting",
    "length": undefined,
    "mapping": undefined,
    "name": "lowerCloudVariationSetting",
    "permission": "rw",
    "type": 5,
    "value": 3882,
  },
  "lowerTemperatureLevelSetting": Offset {
    "category": "weather",
    "convert": "+({VAL} * 3.28084).toFixed(2)",
    "description": "lower temperature level - ft - setting",
    "length": undefined,
    "mapping": undefined,
    "name": "lowerTemperatureLevelSetting",
    "permission": "rw",
    "type": 5,
    "value": 3900,
  },
  "lowerTemperatureSetting": Offset {
    "category": "weather",
    "convert": "Math.round({VAL} / 256)",
    "description": "lower temperature - degrees C - setting",
    "length": undefined,
    "mapping": undefined,
    "name": "lowerTemperatureSetting",
    "permission": "rw",
    "type": 2,
    "value": 3902,
  },
  "lowerWindBaseSetting": Offset {
    "category": "weather",
    "convert": "+({VAL} * 3.28084).toFixed(2)",
    "description": "lower wind ceiling - ft - setting",
    "length": undefined,
    "mapping": undefined,
    "name": "lowerWindBaseSetting",
    "permission": "rw",
    "type": 5,
    "value": 3942,
  },
  "lowerWindCeilingSetting": Offset {
    "category": "weather",
    "convert": "+({VAL} * 3.28084).toFixed(2)",
    "description": "lower wind ceiling - ft - setting",
    "length": undefined,
    "mapping": undefined,
    "name": "lowerWindCeilingSetting",
    "permission": "rw",
    "type": 5,
    "value": 3940,
  },
  "lowerWindDirectionSetting": Offset {
    "category": "weather",
    "convert": "+({VAL} * 360 / 65536).toFixed(2)",
    "description": "lower wind ceiling - TRUE degrees - setting",
    "length": undefined,
    "mapping": undefined,
    "name": "lowerWindDirectionSetting",
    "permission": "rw",
    "type": 5,
    "value": 3946,
  },
  "lowerWindGustEnabledSetting": Offset {
    "category": "weather",
    "convert": "!!{VAL}",
    "description": "lower wind gust enabled - setting",
    "length": undefined,
    "mapping": undefined,
    "name": "lowerWindGustEnabledSetting",
    "permission": "rw",
    "type": 2,
    "value": 3950,
  },
  "lowerWindSpeedSetting": Offset {
    "category": "weather",
    "convert": undefined,
    "description": "lower wind ceiling - kt - setting",
    "length": undefined,
    "mapping": undefined,
    "name": "lowerWindSpeedSetting",
    "permission": "rw",
    "type": 5,
    "value": 3944,
  },
  "lowerWindTurbulenceSetting": Offset {
    "category": "weather",
    "convert": undefined,
    "description": "lower wind turbulence - 0-255 - setting",
    "length": undefined,
    "mapping": undefined,
    "name": "lowerWindTurbulenceSetting",
    "permission": "rw",
    "type": 5,
    "value": 3948,
  },
  "middleTemperatureLevelSetting": Offset {
    "category": "weather",
    "convert": "+({VAL} * 3.28084).toFixed(2)",
    "description": "middle temperature level - ft - setting",
    "length": undefined,
    "mapping": undefined,
    "name": "middleTemperatureLevelSetting",
    "permission": "rw",
    "type": 5,
    "value": 3896,
  },
  "middleTemperatureSetting": Offset {
    "category": "weather",
    "convert": "Math.round({VAL} / 256)",
    "description": "middle temperature - degrees C - setting",
    "length": undefined,
    "mapping": undefined,
    "name": "middleTemperatureSetting",
    "permission": "rw",
    "type": 2,
    "value": 3898,
  },
  "middleWindBaseSetting": Offset {
    "category": "weather",
    "convert": "+({VAL} * 3.28084).toFixed(2)",
    "description": "middle wind ceiling - ft - setting",
    "length": undefined,
    "mapping": undefined,
    "name": "middleWindBaseSetting",
    "permission": "rw",
    "type": 5,
    "value": 3930,
  },
  "middleWindCeilingSetting": Offset {
    "category": "weather",
    "convert": "+({VAL} * 3.28084).toFixed(2)",
    "description": "middle wind ceiling - ft - setting",
    "length": undefined,
    "mapping": undefined,
    "name": "middleWindCeilingSetting",
    "permission": "rw",
    "type": 5,
    "value": 3928,
  },
  "middleWindDirectionSetting": Offset {
    "category": "weather",
    "convert": "+({VAL} * 360 / 65536).toFixed(2)",
    "description": "middle wind ceiling - TRUE degrees - setting",
    "length": undefined,
    "mapping": undefined,
    "name": "middleWindDirectionSetting",
    "permission": "rw",
    "type": 5,
    "value": 3934,
  },
  "middleWindGustEnabledSetting": Offset {
    "category": "weather",
    "convert": "!!{VAL}",
    "description": "middle wind gust enabled - setting",
    "length": undefined,
    "mapping": undefined,
    "name": "middleWindGustEnabledSetting",
    "permission": "rw",
    "type": 5,
    "value": 3938,
  },
  "middleWindSpeedSetting": Offset {
    "category": "weather",
    "convert": undefined,
    "description": "middle wind ceiling - kt - setting",
    "length": undefined,
    "mapping": undefined,
    "name": "middleWindSpeedSetting",
    "permission": "rw",
    "type": 5,
    "value": 3932,
  },
  "middleWindTurbulenceSetting": Offset {
    "category": "weather",
    "convert": undefined,
    "description": "middle wind turbulence - 0-255 - setting",
    "length": undefined,
    "mapping": undefined,
    "name": "middleWindTurbulenceSetting",
    "permission": "rw",
    "type": 5,
    "value": 3936,
  },
  "pressureDriftSetting": Offset {
    "category": "weather",
    "convert": "Math.round({VAL} / 16)",
    "description": "pressure drift - mb - setting",
    "length": undefined,
    "mapping": undefined,
    "name": "pressureDriftSetting",
    "permission": "rw",
    "type": 2,
    "value": 3914,
  },
  "pressureQNHSetting": Offset {
    "category": "weather",
    "convert": "Math.round({VAL} / 16)",
    "description": "pressure QNH - mb - setting",
    "length": undefined,
    "mapping": undefined,
    "name": "pressureQNHSetting",
    "permission": "rw",
    "type": 5,
    "value": 3912,
  },
  "stormCloudBaseSetting": Offset {
    "category": "weather",
    "convert": "+({VAL} * 3.28084).toFixed(2)",
    "description": "storm cloud layer base - ft - setting",
    "length": undefined,
    "mapping": undefined,
    "name": "stormCloudBaseSetting",
    "permission": "rw",
    "type": 5,
    "value": 3886,
  },
  "stormCloudCeilingSetting": Offset {
    "category": "weather",
    "convert": "+({VAL} * 3.28084).toFixed(2)",
    "description": "storm cloud layer ceiling - ft - setting",
    "length": undefined,
    "mapping": undefined,
    "name": "stormCloudCeilingSetting",
    "permission": "rw",
    "type": 5,
    "value": 3884,
  },
  "stormCloudCoverageSetting": Offset {
    "category": "weather",
    "convert": "Math.round(({VAL} + 1) / 8192)",
    "description": "storm cloud layer coverage - oktas - setting",
    "length": undefined,
    "mapping": undefined,
    "name": "stormCloudCoverageSetting",
    "permission": "rw",
    "type": 5,
    "value": 3888,
  },
  "stormCloudIcingSetting": Offset {
    "category": "weather",
    "convert": "!!{VAL}",
    "description": "storm cloud icing - setting",
    "length": undefined,
    "mapping": undefined,
    "name": "stormCloudIcingSetting",
    "permission": "rw",
    "type": 5,
    "value": 3976,
  },
  "stormCloudTurbulenceSetting": Offset {
    "category": "weather",
    "convert": undefined,
    "description": "storm cloud turbulence - 0-255 - setting",
    "length": undefined,
    "mapping": undefined,
    "name": "stormCloudTurbulenceSetting",
    "permission": "rw",
    "type": 5,
    "value": 3978,
  },
  "stormCloudTypeSetting": Offset {
    "category": "weather",
    "convert": "cloudType",
    "description": "storm cloud type - setting",
    "length": undefined,
    "mapping": true,
    "name": "stormCloudTypeSetting",
    "permission": "rw",
    "type": 5,
    "value": 3974,
  },
  "stormCloudVariationSetting": Offset {
    "category": "weather",
    "convert": "+({VAL} * 3.28084).toFixed(2)",
    "description": "storm cloud layer variation - ft - setting",
    "length": undefined,
    "mapping": undefined,
    "name": "stormCloudVariationSetting",
    "permission": "rw",
    "type": 5,
    "value": 3890,
  },
  "surfaceTemperatureLevelSetting": Offset {
    "category": "weather",
    "convert": "+({VAL} * 3.28084).toFixed(2)",
    "description": "surface temperature level - ground elevation  - setting- ft",
    "length": undefined,
    "mapping": undefined,
    "name": "surfaceTemperatureLevelSetting",
    "permission": "rw",
    "type": 5,
    "value": 3904,
  },
  "surfaceTemperatureSetting": Offset {
    "category": "weather",
    "convert": "Math.round({VAL} / 256)",
    "description": "surface temperature - degrees C - setting",
    "length": undefined,
    "mapping": undefined,
    "name": "surfaceTemperatureSetting",
    "permission": "rw",
    "type": 2,
    "value": 3906,
  },
  "surfaceWindCeilingSetting": Offset {
    "category": "weather",
    "convert": "+({VAL} * 3.28084).toFixed(2)",
    "description": "surface wind ceiling - ft - setting",
    "length": undefined,
    "mapping": undefined,
    "name": "surfaceWindCeilingSetting",
    "permission": "rw",
    "type": 5,
    "value": 3952,
  },
  "surfaceWindDirectionSetting": Offset {
    "category": "weather",
    "convert": "+({VAL} * 360 / 65536).toFixed(2)",
    "description": "surface wind direction - MAG degrees - settings",
    "length": undefined,
    "mapping": undefined,
    "name": "surfaceWindSpeedSetting",
    "permission": "rw",
    "type": 5,
    "value": 3956,
  },
  "surfaceWindGustEnabledSetting": Offset {
    "category": "weather",
    "convert": "!!{VAL}",
    "description": "surface wind gust enabled - setting",
    "length": undefined,
    "mapping": undefined,
    "name": "surfaceWindGustEnabledSetting",
    "permission": "rw",
    "type": 5,
    "value": 3960,
  },
  "surfaceWindSpeedSetting": Offset {
    "category": "weather",
    "convert": undefined,
    "description": "surface wind speed - kt - settings",
    "length": undefined,
    "mapping": undefined,
    "name": "surfaceWindSpeedSetting",
    "permission": "rw",
    "type": 5,
    "value": 3954,
  },
  "surfaceWindTurbulenceSetting": Offset {
    "category": "weather",
    "convert": undefined,
    "description": "surface wind turbulence - 0-255 - setting",
    "length": undefined,
    "mapping": undefined,
    "name": "surfaceWindTurbulenceSetting",
    "permission": "rw",
    "type": 5,
    "value": 3958,
  },
  "temperatureDayNightVariationSetting": Offset {
    "category": "weather",
    "convert": "Math.round({VAL} / 256)",
    "description": "temperature day night variation - degrees C - setting",
    "length": undefined,
    "mapping": undefined,
    "name": "temperatureDayNightVariationSetting",
    "permission": "rw",
    "type": 2,
    "value": 3910,
  },
  "temperatureDriftSetting": Offset {
    "category": "weather",
    "convert": "Math.round({VAL} / 256)",
    "description": "temperature drift - degrees C - setting",
    "length": undefined,
    "mapping": undefined,
    "name": "temperatureDriftSetting",
    "permission": "rw",
    "type": 2,
    "value": 3908,
  },
  "upperCloudBaseSetting": Offset {
    "category": "weather",
    "convert": "+({VAL} * 3.28084).toFixed(2)",
    "description": "upper cloud layer base - ft - setting",
    "length": undefined,
    "mapping": undefined,
    "name": "upperCloudBaseSetting",
    "permission": "rw",
    "type": 5,
    "value": 3870,
  },
  "upperCloudCeilingSetting": Offset {
    "category": "weather",
    "convert": "+({VAL} * 3.28084).toFixed(2)",
    "description": "upper cloud layer ceiling - ft - setting",
    "length": undefined,
    "mapping": undefined,
    "name": "upperCloudCeilingSetting",
    "permission": "rw",
    "type": 5,
    "value": 3868,
  },
  "upperCloudCoverageSetting": Offset {
    "category": "weather",
    "convert": "Math.round(({VAL} + 1) / 8192)",
    "description": "upper cloud layer coverage - oktas - setting",
    "length": undefined,
    "mapping": undefined,
    "name": "upperCloudCoverageSetting",
    "permission": "rw",
    "type": 5,
    "value": 3872,
  },
  "upperCloudIcingSetting": Offset {
    "category": "weather",
    "convert": "!!{VAL}",
    "description": "upper cloud icing - setting",
    "length": undefined,
    "mapping": undefined,
    "name": "upperCloudIcingSetting",
    "permission": "rw",
    "type": 5,
    "value": 3964,
  },
  "upperCloudTurbulenceSetting": Offset {
    "category": "weather",
    "convert": undefined,
    "description": "upper cloud turbulence - 0-255 - setting",
    "length": undefined,
    "mapping": undefined,
    "name": "upperCloudTurbulenceSetting",
    "permission": "rw",
    "type": 5,
    "value": 3966,
  },
  "upperCloudTypeSetting": Offset {
    "category": "weather",
    "convert": "cloudType",
    "description": "upper cloud type - setting",
    "length": undefined,
    "mapping": true,
    "name": "upperCloudTypeSetting",
    "permission": "rw",
    "type": 5,
    "value": 3962,
  },
  "upperCloudVariationSetting": Offset {
    "category": "weather",
    "convert": "+({VAL} * 3.28084).toFixed(2)",
    "description": "upper cloud layer variation - ft - setting",
    "length": undefined,
    "mapping": undefined,
    "name": "upperCloudVariationSetting",
    "permission": "rw",
    "type": 5,
    "value": 3874,
  },
  "upperTemperatureLevelSetting": Offset {
    "category": "weather",
    "convert": "+({VAL} * 3.28084).toFixed(2)",
    "description": "upper temperature level - ft - setting",
    "length": undefined,
    "mapping": undefined,
    "name": "upperTemperatureLevelSetting",
    "permission": "rw",
    "type": 5,
    "value": 3892,
  },
  "upperTemperatureSetting": Offset {
    "category": "weather",
    "convert": "Math.round({VAL} / 256)",
    "description": "upper temperature - degrees C - setting",
    "length": undefined,
    "mapping": undefined,
    "name": "upperTemperatureSetting",
    "permission": "rw",
    "type": 2,
    "value": 3894,
  },
  "upperWindBaseSetting": Offset {
    "category": "weather",
    "convert": "+({VAL} * 3.28084).toFixed(2)",
    "description": "upper wind ceiling - ft - setting",
    "length": undefined,
    "mapping": undefined,
    "name": "upperWindBaseSetting",
    "permission": "rw",
    "type": 5,
    "value": 3918,
  },
  "upperWindCeilingSetting": Offset {
    "category": "weather",
    "convert": "+({VAL} * 3.28084).toFixed(2)",
    "description": "upper wind ceiling - ft - setting",
    "length": undefined,
    "mapping": undefined,
    "name": "upperWindCeilingSetting",
    "permission": "rw",
    "type": 5,
    "value": 3916,
  },
  "upperWindDirectionSetting": Offset {
    "category": "weather",
    "convert": "+({VAL} * 360 / 65536).toFixed(2)",
    "description": "upper wind ceiling - TRUE degrees - setting",
    "length": undefined,
    "mapping": undefined,
    "name": "upperWindDirectionSetting",
    "permission": "rw",
    "type": 5,
    "value": 3922,
  },
  "upperWindGustEnabledSetting": Offset {
    "category": "weather",
    "convert": "!!{VAL}",
    "description": "upper wind gust enabled - setting",
    "length": undefined,
    "mapping": undefined,
    "name": "upperWindGustEnabledSetting",
    "permission": "rw",
    "type": 5,
    "value": 3926,
  },
  "upperWindSpeedSetting": Offset {
    "category": "weather",
    "convert": undefined,
    "description": "upper wind ceiling - kt - setting",
    "length": undefined,
    "mapping": undefined,
    "name": "upperWindSpeedSetting",
    "permission": "rw",
    "type": 5,
    "value": 3920,
  },
  "upperWindTurbulenceSetting": Offset {
    "category": "weather",
    "convert": undefined,
    "description": "upper wind turbulence - 0-255 - setting",
    "length": undefined,
    "mapping": undefined,
    "name": "upperWindTurbulenceSetting",
    "permission": "rw",
    "type": 5,
    "value": 3924,
  },
  "visibilitySetting": Offset {
    "category": "weather",
    "convert": "{VAL} / 100",
    "description": "visibility setting - sm",
    "length": undefined,
    "mapping": undefined,
    "name": "visibilitySetting",
    "permission": "rw",
    "type": 5,
    "value": 3980,
  },
}
`;
