// Jest Snapshot v1, https://goo.gl/fbAQLP

exports[`offset - plane/APU offsets list should have required properties 1`] = `
Object {
  "APUGeneratorActive": Offset {
    "category": "APU",
    "convert": "!!{VAL}",
    "description": "APU generator active",
    "length": undefined,
    "mapping": undefined,
    "name": "APUGeneratorActive",
    "permission": "r",
    "type": 0,
    "value": 2898,
  },
  "APUGeneratorSwitch": Offset {
    "category": "APU",
    "convert": "!!{VAL}",
    "description": "APU generator switch",
    "length": undefined,
    "mapping": undefined,
    "name": "APUGeneratorSwitch",
    "permission": "rw",
    "type": 0,
    "value": 2897,
  },
  "APUMaxRPM": Offset {
    "category": "APU",
    "convert": "+({VAL}).toFixed(2)",
    "description": "APU generator max RPM percent",
    "length": undefined,
    "mapping": undefined,
    "name": "APUMaxRPM",
    "permission": "r",
    "type": 9,
    "value": 2900,
  },
  "APUOnFire": Offset {
    "category": "APU",
    "convert": "!!{VAL}",
    "description": "APU generator active",
    "length": undefined,
    "mapping": undefined,
    "name": "APUOnFire",
    "permission": "r",
    "type": 0,
    "value": 2899,
  },
  "APUStarter": Offset {
    "category": "APU",
    "convert": "{VAL} ? 1 : 0",
    "description": "APU starter",
    "length": undefined,
    "mapping": undefined,
    "name": "APUStarter",
    "permission": "rw",
    "type": 9,
    "value": 2904,
  },
  "APUVoltage": Offset {
    "category": "APU",
    "convert": "+({VAL}).toFixed(2)",
    "description": "APU generator voltage",
    "length": undefined,
    "mapping": undefined,
    "name": "APUVoltage",
    "permission": "rw",
    "type": 9,
    "value": 2908,
  },
}
`;
