// Jest Snapshot v1, https://goo.gl/fbAQLP

exports[`offset - plane/radios/adf1 offsets list should have required properties 1`] = `
Object {
  "adf1Altitude": Offset {
    "category": "radios",
    "convert": "+({VAL} * 3.28084).toFixed(2)",
    "description": "adf1 altitude - ft",
    "length": undefined,
    "mapping": undefined,
    "name": "adf1Altitude",
    "permission": "r",
    "type": 3,
    "value": 4396,
  },
  "adf1BearingToNDB": Offset {
    "category": "radios",
    "convert": "Math.round({VAL} * 360 / 65536)",
    "description": "ADF1 relative bearing to NDB - degrees - -ve left, +ve right",
    "length": undefined,
    "mapping": undefined,
    "name": "adf1BearingToNDB",
    "permission": "r",
    "type": 2,
    "value": 3178,
  },
  "adf1DialBearing": Offset {
    "category": "radios",
    "convert": undefined,
    "description": "ADF1 dial bearing - degrees",
    "length": undefined,
    "mapping": undefined,
    "name": "adf1DialBearing",
    "permission": "rw",
    "type": 5,
    "value": 3180,
  },
  "adf1Latitude": Offset {
    "category": "radios",
    "convert": "{VAL} * 90 / 10001750",
    "description": "adf1 latitude",
    "length": undefined,
    "mapping": undefined,
    "name": "adf1Latitude",
    "permission": "r",
    "type": 3,
    "value": 4388,
  },
  "adf1Longitude": Offset {
    "category": "radios",
    "convert": "{VAL} * 360 / (65536 * 65536)",
    "description": "adf1 longitude",
    "length": undefined,
    "mapping": undefined,
    "name": "adf1Longitude",
    "permission": "r",
    "type": 3,
    "value": 4392,
  },
  "adf1SignalStrength": Offset {
    "category": "radios",
    "convert": undefined,
    "description": "ADF1 signal strength",
    "length": undefined,
    "mapping": undefined,
    "name": "adf1SignalStrength",
    "permission": "r",
    "type": 6,
    "value": 3100,
  },
  "adfFreq": Offset {
    "category": "radios",
    "convert": "+({VAL}).toString(16)",
    "description": "ADF frequency show as Binary Coded Decimal. The thousands digit and the fractional parts are provided in adfFreqExtended",
    "length": undefined,
    "mapping": undefined,
    "name": "adfFreq",
    "permission": "rw",
    "type": 5,
    "value": 844,
  },
  "adfFreqExtended": Offset {
    "category": "radios",
    "convert": undefined,
    "description": "ADF frequency extended",
    "length": undefined,
    "mapping": undefined,
    "name": "adfFreqExtended",
    "permission": "rw",
    "type": 5,
    "value": 854,
  },
}
`;
