// Jest Snapshot v1, https://goo.gl/fbAQLP

exports[`offset - plane/radios/hsi offsets list should have required properties 1`] = `
Object {
  "HSIBearing": Offset {
    "category": "radios",
    "convert": undefined,
    "description": "HSI bearing - degrees",
    "length": undefined,
    "mapping": undefined,
    "name": "HSIBearing",
    "permission": "r",
    "type": 5,
    "value": 12200,
  },
  "HSIBearingValid": Offset {
    "category": "radios",
    "convert": "!!{VAL}",
    "description": "HSI Bearing valid flag",
    "length": undefined,
    "mapping": undefined,
    "name": "HSIBearingValid",
    "permission": "r",
    "type": 0,
    "value": 12204,
  },
  "HSICDINeedlePosition": Offset {
    "category": "radios",
    "convert": "Math.round({VAL} * 100 / 127)",
    "description": "HSI CDI needle position - percent - 10 for VOR - 2.5 for LOC",
    "length": undefined,
    "mapping": undefined,
    "name": "HSICDINeedlePosition",
    "permission": "r",
    "type": 8,
    "value": 12168,
  },
  "HSICDIValid": Offset {
    "category": "radios",
    "convert": "!!{VAL}",
    "description": "HSI CDI valid flag",
    "length": undefined,
    "mapping": undefined,
    "name": "HSICDIValid",
    "permission": "r",
    "type": 0,
    "value": 12202,
  },
  "HSIDistance": Offset {
    "category": "radios",
    "convert": undefined,
    "description": "HSI distance - meters",
    "length": undefined,
    "mapping": undefined,
    "name": "HSIDistance",
    "permission": "r",
    "type": 8,
    "value": 12192,
  },
  "HSIGSINeedlePosition": Offset {
    "category": "radios",
    "convert": "Math.round({VAL} * 100 / 119)",
    "description": "HSI GSI needle position - percent - represents range from -0.7 to 0.7",
    "length": undefined,
    "mapping": undefined,
    "name": "HSIGSINeedlePosition",
    "permission": "r",
    "type": 8,
    "value": 12176,
  },
  "HSIGSIValid": Offset {
    "category": "radios",
    "convert": "!!{VAL}",
    "description": "HSI GSI valid flag",
    "length": undefined,
    "mapping": undefined,
    "name": "HSIGSIValid",
    "permission": "r",
    "type": 0,
    "value": 12203,
  },
  "HSIHasLocaliser": Offset {
    "category": "radios",
    "convert": "!!{VAL}",
    "description": "HSI has localiser flag",
    "length": undefined,
    "mapping": undefined,
    "name": "HSIHasLocaliser",
    "permission": "r",
    "type": 0,
    "value": 12206,
  },
  "HSIIdent": Offset {
    "category": "radios",
    "convert": undefined,
    "description": "HSI ident string",
    "length": 6,
    "mapping": undefined,
    "name": "HSIIdent",
    "permission": "r",
    "type": 11,
    "value": 12208,
  },
  "HSISpeed": Offset {
    "category": "radios",
    "convert": "Math.round({VAL} * 1.94384)",
    "description": "HSI speed",
    "length": undefined,
    "mapping": undefined,
    "name": "HSISpeed",
    "permission": "r",
    "type": 8,
    "value": 12184,
  },
  "HSIToFrom": Offset {
    "category": "radios",
    "convert": "vorToFrom",
    "description": "HSI To/From flag",
    "length": undefined,
    "mapping": true,
    "name": "HSIToFrom",
    "permission": "r",
    "type": 0,
    "value": 12205,
  },
}
`;
