// Jest Snapshot v1, https://goo.gl/fbAQLP

exports[`offset - plane/radios/ils offsets list should have required properties 1`] = `
Object {
  "innerMarkerAltitude": Offset {
    "category": "radios",
    "convert": "+({VAL} * 3.28084).toFixed(2)",
    "description": "inner marker altitude - ft",
    "length": undefined,
    "mapping": undefined,
    "name": "innerMarkerAltitude",
    "permission": "r",
    "type": 3,
    "value": 4360,
  },
  "innerMarkerLatitude": Offset {
    "category": "radios",
    "convert": "{VAL} * 90 / 10001750",
    "description": "inner marker latitude",
    "length": undefined,
    "mapping": undefined,
    "name": "innerMarkerLatitude",
    "permission": "r",
    "type": 3,
    "value": 4352,
  },
  "innerMarkerLongitude": Offset {
    "category": "radios",
    "convert": "{VAL} * 360 / (65536 * 65536)",
    "description": "inner marker longitude",
    "length": undefined,
    "mapping": undefined,
    "name": "innerMarkerLongitude",
    "permission": "r",
    "type": 3,
    "value": 4356,
  },
  "middleMarkerAltitude": Offset {
    "category": "radios",
    "convert": "+({VAL} * 3.28084).toFixed(2)",
    "description": "middle marker altitude - ft",
    "length": undefined,
    "mapping": undefined,
    "name": "middleMarkerAltitude",
    "permission": "r",
    "type": 3,
    "value": 4372,
  },
  "middleMarkerLatitude": Offset {
    "category": "radios",
    "convert": "{VAL} * 90 / 10001750",
    "description": "middle marker latitude",
    "length": undefined,
    "mapping": undefined,
    "name": "middleMarkerLatitude",
    "permission": "r",
    "type": 3,
    "value": 4364,
  },
  "middleMarkerLongitude": Offset {
    "category": "radios",
    "convert": "{VAL} * 360 / (65536 * 65536)",
    "description": "middle marker longitude",
    "length": undefined,
    "mapping": undefined,
    "name": "middleMarkerLongitude",
    "permission": "r",
    "type": 3,
    "value": 4368,
  },
  "outerMarkerAltitude": Offset {
    "category": "radios",
    "convert": "+({VAL} * 3.28084).toFixed(2)",
    "description": "outer marker altitude - ft",
    "length": undefined,
    "mapping": undefined,
    "name": "outerMarkerAltitude",
    "permission": "r",
    "type": 3,
    "value": 4384,
  },
  "outerMarkerLatitude": Offset {
    "category": "radios",
    "convert": "{VAL} * 90 / 10001750",
    "description": "outer marker latitude",
    "length": undefined,
    "mapping": undefined,
    "name": "outerMarkerLatitude",
    "permission": "r",
    "type": 3,
    "value": 4376,
  },
  "outerMarkerLongitude": Offset {
    "category": "radios",
    "convert": "{VAL} * 360 / (65536 * 65536)",
    "description": "outer marker longitude",
    "length": undefined,
    "mapping": undefined,
    "name": "outerMarkerLongitude",
    "permission": "r",
    "type": 3,
    "value": 4380,
  },
}
`;
