// Jest Snapshot v1, https://goo.gl/fbAQLP

exports[`offset - plane/radios/nav1 offsets list should have required properties 1`] = `
Object {
  "dme1Distance": Offset {
    "category": "radios",
    "convert": "+{VAL}",
    "description": "DME1 distance - nm",
    "length": 5,
    "mapping": undefined,
    "name": "dme1Distance",
    "permission": "r",
    "type": 11,
    "value": 3113,
  },
  "dme1Speed": Offset {
    "category": "radios",
    "convert": "+{VAL}",
    "description": "DME1 speed - kt",
    "length": 5,
    "mapping": undefined,
    "name": "dme1Speed",
    "permission": "r",
    "type": 11,
    "value": 3118,
  },
  "hasNav1": Offset {
    "category": "radios",
    "convert": "!!{VAL}",
    "description": "has NAV1",
    "length": undefined,
    "mapping": undefined,
    "name": "hasNav1",
    "permission": "rw",
    "type": 6,
    "value": 1952,
  },
  "nav1BackCourseFlags": Offset {
    "category": "radios",
    "convert": "navBackCourseFlags",
    "description": "NAV1 glideslope flags",
    "length": 8,
    "mapping": true,
    "name": "nav1BackCourseFlags",
    "permission": "r",
    "type": 10,
    "value": 3146,
  },
  "nav1BearingToVOR": Offset {
    "category": "radios",
    "convert": undefined,
    "description": "NAV1 relative bearing to VOR - degrees",
    "length": undefined,
    "mapping": undefined,
    "name": "nav1BearingToVOR",
    "permission": "r",
    "type": 5,
    "value": 3158,
  },
  "nav1Capabilities": Offset {
    "category": "radios",
    "convert": "navCapabilities",
    "description": "NAV1 capabilities",
    "length": 8,
    "mapping": true,
    "name": "nav1Capabilities",
    "permission": "r",
    "type": 10,
    "value": 3149,
  },
  "nav1Freq": Offset {
    "category": "radios",
    "convert": "parseInt(\`1\` + ({VAL}).toString(16))",
    "description": "NAV1 frequency",
    "length": undefined,
    "mapping": undefined,
    "name": "nav1Freq",
    "permission": "rw",
    "type": 5,
    "value": 848,
  },
  "nav1GlideslopeActive": Offset {
    "category": "radios",
    "convert": "!!{VAL}",
    "description": "NAV1 glideslope flag",
    "length": undefined,
    "mapping": undefined,
    "name": "nav1GlideslopeActive",
    "permission": "r",
    "type": 0,
    "value": 3148,
  },
  "nav1GlideslopeNeedlePosition": Offset {
    "category": "radios",
    "convert": "Math.round({VAL} / 127 * 100)",
    "description": "NAV1 glideslope needle position - percent - -ve up +ve down",
    "length": undefined,
    "mapping": undefined,
    "name": "nav1GlideslopeNeedlePosition",
    "permission": "r",
    "type": 1,
    "value": 3145,
  },
  "nav1LocNeedlePosition": Offset {
    "category": "radios",
    "convert": "Math.round({VAL} / 127 * 100)",
    "description": "NAV1 loc needle position - percent - -ve left +ve right",
    "length": undefined,
    "mapping": undefined,
    "name": "nav1LocNeedlePosition",
    "permission": "r",
    "type": 1,
    "value": 3144,
  },
  "nav1MagVar": Offset {
    "category": "radios",
    "convert": "Math.round({VAL} * 360 / 65536)",
    "description": "NAV1 mag var",
    "length": undefined,
    "mapping": undefined,
    "name": "nav1MagVar",
    "permission": "r",
    "type": 2,
    "value": 3136,
  },
  "nav1Obs": Offset {
    "category": "radios",
    "convert": undefined,
    "description": "NAV1 obs setting - degrees",
    "length": undefined,
    "mapping": undefined,
    "name": "nav1Obs",
    "permission": "rw",
    "type": 2,
    "value": 3150,
  },
  "nav1Radial": Offset {
    "category": "radios",
    "convert": "Math.round({VAL} * 360 / 65536)",
    "description": "NAV1 radial - degrees - MAG for VOR, TRUE for ILS LOC",
    "length": undefined,
    "mapping": undefined,
    "name": "nav1Radial",
    "permission": "r",
    "type": 5,
    "value": 3152,
  },
  "nav1SignalStrength": Offset {
    "category": "radios",
    "convert": undefined,
    "description": "NAV1 signal strength",
    "length": undefined,
    "mapping": undefined,
    "name": "nav1SignalStrength",
    "permission": "r",
    "type": 6,
    "value": 3154,
  },
  "nav1ToFrom": Offset {
    "category": "radios",
    "convert": "vorToFrom",
    "description": "NAV1 TO/FROM flag - values: off/to/from",
    "length": undefined,
    "mapping": true,
    "name": "nav1ToFrom",
    "permission": "r",
    "type": 0,
    "value": 3147,
  },
  "vor1DMEDistance": Offset {
    "category": "radios",
    "convert": "{VAL} / 10",
    "description": "VOR1 DME distance - nm",
    "length": undefined,
    "mapping": undefined,
    "name": "vor1DMEDistance",
    "permission": "r",
    "type": 5,
    "value": 768,
  },
  "vor1DMESpeed": Offset {
    "category": "radios",
    "convert": "{VAL} / 10",
    "description": "VOR1 DME speed - kt",
    "length": undefined,
    "mapping": undefined,
    "name": "vor1DMESpeed",
    "permission": "r",
    "type": 5,
    "value": 770,
  },
  "vor1DMETimeToStation": Offset {
    "category": "radios",
    "convert": "{VAL} / 10",
    "description": "VOR1 DME time to station - sec",
    "length": undefined,
    "mapping": undefined,
    "name": "vor1DMETimeToStation",
    "permission": "r",
    "type": 5,
    "value": 772,
  },
  "vor1DmeElevation": Offset {
    "category": "radios",
    "convert": "+({VAL} * 3.28084).toFixed(2)",
    "description": "VOR 1 DME elevation - ft - FS2002+",
    "length": undefined,
    "mapping": undefined,
    "name": "vor1DmeElevation",
    "permission": "r",
    "type": 3,
    "value": 2186,
  },
  "vor1DmeLatitude": Offset {
    "category": "radios",
    "convert": "{VAL} * 90 / 10001750",
    "description": "VOR 1 DME latitude - FS2002+",
    "length": undefined,
    "mapping": undefined,
    "name": "vor1DmeLatitude",
    "permission": "r",
    "type": 3,
    "value": 2176,
  },
  "vor1DmeLongitude": Offset {
    "category": "radios",
    "convert": "{VAL} * 360 / (65536 * 65536)",
    "description": "VOR 1 DME longitude - FS2002+",
    "length": undefined,
    "mapping": undefined,
    "name": "vor1DmeLongitude",
    "permission": "r",
    "type": 3,
    "value": 2180,
  },
  "vor1GlideSlopeAngle": Offset {
    "category": "radios",
    "convert": "+({VAL} * 360 / 65536).toFixed(2)",
    "description": "VOR 1 ILS glideslope Angle",
    "length": undefined,
    "mapping": undefined,
    "name": "vor1GlideSlopeAngle",
    "permission": "r",
    "type": 2,
    "value": 2162,
  },
  "vor1ILSLocHeadingTrue": Offset {
    "category": "radios",
    "convert": "+({VAL} * 360 / 65536).toFixed(2)",
    "description": "VOR 1 ILS LOC heading - TRUE - -180 different to aircraft direction to follow localiser",
    "length": undefined,
    "mapping": undefined,
    "name": "vor1LocHeadingTrue",
    "permission": "r",
    "type": 5,
    "value": 2160,
  },
  "vor1LocElevation": Offset {
    "category": "radios",
    "convert": "+({VAL} * 3.28084).toFixed(2)",
    "description": "VOR 1 or NAV1 ILS LOC elevation - meters - FS2002+",
    "length": undefined,
    "mapping": undefined,
    "name": "vor1LocElevation",
    "permission": "r",
    "type": 3,
    "value": 2172,
  },
  "vor1LocLatitude": Offset {
    "category": "radios",
    "convert": "{VAL} * 90 / 10001750",
    "description": "VOR 1 or NAV1 ILS LOC latitude - FS2002+",
    "length": undefined,
    "mapping": undefined,
    "name": "vor1LocLatitude",
    "permission": "r",
    "type": 3,
    "value": 2164,
  },
  "vor1LocLongitude": Offset {
    "category": "radios",
    "convert": "{VAL} * 360 / (65536 * 65536)",
    "description": "VOR 1 or NAV1 ILS LOC longitude - FS2002+",
    "length": undefined,
    "mapping": undefined,
    "name": "vor1LocLongitude",
    "permission": "r",
    "type": 3,
    "value": 2168,
  },
  "vor1OrILSGlideSlopeElevation": Offset {
    "category": "radios",
    "convert": "+({VAL} * 3.28084).toFixed(2)",
    "description": "VOR 1 or NAV1 ILS glideslope elevation - meters - FS2002+",
    "length": undefined,
    "mapping": undefined,
    "name": "vor1OrILSGlideSlopeElevation",
    "permission": "r",
    "type": 3,
    "value": 2156,
  },
  "vor1OrILSGlideSlopeLatitude": Offset {
    "category": "radios",
    "convert": "{VAL} * 90 / 10001750",
    "description": "VOR 1 latitude OR NAV1 ILS glideslope latitude",
    "length": undefined,
    "mapping": undefined,
    "name": "vor1OrILSGlideSlopeLatitude",
    "permission": "r",
    "type": 3,
    "value": 2140,
  },
  "vor1OrILSGlideSlopeLongitude": Offset {
    "category": "radios",
    "convert": "{VAL} * 360 / (65536 * 65536)",
    "description": "VOR 1 or NAV 1 ILS glideslope longitude",
    "length": undefined,
    "mapping": undefined,
    "name": "vor1OrILSGlideSlopeLongitude",
    "permission": "r",
    "type": 3,
    "value": 2148,
  },
}
`;
