// Jest Snapshot v1, https://goo.gl/fbAQLP

exports[`offset - plane/radios/nav2 offsets list should have required properties 1`] = `
Object {
  "dme2Distance": Offset {
    "category": "radios",
    "convert": "+{VAL}",
    "description": "DME2 distance - nm",
    "length": 5,
    "mapping": undefined,
    "name": "dme2Distance",
    "permission": "r",
    "type": 11,
    "value": 3123,
  },
  "dme2Speed": Offset {
    "category": "radios",
    "convert": "+{VAL}",
    "description": "DME2 speed - kt",
    "length": 5,
    "mapping": undefined,
    "name": "dme2Speed",
    "permission": "r",
    "type": 11,
    "value": 3128,
  },
  "hasNav2": Offset {
    "category": "radios",
    "convert": "!!{VAL}",
    "description": "has NAV2",
    "length": undefined,
    "mapping": undefined,
    "name": "hasNav2",
    "permission": "r",
    "type": 6,
    "value": 1956,
  },
  "nav2BackCourseFlags": Offset {
    "category": "radios",
    "convert": "navBackCourseFlags",
    "description": "NAV2 glideslope flags",
    "length": 8,
    "mapping": true,
    "name": "nav2BackCourseFlags",
    "permission": "r",
    "type": 10,
    "value": 3162,
  },
  "nav2BearingToVOR": Offset {
    "category": "radios",
    "convert": undefined,
    "description": "NAV2 relative bearing to VOR - degrees",
    "length": undefined,
    "mapping": undefined,
    "name": "nav2BearingToVOR",
    "permission": "r",
    "type": 5,
    "value": 3164,
  },
  "nav2Capabilities": Offset {
    "category": "radios",
    "convert": "navCapabilities",
    "description": "NAV2 capabilities",
    "length": 8,
    "mapping": true,
    "name": "nav2Capabilities",
    "permission": "r",
    "type": 10,
    "value": 3184,
  },
  "nav2Freq": Offset {
    "category": "radios",
    "convert": "parseInt(\`1\` + ({VAL}).toString(16))",
    "description": "NAV2 frequency",
    "length": undefined,
    "mapping": undefined,
    "name": "nav2Freq",
    "permission": "rw",
    "type": 5,
    "value": 850,
  },
  "nav2GlideslopeActive": Offset {
    "category": "radios",
    "convert": "!!{VAL}",
    "description": "NAV2 glideslope flag",
    "length": undefined,
    "mapping": undefined,
    "name": "nav2GlideslopeActive",
    "permission": "r",
    "type": 0,
    "value": 3183,
  },
  "nav2GlideslopeNeedlePosition": Offset {
    "category": "radios",
    "convert": "Math.round({VAL} / 127 * 100)",
    "description": "NAV2 glideslope needle position - percent - -ve up +ve down",
    "length": undefined,
    "mapping": undefined,
    "name": "nav2GlideslopeNeedlePosition",
    "permission": "r",
    "type": 1,
    "value": 3182,
  },
  "nav2LocNeedlePosition": Offset {
    "category": "radios",
    "convert": "Math.round({VAL} / 127 * 100)",
    "description": "NAV2 loc needle position - percent - -ve left +ve right",
    "length": undefined,
    "mapping": undefined,
    "name": "nav2LocNeedlePosition",
    "permission": "r",
    "type": 1,
    "value": 3161,
  },
  "nav2MagVar": Offset {
    "category": "radios",
    "convert": "Math.round({VAL} * 360 / 65536)",
    "description": "NAV2 mag var",
    "length": undefined,
    "mapping": undefined,
    "name": "nav2MagVar",
    "permission": "r",
    "type": 2,
    "value": 3138,
  },
  "nav2Obs": Offset {
    "category": "radios",
    "convert": undefined,
    "description": "NAV2 obs setting - degrees",
    "length": undefined,
    "mapping": undefined,
    "name": "nav2Obs",
    "permission": "rw",
    "type": 2,
    "value": 3166,
  },
  "nav2Radial": Offset {
    "category": "radios",
    "convert": "Math.round({VAL} * 360 / 65536)",
    "description": "NAV2 radial - degrees - MAG for VOR, TRUE for ILS LOC",
    "length": undefined,
    "mapping": undefined,
    "name": "nav2Radial",
    "permission": "r",
    "type": 5,
    "value": 3168,
  },
  "nav2SignalStrength": Offset {
    "category": "radios",
    "convert": undefined,
    "description": "NAV2 signal strength",
    "length": undefined,
    "mapping": undefined,
    "name": "nav2SignalStrength",
    "permission": "r",
    "type": 6,
    "value": 3170,
  },
  "nav2ToFrom": Offset {
    "category": "radios",
    "convert": "vorToFrom",
    "description": "NAV2 TO/FROM flag - values: off/to/from",
    "length": undefined,
    "mapping": true,
    "name": "nav2ToFrom",
    "permission": "r",
    "type": 0,
    "value": 3163,
  },
  "vor2DMEDistance": Offset {
    "category": "radios",
    "convert": "{VAL} / 10",
    "description": "VOR2 DME distance - nm",
    "length": undefined,
    "mapping": undefined,
    "name": "vor2DMEDistance",
    "permission": "r",
    "type": 5,
    "value": 774,
  },
  "vor2DMESpeed": Offset {
    "category": "radios",
    "convert": "{VAL} / 10",
    "description": "VOR2 DME speed - kt",
    "length": undefined,
    "mapping": undefined,
    "name": "vor2DMESpeed",
    "permission": "r",
    "type": 5,
    "value": 776,
  },
  "vor2DMETimeToStation": Offset {
    "category": "radios",
    "convert": "{VAL} / 10",
    "description": "VOR2 DME time to station - sec",
    "length": undefined,
    "mapping": undefined,
    "name": "vor2DMETimeToStation",
    "permission": "r",
    "type": 5,
    "value": 778,
  },
  "vor2DmeElevation": Offset {
    "category": "radios",
    "convert": "+({VAL} * 3.28084).toFixed(2)",
    "description": "VOR 2 DME elevation - meters - FS2002+",
    "length": undefined,
    "mapping": undefined,
    "name": "vor2DmeElevation",
    "permission": "r",
    "type": 3,
    "value": 2108,
  },
  "vor2DmeLatitude": Offset {
    "category": "radios",
    "convert": "{VAL} * 90 / 10001750",
    "description": "VOR 2 DME latitude - FS2002+",
    "length": undefined,
    "mapping": undefined,
    "name": "vor2DmeLatitude",
    "permission": "r",
    "type": 3,
    "value": 2100,
  },
  "vor2DmeLongitude": Offset {
    "category": "radios",
    "convert": "{VAL} * 360 / (65536 * 65536)",
    "description": "VOR 2 DME longitude - FS2002+",
    "length": undefined,
    "mapping": undefined,
    "name": "vor2DmeLongitude",
    "permission": "r",
    "type": 3,
    "value": 2104,
  },
  "vor2ILSGlideSlopeAngle": Offset {
    "category": "radios",
    "convert": "+({VAL} * 360 / 65536).toFixed(2)",
    "description": "VOR 2 ILS GlideSlope Angle",
    "length": undefined,
    "mapping": undefined,
    "name": "vor2ILSGlideSlopeAngle",
    "permission": "r",
    "type": 2,
    "value": 2118,
  },
  "vor2ILSLocHeadingTrue": Offset {
    "category": "radios",
    "convert": "+({VAL} * 360 / 65536).toFixed(2)",
    "description": "NAV2 ILS Localiser inverse runway heading if VOR 2 is ILS - TRUE - FS2002+ - 180 different to aircraft direction to follow localiser",
    "length": undefined,
    "mapping": undefined,
    "name": "vor2ILSLocHeadingTrue",
    "permission": "r",
    "type": 5,
    "value": 2116,
  },
  "vor2LocElevation": Offset {
    "category": "radios",
    "convert": "+({VAL} * 3.28084).toFixed(2)",
    "description": "VOR 2 or NAV2 ILS LOC elevation - meters - FS2002+",
    "length": undefined,
    "mapping": undefined,
    "name": "vor2LocElevation",
    "permission": "r",
    "type": 3,
    "value": 2132,
  },
  "vor2LocLatitude": Offset {
    "category": "radios",
    "convert": "{VAL} * 90 / 10001750",
    "description": "VOR 2 or NAV2 ILS LOC latitude - FS2002+",
    "length": undefined,
    "mapping": undefined,
    "name": "vor2LocLatitude",
    "permission": "r",
    "type": 3,
    "value": 2124,
  },
  "vor2LocLongitude": Offset {
    "category": "radios",
    "convert": "{VAL} * 360 / (65536 * 65536)",
    "description": "VOR 2 or NAV2 ILS LOC longitude - FS2002+",
    "length": undefined,
    "mapping": undefined,
    "name": "vor2LocLongitude",
    "permission": "r",
    "type": 3,
    "value": 2128,
  },
  "vor2OrILSGlideSlopeElevation": Offset {
    "category": "radios",
    "convert": "+({VAL} * 3.28084).toFixed(2)",
    "description": "VOR 2 or NAV2 ILS glideslope elevation - meters - FS2002+",
    "length": undefined,
    "mapping": undefined,
    "name": "vor2OrILSGlideSlopeElevation",
    "permission": "r",
    "type": 3,
    "value": 2152,
  },
  "vor2OrILSGlideSlopeLatitude": Offset {
    "category": "radios",
    "convert": "{VAL} * 90 / 10001750",
    "description": "VOR 2 latitude or NAV2 ILS glideslope latitude - FS2002+",
    "length": undefined,
    "mapping": undefined,
    "name": "vor2OrILSGlideSlopeLatitude",
    "permission": "r",
    "type": 3,
    "value": 2136,
  },
  "vor2OrILSGlideSlopeLongitude": Offset {
    "category": "radios",
    "convert": "{VAL} * 360 / (65536 * 65536)",
    "description": "VOR 2 or NAV 2 ILS glideslope longitude - FS2002+",
    "length": undefined,
    "mapping": undefined,
    "name": "vor2OrILSGlideSlopeLongitude",
    "permission": "r",
    "type": 3,
    "value": 2144,
  },
}
`;
