// Jest Snapshot v1, https://goo.gl/fbAQLP

exports[`mappings list should import all mappings 1`] = `
Object {
  "appliedBrakes": [Function],
  "cloudType": [Function],
  "engineType": [Function],
  "ftsecToKt": [Function],
  "fuelTank": [Function],
  "ktToFtsec": [Function],
  "lightsMapping": [Function],
  "navBackCourseFlags": [Function],
  "navCapabilities": [Function],
  "nearestAirportsIds": [Function],
  "precipitationType": [Function],
  "runwaySurfaceCondition": [Function],
  "seasons": [Function],
  "spoilersControl": [Function],
  "vorToFrom": [Function],
}
`;
